문서 로드 완료: /Users/tsjang/rhwp/output/review-planet6897-6125-6153-6155-20260827/source/issue5700-original.hwp (156페이지)
  → /Users/tsjang/rhwp/output/review-planet6897-6125-6153-6155-20260827/visual-sweep/issue5700-original-p139/issue5700-original-p139/svg/issue5700-original_001.svg
  → /Users/tsjang/rhwp/output/review-planet6897-6125-6153-6155-20260827/visual-sweep/issue5700-original-p139/issue5700-original-p139/svg/issue5700-original_002.svg
  → /Users/tsjang/rhwp/output/review-planet6897-6125-6153-6155-20260827/visual-sweep/issue5700-original-p139/issue5700-original-p139/svg/issue5700-original_003.svg
  → /Users/tsjang/rhwp/output/review-planet6897-6125-6153-6155-20260827/visual-sweep/issue5700-original-p139/issue5700-original-p139/svg/issue5700-original_004.svg
  → /Users/tsjang/rhwp/output/review-planet6897-6125-6153-6155-20260827/visual-sweep/issue5700-original-p139/issue5700-original-p139/svg/issue5700-original_005.svg
  → /Users/tsjang/rhwp/output/review-planet6897-6125-6153-6155-20260827/visual-sweep/issue5700-original-p139/issue5700-original-p139/svg/issue5700-original_006.svg
  → /Users/tsjang/rhwp/output/review-planet6897-6125-6153-6155-20260827/visual-sweep/issue5700-original-p139/issue5700-original-p139/svg/issue5700-original_007.svg
  → /Users/tsjang/rhwp/output/review-planet6897-6125-6153-6155-20260827/visual-sweep/issue5700-original-p139/issue5700-original-p139/svg/issue5700-original_008.svg
  → /Users/tsjang/rhwp/output/review-planet6897-6125-6153-6155-20260827/visual-sweep/issue5700-original-p139/issue5700-original-p139/svg/issue5700-original_009.svg
  → /Users/tsjang/rhwp/output/review-planet6897-6125-6153-6155-20260827/visual-sweep/issue5700-original-p139/issue5700-original-p139/svg/issue5700-original_010.svg
  → /Users/tsjang/rhwp/output/review-planet6897-6125-6153-6155-20260827/visual-sweep/issue5700-original-p139/issue5700-original-p139/svg/issue5700-original_011.svg
  → /Users/tsjang/rhwp/output/review-planet6897-6125-6153-6155-20260827/visual-sweep/issue5700-original-p139/issue5700-original-p139/svg/issue5700-original_012.svg
  → /Users/tsjang/rhwp/output/review-planet6897-6125-6153-6155-20260827/visual-sweep/issue5700-original-p139/issue5700-original-p139/svg/issue5700-original_013.svg
  → /Users/tsjang/rhwp/output/review-planet6897-6125-6153-6155-20260827/visual-sweep/issue5700-original-p139/issue5700-original-p139/svg/issue5700-original_014.svg
  → /Users/tsjang/rhwp/output/review-planet6897-6125-6153-6155-20260827/visual-sweep/issue5700-original-p139/issue5700-original-p139/svg/issue5700-original_015.svg
  → /Users/tsjang/rhwp/output/review-planet6897-6125-6153-6155-20260827/visual-sweep/issue5700-original-p139/issue5700-original-p139/svg/issue5700-original_016.svg
  → /Users/tsjang/rhwp/output/review-planet6897-6125-6153-6155-20260827/visual-sweep/issue5700-original-p139/issue5700-original-p139/svg/issue5700-original_017.svg
  → /Users/tsjang/rhwp/output/review-planet6897-6125-6153-6155-20260827/visual-sweep/issue5700-original-p139/issue5700-original-p139/svg/issue5700-original_018.svg
  → /Users/tsjang/rhwp/output/review-planet6897-6125-6153-6155-20260827/visual-sweep/issue5700-original-p139/issue5700-original-p139/svg/issue5700-original_019.svg
  → /Users/tsjang/rhwp/output/review-planet6897-6125-6153-6155-20260827/visual-sweep/issue5700-original-p139/issue5700-original-p139/svg/issue5700-original_020.svg
  → /Users/tsjang/rhwp/output/review-planet6897-6125-6153-6155-20260827/visual-sweep/issue5700-original-p139/issue5700-original-p139/svg/issue5700-original_021.svg
  → /Users/tsjang/rhwp/output/review-planet6897-6125-6153-6155-20260827/visual-sweep/issue5700-original-p139/issue5700-original-p139/svg/issue5700-original_022.svg
  → /Users/tsjang/rhwp/output/review-planet6897-6125-6153-6155-20260827/visual-sweep/issue5700-original-p139/issue5700-original-p139/svg/issue5700-original_023.svg
  → /Users/tsjang/rhwp/output/review-planet6897-6125-6153-6155-20260827/visual-sweep/issue5700-original-p139/issue5700-original-p139/svg/issue5700-original_024.svg
  → /Users/tsjang/rhwp/output/review-planet6897-6125-6153-6155-20260827/visual-sweep/issue5700-original-p139/issue5700-original-p139/svg/issue5700-original_025.svg
  → /Users/tsjang/rhwp/output/review-planet6897-6125-6153-6155-20260827/visual-sweep/issue5700-original-p139/issue5700-original-p139/svg/issue5700-original_026.svg
  → /Users/tsjang/rhwp/output/review-planet6897-6125-6153-6155-20260827/visual-sweep/issue5700-original-p139/issue5700-original-p139/svg/issue5700-original_027.svg
  → /Users/tsjang/rhwp/output/review-planet6897-6125-6153-6155-20260827/visual-sweep/issue5700-original-p139/issue5700-original-p139/svg/issue5700-original_028.svg
  → /Users/tsjang/rhwp/output/review-planet6897-6125-6153-6155-20260827/visual-sweep/issue5700-original-p139/issue5700-original-p139/svg/issue5700-original_029.svg
  → /Users/tsjang/rhwp/output/review-planet6897-6125-6153-6155-20260827/visual-sweep/issue5700-original-p139/issue5700-original-p139/svg/issue5700-original_030.svg
  → /Users/tsjang/rhwp/output/review-planet6897-6125-6153-6155-20260827/visual-sweep/issue5700-original-p139/issue5700-original-p139/svg/issue5700-original_031.svg
  → /Users/tsjang/rhwp/output/review-planet6897-6125-6153-6155-20260827/visual-sweep/issue5700-original-p139/issue5700-original-p139/svg/issue5700-original_032.svg
  → /Users/tsjang/rhwp/output/review-planet6897-6125-6153-6155-20260827/visual-sweep/issue5700-original-p139/issue5700-original-p139/svg/issue5700-original_033.svg
  → /Users/tsjang/rhwp/output/review-planet6897-6125-6153-6155-20260827/visual-sweep/issue5700-original-p139/issue5700-original-p139/svg/issue5700-original_034.svg
  → /Users/tsjang/rhwp/output/review-planet6897-6125-6153-6155-20260827/visual-sweep/issue5700-original-p139/issue5700-original-p139/svg/issue5700-original_035.svg
  → /Users/tsjang/rhwp/output/review-planet6897-6125-6153-6155-20260827/visual-sweep/issue5700-original-p139/issue5700-original-p139/svg/issue5700-original_036.svg
  → /Users/tsjang/rhwp/output/review-planet6897-6125-6153-6155-20260827/visual-sweep/issue5700-original-p139/issue5700-original-p139/svg/issue5700-original_037.svg
  → /Users/tsjang/rhwp/output/review-planet6897-6125-6153-6155-20260827/visual-sweep/issue5700-original-p139/issue5700-original-p139/svg/issue5700-original_038.svg
  → /Users/tsjang/rhwp/output/review-planet6897-6125-6153-6155-20260827/visual-sweep/issue5700-original-p139/issue5700-original-p139/svg/issue5700-original_039.svg
  → /Users/tsjang/rhwp/output/review-planet6897-6125-6153-6155-20260827/visual-sweep/issue5700-original-p139/issue5700-original-p139/svg/issue5700-original_040.svg
  → /Users/tsjang/rhwp/output/review-planet6897-6125-6153-6155-20260827/visual-sweep/issue5700-original-p139/issue5700-original-p139/svg/issue5700-original_041.svg
  → /Users/tsjang/rhwp/output/review-planet6897-6125-6153-6155-20260827/visual-sweep/issue5700-original-p139/issue5700-original-p139/svg/issue5700-original_042.svg
  → /Users/tsjang/rhwp/output/review-planet6897-6125-6153-6155-20260827/visual-sweep/issue5700-original-p139/issue5700-original-p139/svg/issue5700-original_043.svg
  → /Users/tsjang/rhwp/output/review-planet6897-6125-6153-6155-20260827/visual-sweep/issue5700-original-p139/issue5700-original-p139/svg/issue5700-original_044.svg
  → /Users/tsjang/rhwp/output/review-planet6897-6125-6153-6155-20260827/visual-sweep/issue5700-original-p139/issue5700-original-p139/svg/issue5700-original_045.svg
  → /Users/tsjang/rhwp/output/review-planet6897-6125-6153-6155-20260827/visual-sweep/issue5700-original-p139/issue5700-original-p139/svg/issue5700-original_046.svg
  → /Users/tsjang/rhwp/output/review-planet6897-6125-6153-6155-20260827/visual-sweep/issue5700-original-p139/issue5700-original-p139/svg/issue5700-original_047.svg
  → /Users/tsjang/rhwp/output/review-planet6897-6125-6153-6155-20260827/visual-sweep/issue5700-original-p139/issue5700-original-p139/svg/issue5700-original_048.svg
  → /Users/tsjang/rhwp/output/review-planet6897-6125-6153-6155-20260827/visual-sweep/issue5700-original-p139/issue5700-original-p139/svg/issue5700-original_049.svg
  → /Users/tsjang/rhwp/output/review-planet6897-6125-6153-6155-20260827/visual-sweep/issue5700-original-p139/issue5700-original-p139/svg/issue5700-original_050.svg
  → /Users/tsjang/rhwp/output/review-planet6897-6125-6153-6155-20260827/visual-sweep/issue5700-original-p139/issue5700-original-p139/svg/issue5700-original_051.svg
  → /Users/tsjang/rhwp/output/review-planet6897-6125-6153-6155-20260827/visual-sweep/issue5700-original-p139/issue5700-original-p139/svg/issue5700-original_052.svg
  → /Users/tsjang/rhwp/output/review-planet6897-6125-6153-6155-20260827/visual-sweep/issue5700-original-p139/issue5700-original-p139/svg/issue5700-original_053.svg
  → /Users/tsjang/rhwp/output/review-planet6897-6125-6153-6155-20260827/visual-sweep/issue5700-original-p139/issue5700-original-p139/svg/issue5700-original_054.svg
  → /Users/tsjang/rhwp/output/review-planet6897-6125-6153-6155-20260827/visual-sweep/issue5700-original-p139/issue5700-original-p139/svg/issue5700-original_055.svg
  → /Users/tsjang/rhwp/output/review-planet6897-6125-6153-6155-20260827/visual-sweep/issue5700-original-p139/issue5700-original-p139/svg/issue5700-original_056.svg
  → /Users/tsjang/rhwp/output/review-planet6897-6125-6153-6155-20260827/visual-sweep/issue5700-original-p139/issue5700-original-p139/svg/issue5700-original_057.svg
  → /Users/tsjang/rhwp/output/review-planet6897-6125-6153-6155-20260827/visual-sweep/issue5700-original-p139/issue5700-original-p139/svg/issue5700-original_058.svg
  → /Users/tsjang/rhwp/output/review-planet6897-6125-6153-6155-20260827/visual-sweep/issue5700-original-p139/issue5700-original-p139/svg/issue5700-original_059.svg
  → /Users/tsjang/rhwp/output/review-planet6897-6125-6153-6155-20260827/visual-sweep/issue5700-original-p139/issue5700-original-p139/svg/issue5700-original_060.svg
  → /Users/tsjang/rhwp/output/review-planet6897-6125-6153-6155-20260827/visual-sweep/issue5700-original-p139/issue5700-original-p139/svg/issue5700-original_061.svg
  → /Users/tsjang/rhwp/output/review-planet6897-6125-6153-6155-20260827/visual-sweep/issue5700-original-p139/issue5700-original-p139/svg/issue5700-original_062.svg
  → /Users/tsjang/rhwp/output/review-planet6897-6125-6153-6155-20260827/visual-sweep/issue5700-original-p139/issue5700-original-p139/svg/issue5700-original_063.svg
  → /Users/tsjang/rhwp/output/review-planet6897-6125-6153-6155-20260827/visual-sweep/issue5700-original-p139/issue5700-original-p139/svg/issue5700-original_064.svg
  → /Users/tsjang/rhwp/output/review-planet6897-6125-6153-6155-20260827/visual-sweep/issue5700-original-p139/issue5700-original-p139/svg/issue5700-original_065.svg
  → /Users/tsjang/rhwp/output/review-planet6897-6125-6153-6155-20260827/visual-sweep/issue5700-original-p139/issue5700-original-p139/svg/issue5700-original_066.svg
  → /Users/tsjang/rhwp/output/review-planet6897-6125-6153-6155-20260827/visual-sweep/issue5700-original-p139/issue5700-original-p139/svg/issue5700-original_067.svg
  → /Users/tsjang/rhwp/output/review-planet6897-6125-6153-6155-20260827/visual-sweep/issue5700-original-p139/issue5700-original-p139/svg/issue5700-original_068.svg
  → /Users/tsjang/rhwp/output/review-planet6897-6125-6153-6155-20260827/visual-sweep/issue5700-original-p139/issue5700-original-p139/svg/issue5700-original_069.svg
  → /Users/tsjang/rhwp/output/review-planet6897-6125-6153-6155-20260827/visual-sweep/issue5700-original-p139/issue5700-original-p139/svg/issue5700-original_070.svg
  → /Users/tsjang/rhwp/output/review-planet6897-6125-6153-6155-20260827/visual-sweep/issue5700-original-p139/issue5700-original-p139/svg/issue5700-original_071.svg
  → /Users/tsjang/rhwp/output/review-planet6897-6125-6153-6155-20260827/visual-sweep/issue5700-original-p139/issue5700-original-p139/svg/issue5700-original_072.svg
  → /Users/tsjang/rhwp/output/review-planet6897-6125-6153-6155-20260827/visual-sweep/issue5700-original-p139/issue5700-original-p139/svg/issue5700-original_073.svg
  → /Users/tsjang/rhwp/output/review-planet6897-6125-6153-6155-20260827/visual-sweep/issue5700-original-p139/issue5700-original-p139/svg/issue5700-original_074.svg
  → /Users/tsjang/rhwp/output/review-planet6897-6125-6153-6155-20260827/visual-sweep/issue5700-original-p139/issue5700-original-p139/svg/issue5700-original_075.svg
  → /Users/tsjang/rhwp/output/review-planet6897-6125-6153-6155-20260827/visual-sweep/issue5700-original-p139/issue5700-original-p139/svg/issue5700-original_076.svg
  → /Users/tsjang/rhwp/output/review-planet6897-6125-6153-6155-20260827/visual-sweep/issue5700-original-p139/issue5700-original-p139/svg/issue5700-original_077.svg
  → /Users/tsjang/rhwp/output/review-planet6897-6125-6153-6155-20260827/visual-sweep/issue5700-original-p139/issue5700-original-p139/svg/issue5700-original_078.svg
  → /Users/tsjang/rhwp/output/review-planet6897-6125-6153-6155-20260827/visual-sweep/issue5700-original-p139/issue5700-original-p139/svg/issue5700-original_079.svg
  → /Users/tsjang/rhwp/output/review-planet6897-6125-6153-6155-20260827/visual-sweep/issue5700-original-p139/issue5700-original-p139/svg/issue5700-original_080.svg
  → /Users/tsjang/rhwp/output/review-planet6897-6125-6153-6155-20260827/visual-sweep/issue5700-original-p139/issue5700-original-p139/svg/issue5700-original_081.svg
  → /Users/tsjang/rhwp/output/review-planet6897-6125-6153-6155-20260827/visual-sweep/issue5700-original-p139/issue5700-original-p139/svg/issue5700-original_082.svg
  → /Users/tsjang/rhwp/output/review-planet6897-6125-6153-6155-20260827/visual-sweep/issue5700-original-p139/issue5700-original-p139/svg/issue5700-original_083.svg
  → /Users/tsjang/rhwp/output/review-planet6897-6125-6153-6155-20260827/visual-sweep/issue5700-original-p139/issue5700-original-p139/svg/issue5700-original_084.svg
  → /Users/tsjang/rhwp/output/review-planet6897-6125-6153-6155-20260827/visual-sweep/issue5700-original-p139/issue5700-original-p139/svg/issue5700-original_085.svg
  → /Users/tsjang/rhwp/output/review-planet6897-6125-6153-6155-20260827/visual-sweep/issue5700-original-p139/issue5700-original-p139/svg/issue5700-original_086.svg
  → /Users/tsjang/rhwp/output/review-planet6897-6125-6153-6155-20260827/visual-sweep/issue5700-original-p139/issue5700-original-p139/svg/issue5700-original_087.svg
  → /Users/tsjang/rhwp/output/review-planet6897-6125-6153-6155-20260827/visual-sweep/issue5700-original-p139/issue5700-original-p139/svg/issue5700-original_088.svg
  → /Users/tsjang/rhwp/output/review-planet6897-6125-6153-6155-20260827/visual-sweep/issue5700-original-p139/issue5700-original-p139/svg/issue5700-original_089.svg
  → /Users/tsjang/rhwp/output/review-planet6897-6125-6153-6155-20260827/visual-sweep/issue5700-original-p139/issue5700-original-p139/svg/issue5700-original_090.svg
  → /Users/tsjang/rhwp/output/review-planet6897-6125-6153-6155-20260827/visual-sweep/issue5700-original-p139/issue5700-original-p139/svg/issue5700-original_091.svg
  → /Users/tsjang/rhwp/output/review-planet6897-6125-6153-6155-20260827/visual-sweep/issue5700-original-p139/issue5700-original-p139/svg/issue5700-original_092.svg
  → /Users/tsjang/rhwp/output/review-planet6897-6125-6153-6155-20260827/visual-sweep/issue5700-original-p139/issue5700-original-p139/svg/issue5700-original_093.svg
  → /Users/tsjang/rhwp/output/review-planet6897-6125-6153-6155-20260827/visual-sweep/issue5700-original-p139/issue5700-original-p139/svg/issue5700-original_094.svg
  → /Users/tsjang/rhwp/output/review-planet6897-6125-6153-6155-20260827/visual-sweep/issue5700-original-p139/issue5700-original-p139/svg/issue5700-original_095.svg
  → /Users/tsjang/rhwp/output/review-planet6897-6125-6153-6155-20260827/visual-sweep/issue5700-original-p139/issue5700-original-p139/svg/issue5700-original_096.svg
  → /Users/tsjang/rhwp/output/review-planet6897-6125-6153-6155-20260827/visual-sweep/issue5700-original-p139/issue5700-original-p139/svg/issue5700-original_097.svg
  → /Users/tsjang/rhwp/output/review-planet6897-6125-6153-6155-20260827/visual-sweep/issue5700-original-p139/issue5700-original-p139/svg/issue5700-original_098.svg
  → /Users/tsjang/rhwp/output/review-planet6897-6125-6153-6155-20260827/visual-sweep/issue5700-original-p139/issue5700-original-p139/svg/issue5700-original_099.svg
  → /Users/tsjang/rhwp/output/review-planet6897-6125-6153-6155-20260827/visual-sweep/issue5700-original-p139/issue5700-original-p139/svg/issue5700-original_100.svg
  → /Users/tsjang/rhwp/output/review-planet6897-6125-6153-6155-20260827/visual-sweep/issue5700-original-p139/issue5700-original-p139/svg/issue5700-original_101.svg
  → /Users/tsjang/rhwp/output/review-planet6897-6125-6153-6155-20260827/visual-sweep/issue5700-original-p139/issue5700-original-p139/svg/issue5700-original_102.svg
  → /Users/tsjang/rhwp/output/review-planet6897-6125-6153-6155-20260827/visual-sweep/issue5700-original-p139/issue5700-original-p139/svg/issue5700-original_103.svg
  → /Users/tsjang/rhwp/output/review-planet6897-6125-6153-6155-20260827/visual-sweep/issue5700-original-p139/issue5700-original-p139/svg/issue5700-original_104.svg
  → /Users/tsjang/rhwp/output/review-planet6897-6125-6153-6155-20260827/visual-sweep/issue5700-original-p139/issue5700-original-p139/svg/issue5700-original_105.svg
  → /Users/tsjang/rhwp/output/review-planet6897-6125-6153-6155-20260827/visual-sweep/issue5700-original-p139/issue5700-original-p139/svg/issue5700-original_106.svg
  → /Users/tsjang/rhwp/output/review-planet6897-6125-6153-6155-20260827/visual-sweep/issue5700-original-p139/issue5700-original-p139/svg/issue5700-original_107.svg
  → /Users/tsjang/rhwp/output/review-planet6897-6125-6153-6155-20260827/visual-sweep/issue5700-original-p139/issue5700-original-p139/svg/issue5700-original_108.svg
  → /Users/tsjang/rhwp/output/review-planet6897-6125-6153-6155-20260827/visual-sweep/issue5700-original-p139/issue5700-original-p139/svg/issue5700-original_109.svg
  → /Users/tsjang/rhwp/output/review-planet6897-6125-6153-6155-20260827/visual-sweep/issue5700-original-p139/issue5700-original-p139/svg/issue5700-original_110.svg
  → /Users/tsjang/rhwp/output/review-planet6897-6125-6153-6155-20260827/visual-sweep/issue5700-original-p139/issue5700-original-p139/svg/issue5700-original_111.svg
  → /Users/tsjang/rhwp/output/review-planet6897-6125-6153-6155-20260827/visual-sweep/issue5700-original-p139/issue5700-original-p139/svg/issue5700-original_112.svg
  → /Users/tsjang/rhwp/output/review-planet6897-6125-6153-6155-20260827/visual-sweep/issue5700-original-p139/issue5700-original-p139/svg/issue5700-original_113.svg
  → /Users/tsjang/rhwp/output/review-planet6897-6125-6153-6155-20260827/visual-sweep/issue5700-original-p139/issue5700-original-p139/svg/issue5700-original_114.svg
  → /Users/tsjang/rhwp/output/review-planet6897-6125-6153-6155-20260827/visual-sweep/issue5700-original-p139/issue5700-original-p139/svg/issue5700-original_115.svg
  → /Users/tsjang/rhwp/output/review-planet6897-6125-6153-6155-20260827/visual-sweep/issue5700-original-p139/issue5700-original-p139/svg/issue5700-original_116.svg
  → /Users/tsjang/rhwp/output/review-planet6897-6125-6153-6155-20260827/visual-sweep/issue5700-original-p139/issue5700-original-p139/svg/issue5700-original_117.svg
  → /Users/tsjang/rhwp/output/review-planet6897-6125-6153-6155-20260827/visual-sweep/issue5700-original-p139/issue5700-original-p139/svg/issue5700-original_118.svg
  → /Users/tsjang/rhwp/output/review-planet6897-6125-6153-6155-20260827/visual-sweep/issue5700-original-p139/issue5700-original-p139/svg/issue5700-original_119.svg
  → /Users/tsjang/rhwp/output/review-planet6897-6125-6153-6155-20260827/visual-sweep/issue5700-original-p139/issue5700-original-p139/svg/issue5700-original_120.svg
  → /Users/tsjang/rhwp/output/review-planet6897-6125-6153-6155-20260827/visual-sweep/issue5700-original-p139/issue5700-original-p139/svg/issue5700-original_121.svg
  → /Users/tsjang/rhwp/output/review-planet6897-6125-6153-6155-20260827/visual-sweep/issue5700-original-p139/issue5700-original-p139/svg/issue5700-original_122.svg
  → /Users/tsjang/rhwp/output/review-planet6897-6125-6153-6155-20260827/visual-sweep/issue5700-original-p139/issue5700-original-p139/svg/issue5700-original_123.svg
  → /Users/tsjang/rhwp/output/review-planet6897-6125-6153-6155-20260827/visual-sweep/issue5700-original-p139/issue5700-original-p139/svg/issue5700-original_124.svg
  → /Users/tsjang/rhwp/output/review-planet6897-6125-6153-6155-20260827/visual-sweep/issue5700-original-p139/issue5700-original-p139/svg/issue5700-original_125.svg
  → /Users/tsjang/rhwp/output/review-planet6897-6125-6153-6155-20260827/visual-sweep/issue5700-original-p139/issue5700-original-p139/svg/issue5700-original_126.svg
  → /Users/tsjang/rhwp/output/review-planet6897-6125-6153-6155-20260827/visual-sweep/issue5700-original-p139/issue5700-original-p139/svg/issue5700-original_127.svg
  → /Users/tsjang/rhwp/output/review-planet6897-6125-6153-6155-20260827/visual-sweep/issue5700-original-p139/issue5700-original-p139/svg/issue5700-original_128.svg
  → /Users/tsjang/rhwp/output/review-planet6897-6125-6153-6155-20260827/visual-sweep/issue5700-original-p139/issue5700-original-p139/svg/issue5700-original_129.svg
  → /Users/tsjang/rhwp/output/review-planet6897-6125-6153-6155-20260827/visual-sweep/issue5700-original-p139/issue5700-original-p139/svg/issue5700-original_130.svg
  → /Users/tsjang/rhwp/output/review-planet6897-6125-6153-6155-20260827/visual-sweep/issue5700-original-p139/issue5700-original-p139/svg/issue5700-original_131.svg
  → /Users/tsjang/rhwp/output/review-planet6897-6125-6153-6155-20260827/visual-sweep/issue5700-original-p139/issue5700-original-p139/svg/issue5700-original_132.svg
  → /Users/tsjang/rhwp/output/review-planet6897-6125-6153-6155-20260827/visual-sweep/issue5700-original-p139/issue5700-original-p139/svg/issue5700-original_133.svg
  → /Users/tsjang/rhwp/output/review-planet6897-6125-6153-6155-20260827/visual-sweep/issue5700-original-p139/issue5700-original-p139/svg/issue5700-original_134.svg
  → /Users/tsjang/rhwp/output/review-planet6897-6125-6153-6155-20260827/visual-sweep/issue5700-original-p139/issue5700-original-p139/svg/issue5700-original_135.svg
  → /Users/tsjang/rhwp/output/review-planet6897-6125-6153-6155-20260827/visual-sweep/issue5700-original-p139/issue5700-original-p139/svg/issue5700-original_136.svg
  → /Users/tsjang/rhwp/output/review-planet6897-6125-6153-6155-20260827/visual-sweep/issue5700-original-p139/issue5700-original-p139/svg/issue5700-original_137.svg
  → /Users/tsjang/rhwp/output/review-planet6897-6125-6153-6155-20260827/visual-sweep/issue5700-original-p139/issue5700-original-p139/svg/issue5700-original_138.svg
  → /Users/tsjang/rhwp/output/review-planet6897-6125-6153-6155-20260827/visual-sweep/issue5700-original-p139/issue5700-original-p139/svg/issue5700-original_139.svg
  → /Users/tsjang/rhwp/output/review-planet6897-6125-6153-6155-20260827/visual-sweep/issue5700-original-p139/issue5700-original-p139/svg/issue5700-original_140.svg
  → /Users/tsjang/rhwp/output/review-planet6897-6125-6153-6155-20260827/visual-sweep/issue5700-original-p139/issue5700-original-p139/svg/issue5700-original_141.svg
  → /Users/tsjang/rhwp/output/review-planet6897-6125-6153-6155-20260827/visual-sweep/issue5700-original-p139/issue5700-original-p139/svg/issue5700-original_142.svg
  → /Users/tsjang/rhwp/output/review-planet6897-6125-6153-6155-20260827/visual-sweep/issue5700-original-p139/issue5700-original-p139/svg/issue5700-original_143.svg
  → /Users/tsjang/rhwp/output/review-planet6897-6125-6153-6155-20260827/visual-sweep/issue5700-original-p139/issue5700-original-p139/svg/issue5700-original_144.svg
  → /Users/tsjang/rhwp/output/review-planet6897-6125-6153-6155-20260827/visual-sweep/issue5700-original-p139/issue5700-original-p139/svg/issue5700-original_145.svg
  → /Users/tsjang/rhwp/output/review-planet6897-6125-6153-6155-20260827/visual-sweep/issue5700-original-p139/issue5700-original-p139/svg/issue5700-original_146.svg
  → /Users/tsjang/rhwp/output/review-planet6897-6125-6153-6155-20260827/visual-sweep/issue5700-original-p139/issue5700-original-p139/svg/issue5700-original_147.svg
  → /Users/tsjang/rhwp/output/review-planet6897-6125-6153-6155-20260827/visual-sweep/issue5700-original-p139/issue5700-original-p139/svg/issue5700-original_148.svg
  → /Users/tsjang/rhwp/output/review-planet6897-6125-6153-6155-20260827/visual-sweep/issue5700-original-p139/issue5700-original-p139/svg/issue5700-original_149.svg
  → /Users/tsjang/rhwp/output/review-planet6897-6125-6153-6155-20260827/visual-sweep/issue5700-original-p139/issue5700-original-p139/svg/issue5700-original_150.svg
  → /Users/tsjang/rhwp/output/review-planet6897-6125-6153-6155-20260827/visual-sweep/issue5700-original-p139/issue5700-original-p139/svg/issue5700-original_151.svg
  → /Users/tsjang/rhwp/output/review-planet6897-6125-6153-6155-20260827/visual-sweep/issue5700-original-p139/issue5700-original-p139/svg/issue5700-original_152.svg
  → /Users/tsjang/rhwp/output/review-planet6897-6125-6153-6155-20260827/visual-sweep/issue5700-original-p139/issue5700-original-p139/svg/issue5700-original_153.svg
  → /Users/tsjang/rhwp/output/review-planet6897-6125-6153-6155-20260827/visual-sweep/issue5700-original-p139/issue5700-original-p139/svg/issue5700-original_154.svg
  → /Users/tsjang/rhwp/output/review-planet6897-6125-6153-6155-20260827/visual-sweep/issue5700-original-p139/issue5700-original-p139/svg/issue5700-original_155.svg
  → /Users/tsjang/rhwp/output/review-planet6897-6125-6153-6155-20260827/visual-sweep/issue5700-original-p139/issue5700-original-p139/svg/issue5700-original_156.svg
내보내기 완료: 156개 SVG 파일 → /Users/tsjang/rhwp/output/review-planet6897-6125-6153-6155-20260827/visual-sweep/issue5700-original-p139/issue5700-original-p139/svg/
LAYOUT_OVERFLOW: page=2, sec=0, col=0, para=25, type=FullParagraph, first=false, y=1021.6, bottom=1009.1, overflow=12.5px
LAYOUT_OVERFLOW_DRAW: section=0 pi=37 line=2 y=1015.0 col_bottom=1009.1 overflow=5.9px
LAYOUT_OVERFLOW: page=4, sec=0, col=0, para=37, type=FullParagraph, first=false, y=1015.0, bottom=1009.1, overflow=5.9px
LAYOUT_OVERFLOW_DRAW: section=0 pi=73 line=2 y=1025.8 col_bottom=1009.1 overflow=16.7px
LAYOUT_OVERFLOW: page=8, sec=0, col=0, para=73, type=FullParagraph, first=false, y=1025.8, bottom=1009.1, overflow=16.7px
LAYOUT_OVERFLOW_DRAW: section=0 pi=429 line=1 y=1031.0 col_bottom=1009.1 overflow=21.9px
LAYOUT_OVERFLOW: page=46, sec=0, col=0, para=429, type=FullParagraph, first=false, y=1031.0, bottom=1009.1, overflow=21.9px
LAYOUT_OVERFLOW_DRAW: section=0 pi=496 line=2 y=1012.7 col_bottom=1009.1 overflow=3.6px
LAYOUT_OVERFLOW_DRAW: section=0 pi=496 line=3 y=1034.7 col_bottom=1009.1 overflow=25.6px
LAYOUT_OVERFLOW: page=51, sec=0, col=0, para=496, type=FullParagraph, first=false, y=1034.7, bottom=1009.1, overflow=25.6px
LAYOUT_OVERFLOW: page=3, sec=2, col=0, para=69, type=FullParagraph, first=false, y=1012.2, bottom=1009.1, overflow=3.1px
LAYOUT_OVERFLOW_DRAW: section=2 pi=220 line=0 y=1026.8 col_bottom=1009.1 overflow=17.7px
LAYOUT_OVERFLOW: page=16, sec=2, col=0, para=220, type=PartialParagraph, first=false, y=1026.8, bottom=1009.1, overflow=17.7px
LAYOUT_OVERFLOW_DRAW: section=2 pi=381 line=1 y=1014.2 col_bottom=1009.1 overflow=5.1px
LAYOUT_OVERFLOW_DRAW: section=2 pi=381 line=2 y=1036.2 col_bottom=1009.1 overflow=27.1px
LAYOUT_OVERFLOW: page=34, sec=2, col=0, para=381, type=PartialParagraph, first=false, y=1036.2, bottom=1009.1, overflow=27.1px
LAYOUT_OVERFLOW_DRAW: section=2 pi=394 line=2 y=1020.3 col_bottom=1009.1 overflow=11.2px
LAYOUT_OVERFLOW: page=35, sec=2, col=0, para=394, type=PartialParagraph, first=false, y=1020.3, bottom=1009.1, overflow=11.2px
LAYOUT_OVERFLOW_DRAW: section=2 pi=404 line=1 y=1020.4 col_bottom=1009.1 overflow=11.3px
LAYOUT_OVERFLOW_DRAW: section=2 pi=404 line=2 y=1042.4 col_bottom=1009.1 overflow=33.3px
LAYOUT_OVERFLOW: page=36, sec=2, col=0, para=404, type=PartialParagraph, first=false, y=1042.4, bottom=1009.1, overflow=33.3px
LAYOUT_OVERFLOW_DRAW: section=2 pi=759 line=1 y=1019.5 col_bottom=1009.1 overflow=10.4px
LAYOUT_OVERFLOW: page=79, sec=2, col=0, para=759, type=PartialParagraph, first=false, y=1019.5, bottom=1009.1, overflow=10.4px
