문서 로드 완료: /Users/tsjang/rhwp/output/review-planet6897-6125-6153-6155-20260827/source/issue5700-original.hwp (156페이지)
  → /Users/tsjang/rhwp/output/review-planet6897-6125-6153-6155-20260827/visual-sweep/issue5700-original-p139/issue5700-original-p139/render_tree/render_tree_001.json
  → /Users/tsjang/rhwp/output/review-planet6897-6125-6153-6155-20260827/visual-sweep/issue5700-original-p139/issue5700-original-p139/render_tree/render_tree_002.json
  → /Users/tsjang/rhwp/output/review-planet6897-6125-6153-6155-20260827/visual-sweep/issue5700-original-p139/issue5700-original-p139/render_tree/render_tree_003.json
  → /Users/tsjang/rhwp/output/review-planet6897-6125-6153-6155-20260827/visual-sweep/issue5700-original-p139/issue5700-original-p139/render_tree/render_tree_004.json
  → /Users/tsjang/rhwp/output/review-planet6897-6125-6153-6155-20260827/visual-sweep/issue5700-original-p139/issue5700-original-p139/render_tree/render_tree_005.json
  → /Users/tsjang/rhwp/output/review-planet6897-6125-6153-6155-20260827/visual-sweep/issue5700-original-p139/issue5700-original-p139/render_tree/render_tree_006.json
  → /Users/tsjang/rhwp/output/review-planet6897-6125-6153-6155-20260827/visual-sweep/issue5700-original-p139/issue5700-original-p139/render_tree/render_tree_007.json
  → /Users/tsjang/rhwp/output/review-planet6897-6125-6153-6155-20260827/visual-sweep/issue5700-original-p139/issue5700-original-p139/render_tree/render_tree_008.json
  → /Users/tsjang/rhwp/output/review-planet6897-6125-6153-6155-20260827/visual-sweep/issue5700-original-p139/issue5700-original-p139/render_tree/render_tree_009.json
  → /Users/tsjang/rhwp/output/review-planet6897-6125-6153-6155-20260827/visual-sweep/issue5700-original-p139/issue5700-original-p139/render_tree/render_tree_010.json
  → /Users/tsjang/rhwp/output/review-planet6897-6125-6153-6155-20260827/visual-sweep/issue5700-original-p139/issue5700-original-p139/render_tree/render_tree_011.json
  → /Users/tsjang/rhwp/output/review-planet6897-6125-6153-6155-20260827/visual-sweep/issue5700-original-p139/issue5700-original-p139/render_tree/render_tree_012.json
  → /Users/tsjang/rhwp/output/review-planet6897-6125-6153-6155-20260827/visual-sweep/issue5700-original-p139/issue5700-original-p139/render_tree/render_tree_013.json
  → /Users/tsjang/rhwp/output/review-planet6897-6125-6153-6155-20260827/visual-sweep/issue5700-original-p139/issue5700-original-p139/render_tree/render_tree_014.json
  → /Users/tsjang/rhwp/output/review-planet6897-6125-6153-6155-20260827/visual-sweep/issue5700-original-p139/issue5700-original-p139/render_tree/render_tree_015.json
  → /Users/tsjang/rhwp/output/review-planet6897-6125-6153-6155-20260827/visual-sweep/issue5700-original-p139/issue5700-original-p139/render_tree/render_tree_016.json
  → /Users/tsjang/rhwp/output/review-planet6897-6125-6153-6155-20260827/visual-sweep/issue5700-original-p139/issue5700-original-p139/render_tree/render_tree_017.json
  → /Users/tsjang/rhwp/output/review-planet6897-6125-6153-6155-20260827/visual-sweep/issue5700-original-p139/issue5700-original-p139/render_tree/render_tree_018.json
  → /Users/tsjang/rhwp/output/review-planet6897-6125-6153-6155-20260827/visual-sweep/issue5700-original-p139/issue5700-original-p139/render_tree/render_tree_019.json
  → /Users/tsjang/rhwp/output/review-planet6897-6125-6153-6155-20260827/visual-sweep/issue5700-original-p139/issue5700-original-p139/render_tree/render_tree_020.json
  → /Users/tsjang/rhwp/output/review-planet6897-6125-6153-6155-20260827/visual-sweep/issue5700-original-p139/issue5700-original-p139/render_tree/render_tree_021.json
  → /Users/tsjang/rhwp/output/review-planet6897-6125-6153-6155-20260827/visual-sweep/issue5700-original-p139/issue5700-original-p139/render_tree/render_tree_022.json
  → /Users/tsjang/rhwp/output/review-planet6897-6125-6153-6155-20260827/visual-sweep/issue5700-original-p139/issue5700-original-p139/render_tree/render_tree_023.json
  → /Users/tsjang/rhwp/output/review-planet6897-6125-6153-6155-20260827/visual-sweep/issue5700-original-p139/issue5700-original-p139/render_tree/render_tree_024.json
  → /Users/tsjang/rhwp/output/review-planet6897-6125-6153-6155-20260827/visual-sweep/issue5700-original-p139/issue5700-original-p139/render_tree/render_tree_025.json
  → /Users/tsjang/rhwp/output/review-planet6897-6125-6153-6155-20260827/visual-sweep/issue5700-original-p139/issue5700-original-p139/render_tree/render_tree_026.json
  → /Users/tsjang/rhwp/output/review-planet6897-6125-6153-6155-20260827/visual-sweep/issue5700-original-p139/issue5700-original-p139/render_tree/render_tree_027.json
  → /Users/tsjang/rhwp/output/review-planet6897-6125-6153-6155-20260827/visual-sweep/issue5700-original-p139/issue5700-original-p139/render_tree/render_tree_028.json
  → /Users/tsjang/rhwp/output/review-planet6897-6125-6153-6155-20260827/visual-sweep/issue5700-original-p139/issue5700-original-p139/render_tree/render_tree_029.json
  → /Users/tsjang/rhwp/output/review-planet6897-6125-6153-6155-20260827/visual-sweep/issue5700-original-p139/issue5700-original-p139/render_tree/render_tree_030.json
  → /Users/tsjang/rhwp/output/review-planet6897-6125-6153-6155-20260827/visual-sweep/issue5700-original-p139/issue5700-original-p139/render_tree/render_tree_031.json
  → /Users/tsjang/rhwp/output/review-planet6897-6125-6153-6155-20260827/visual-sweep/issue5700-original-p139/issue5700-original-p139/render_tree/render_tree_032.json
  → /Users/tsjang/rhwp/output/review-planet6897-6125-6153-6155-20260827/visual-sweep/issue5700-original-p139/issue5700-original-p139/render_tree/render_tree_033.json
  → /Users/tsjang/rhwp/output/review-planet6897-6125-6153-6155-20260827/visual-sweep/issue5700-original-p139/issue5700-original-p139/render_tree/render_tree_034.json
  → /Users/tsjang/rhwp/output/review-planet6897-6125-6153-6155-20260827/visual-sweep/issue5700-original-p139/issue5700-original-p139/render_tree/render_tree_035.json
  → /Users/tsjang/rhwp/output/review-planet6897-6125-6153-6155-20260827/visual-sweep/issue5700-original-p139/issue5700-original-p139/render_tree/render_tree_036.json
  → /Users/tsjang/rhwp/output/review-planet6897-6125-6153-6155-20260827/visual-sweep/issue5700-original-p139/issue5700-original-p139/render_tree/render_tree_037.json
  → /Users/tsjang/rhwp/output/review-planet6897-6125-6153-6155-20260827/visual-sweep/issue5700-original-p139/issue5700-original-p139/render_tree/render_tree_038.json
  → /Users/tsjang/rhwp/output/review-planet6897-6125-6153-6155-20260827/visual-sweep/issue5700-original-p139/issue5700-original-p139/render_tree/render_tree_039.json
  → /Users/tsjang/rhwp/output/review-planet6897-6125-6153-6155-20260827/visual-sweep/issue5700-original-p139/issue5700-original-p139/render_tree/render_tree_040.json
  → /Users/tsjang/rhwp/output/review-planet6897-6125-6153-6155-20260827/visual-sweep/issue5700-original-p139/issue5700-original-p139/render_tree/render_tree_041.json
  → /Users/tsjang/rhwp/output/review-planet6897-6125-6153-6155-20260827/visual-sweep/issue5700-original-p139/issue5700-original-p139/render_tree/render_tree_042.json
  → /Users/tsjang/rhwp/output/review-planet6897-6125-6153-6155-20260827/visual-sweep/issue5700-original-p139/issue5700-original-p139/render_tree/render_tree_043.json
  → /Users/tsjang/rhwp/output/review-planet6897-6125-6153-6155-20260827/visual-sweep/issue5700-original-p139/issue5700-original-p139/render_tree/render_tree_044.json
  → /Users/tsjang/rhwp/output/review-planet6897-6125-6153-6155-20260827/visual-sweep/issue5700-original-p139/issue5700-original-p139/render_tree/render_tree_045.json
  → /Users/tsjang/rhwp/output/review-planet6897-6125-6153-6155-20260827/visual-sweep/issue5700-original-p139/issue5700-original-p139/render_tree/render_tree_046.json
  → /Users/tsjang/rhwp/output/review-planet6897-6125-6153-6155-20260827/visual-sweep/issue5700-original-p139/issue5700-original-p139/render_tree/render_tree_047.json
  → /Users/tsjang/rhwp/output/review-planet6897-6125-6153-6155-20260827/visual-sweep/issue5700-original-p139/issue5700-original-p139/render_tree/render_tree_048.json
  → /Users/tsjang/rhwp/output/review-planet6897-6125-6153-6155-20260827/visual-sweep/issue5700-original-p139/issue5700-original-p139/render_tree/render_tree_049.json
  → /Users/tsjang/rhwp/output/review-planet6897-6125-6153-6155-20260827/visual-sweep/issue5700-original-p139/issue5700-original-p139/render_tree/render_tree_050.json
  → /Users/tsjang/rhwp/output/review-planet6897-6125-6153-6155-20260827/visual-sweep/issue5700-original-p139/issue5700-original-p139/render_tree/render_tree_051.json
  → /Users/tsjang/rhwp/output/review-planet6897-6125-6153-6155-20260827/visual-sweep/issue5700-original-p139/issue5700-original-p139/render_tree/render_tree_052.json
  → /Users/tsjang/rhwp/output/review-planet6897-6125-6153-6155-20260827/visual-sweep/issue5700-original-p139/issue5700-original-p139/render_tree/render_tree_053.json
  → /Users/tsjang/rhwp/output/review-planet6897-6125-6153-6155-20260827/visual-sweep/issue5700-original-p139/issue5700-original-p139/render_tree/render_tree_054.json
  → /Users/tsjang/rhwp/output/review-planet6897-6125-6153-6155-20260827/visual-sweep/issue5700-original-p139/issue5700-original-p139/render_tree/render_tree_055.json
  → /Users/tsjang/rhwp/output/review-planet6897-6125-6153-6155-20260827/visual-sweep/issue5700-original-p139/issue5700-original-p139/render_tree/render_tree_056.json
  → /Users/tsjang/rhwp/output/review-planet6897-6125-6153-6155-20260827/visual-sweep/issue5700-original-p139/issue5700-original-p139/render_tree/render_tree_057.json
  → /Users/tsjang/rhwp/output/review-planet6897-6125-6153-6155-20260827/visual-sweep/issue5700-original-p139/issue5700-original-p139/render_tree/render_tree_058.json
  → /Users/tsjang/rhwp/output/review-planet6897-6125-6153-6155-20260827/visual-sweep/issue5700-original-p139/issue5700-original-p139/render_tree/render_tree_059.json
  → /Users/tsjang/rhwp/output/review-planet6897-6125-6153-6155-20260827/visual-sweep/issue5700-original-p139/issue5700-original-p139/render_tree/render_tree_060.json
  → /Users/tsjang/rhwp/output/review-planet6897-6125-6153-6155-20260827/visual-sweep/issue5700-original-p139/issue5700-original-p139/render_tree/render_tree_061.json
  → /Users/tsjang/rhwp/output/review-planet6897-6125-6153-6155-20260827/visual-sweep/issue5700-original-p139/issue5700-original-p139/render_tree/render_tree_062.json
  → /Users/tsjang/rhwp/output/review-planet6897-6125-6153-6155-20260827/visual-sweep/issue5700-original-p139/issue5700-original-p139/render_tree/render_tree_063.json
  → /Users/tsjang/rhwp/output/review-planet6897-6125-6153-6155-20260827/visual-sweep/issue5700-original-p139/issue5700-original-p139/render_tree/render_tree_064.json
  → /Users/tsjang/rhwp/output/review-planet6897-6125-6153-6155-20260827/visual-sweep/issue5700-original-p139/issue5700-original-p139/render_tree/render_tree_065.json
  → /Users/tsjang/rhwp/output/review-planet6897-6125-6153-6155-20260827/visual-sweep/issue5700-original-p139/issue5700-original-p139/render_tree/render_tree_066.json
  → /Users/tsjang/rhwp/output/review-planet6897-6125-6153-6155-20260827/visual-sweep/issue5700-original-p139/issue5700-original-p139/render_tree/render_tree_067.json
  → /Users/tsjang/rhwp/output/review-planet6897-6125-6153-6155-20260827/visual-sweep/issue5700-original-p139/issue5700-original-p139/render_tree/render_tree_068.json
  → /Users/tsjang/rhwp/output/review-planet6897-6125-6153-6155-20260827/visual-sweep/issue5700-original-p139/issue5700-original-p139/render_tree/render_tree_069.json
  → /Users/tsjang/rhwp/output/review-planet6897-6125-6153-6155-20260827/visual-sweep/issue5700-original-p139/issue5700-original-p139/render_tree/render_tree_070.json
  → /Users/tsjang/rhwp/output/review-planet6897-6125-6153-6155-20260827/visual-sweep/issue5700-original-p139/issue5700-original-p139/render_tree/render_tree_071.json
  → /Users/tsjang/rhwp/output/review-planet6897-6125-6153-6155-20260827/visual-sweep/issue5700-original-p139/issue5700-original-p139/render_tree/render_tree_072.json
  → /Users/tsjang/rhwp/output/review-planet6897-6125-6153-6155-20260827/visual-sweep/issue5700-original-p139/issue5700-original-p139/render_tree/render_tree_073.json
  → /Users/tsjang/rhwp/output/review-planet6897-6125-6153-6155-20260827/visual-sweep/issue5700-original-p139/issue5700-original-p139/render_tree/render_tree_074.json
  → /Users/tsjang/rhwp/output/review-planet6897-6125-6153-6155-20260827/visual-sweep/issue5700-original-p139/issue5700-original-p139/render_tree/render_tree_075.json
  → /Users/tsjang/rhwp/output/review-planet6897-6125-6153-6155-20260827/visual-sweep/issue5700-original-p139/issue5700-original-p139/render_tree/render_tree_076.json
  → /Users/tsjang/rhwp/output/review-planet6897-6125-6153-6155-20260827/visual-sweep/issue5700-original-p139/issue5700-original-p139/render_tree/render_tree_077.json
  → /Users/tsjang/rhwp/output/review-planet6897-6125-6153-6155-20260827/visual-sweep/issue5700-original-p139/issue5700-original-p139/render_tree/render_tree_078.json
  → /Users/tsjang/rhwp/output/review-planet6897-6125-6153-6155-20260827/visual-sweep/issue5700-original-p139/issue5700-original-p139/render_tree/render_tree_079.json
  → /Users/tsjang/rhwp/output/review-planet6897-6125-6153-6155-20260827/visual-sweep/issue5700-original-p139/issue5700-original-p139/render_tree/render_tree_080.json
  → /Users/tsjang/rhwp/output/review-planet6897-6125-6153-6155-20260827/visual-sweep/issue5700-original-p139/issue5700-original-p139/render_tree/render_tree_081.json
  → /Users/tsjang/rhwp/output/review-planet6897-6125-6153-6155-20260827/visual-sweep/issue5700-original-p139/issue5700-original-p139/render_tree/render_tree_082.json
  → /Users/tsjang/rhwp/output/review-planet6897-6125-6153-6155-20260827/visual-sweep/issue5700-original-p139/issue5700-original-p139/render_tree/render_tree_083.json
  → /Users/tsjang/rhwp/output/review-planet6897-6125-6153-6155-20260827/visual-sweep/issue5700-original-p139/issue5700-original-p139/render_tree/render_tree_084.json
  → /Users/tsjang/rhwp/output/review-planet6897-6125-6153-6155-20260827/visual-sweep/issue5700-original-p139/issue5700-original-p139/render_tree/render_tree_085.json
  → /Users/tsjang/rhwp/output/review-planet6897-6125-6153-6155-20260827/visual-sweep/issue5700-original-p139/issue5700-original-p139/render_tree/render_tree_086.json
  → /Users/tsjang/rhwp/output/review-planet6897-6125-6153-6155-20260827/visual-sweep/issue5700-original-p139/issue5700-original-p139/render_tree/render_tree_087.json
  → /Users/tsjang/rhwp/output/review-planet6897-6125-6153-6155-20260827/visual-sweep/issue5700-original-p139/issue5700-original-p139/render_tree/render_tree_088.json
  → /Users/tsjang/rhwp/output/review-planet6897-6125-6153-6155-20260827/visual-sweep/issue5700-original-p139/issue5700-original-p139/render_tree/render_tree_089.json
  → /Users/tsjang/rhwp/output/review-planet6897-6125-6153-6155-20260827/visual-sweep/issue5700-original-p139/issue5700-original-p139/render_tree/render_tree_090.json
  → /Users/tsjang/rhwp/output/review-planet6897-6125-6153-6155-20260827/visual-sweep/issue5700-original-p139/issue5700-original-p139/render_tree/render_tree_091.json
  → /Users/tsjang/rhwp/output/review-planet6897-6125-6153-6155-20260827/visual-sweep/issue5700-original-p139/issue5700-original-p139/render_tree/render_tree_092.json
  → /Users/tsjang/rhwp/output/review-planet6897-6125-6153-6155-20260827/visual-sweep/issue5700-original-p139/issue5700-original-p139/render_tree/render_tree_093.json
  → /Users/tsjang/rhwp/output/review-planet6897-6125-6153-6155-20260827/visual-sweep/issue5700-original-p139/issue5700-original-p139/render_tree/render_tree_094.json
  → /Users/tsjang/rhwp/output/review-planet6897-6125-6153-6155-20260827/visual-sweep/issue5700-original-p139/issue5700-original-p139/render_tree/render_tree_095.json
  → /Users/tsjang/rhwp/output/review-planet6897-6125-6153-6155-20260827/visual-sweep/issue5700-original-p139/issue5700-original-p139/render_tree/render_tree_096.json
  → /Users/tsjang/rhwp/output/review-planet6897-6125-6153-6155-20260827/visual-sweep/issue5700-original-p139/issue5700-original-p139/render_tree/render_tree_097.json
  → /Users/tsjang/rhwp/output/review-planet6897-6125-6153-6155-20260827/visual-sweep/issue5700-original-p139/issue5700-original-p139/render_tree/render_tree_098.json
  → /Users/tsjang/rhwp/output/review-planet6897-6125-6153-6155-20260827/visual-sweep/issue5700-original-p139/issue5700-original-p139/render_tree/render_tree_099.json
  → /Users/tsjang/rhwp/output/review-planet6897-6125-6153-6155-20260827/visual-sweep/issue5700-original-p139/issue5700-original-p139/render_tree/render_tree_100.json
  → /Users/tsjang/rhwp/output/review-planet6897-6125-6153-6155-20260827/visual-sweep/issue5700-original-p139/issue5700-original-p139/render_tree/render_tree_101.json
  → /Users/tsjang/rhwp/output/review-planet6897-6125-6153-6155-20260827/visual-sweep/issue5700-original-p139/issue5700-original-p139/render_tree/render_tree_102.json
  → /Users/tsjang/rhwp/output/review-planet6897-6125-6153-6155-20260827/visual-sweep/issue5700-original-p139/issue5700-original-p139/render_tree/render_tree_103.json
  → /Users/tsjang/rhwp/output/review-planet6897-6125-6153-6155-20260827/visual-sweep/issue5700-original-p139/issue5700-original-p139/render_tree/render_tree_104.json
  → /Users/tsjang/rhwp/output/review-planet6897-6125-6153-6155-20260827/visual-sweep/issue5700-original-p139/issue5700-original-p139/render_tree/render_tree_105.json
  → /Users/tsjang/rhwp/output/review-planet6897-6125-6153-6155-20260827/visual-sweep/issue5700-original-p139/issue5700-original-p139/render_tree/render_tree_106.json
  → /Users/tsjang/rhwp/output/review-planet6897-6125-6153-6155-20260827/visual-sweep/issue5700-original-p139/issue5700-original-p139/render_tree/render_tree_107.json
  → /Users/tsjang/rhwp/output/review-planet6897-6125-6153-6155-20260827/visual-sweep/issue5700-original-p139/issue5700-original-p139/render_tree/render_tree_108.json
  → /Users/tsjang/rhwp/output/review-planet6897-6125-6153-6155-20260827/visual-sweep/issue5700-original-p139/issue5700-original-p139/render_tree/render_tree_109.json
  → /Users/tsjang/rhwp/output/review-planet6897-6125-6153-6155-20260827/visual-sweep/issue5700-original-p139/issue5700-original-p139/render_tree/render_tree_110.json
  → /Users/tsjang/rhwp/output/review-planet6897-6125-6153-6155-20260827/visual-sweep/issue5700-original-p139/issue5700-original-p139/render_tree/render_tree_111.json
  → /Users/tsjang/rhwp/output/review-planet6897-6125-6153-6155-20260827/visual-sweep/issue5700-original-p139/issue5700-original-p139/render_tree/render_tree_112.json
  → /Users/tsjang/rhwp/output/review-planet6897-6125-6153-6155-20260827/visual-sweep/issue5700-original-p139/issue5700-original-p139/render_tree/render_tree_113.json
  → /Users/tsjang/rhwp/output/review-planet6897-6125-6153-6155-20260827/visual-sweep/issue5700-original-p139/issue5700-original-p139/render_tree/render_tree_114.json
  → /Users/tsjang/rhwp/output/review-planet6897-6125-6153-6155-20260827/visual-sweep/issue5700-original-p139/issue5700-original-p139/render_tree/render_tree_115.json
  → /Users/tsjang/rhwp/output/review-planet6897-6125-6153-6155-20260827/visual-sweep/issue5700-original-p139/issue5700-original-p139/render_tree/render_tree_116.json
  → /Users/tsjang/rhwp/output/review-planet6897-6125-6153-6155-20260827/visual-sweep/issue5700-original-p139/issue5700-original-p139/render_tree/render_tree_117.json
  → /Users/tsjang/rhwp/output/review-planet6897-6125-6153-6155-20260827/visual-sweep/issue5700-original-p139/issue5700-original-p139/render_tree/render_tree_118.json
  → /Users/tsjang/rhwp/output/review-planet6897-6125-6153-6155-20260827/visual-sweep/issue5700-original-p139/issue5700-original-p139/render_tree/render_tree_119.json
  → /Users/tsjang/rhwp/output/review-planet6897-6125-6153-6155-20260827/visual-sweep/issue5700-original-p139/issue5700-original-p139/render_tree/render_tree_120.json
  → /Users/tsjang/rhwp/output/review-planet6897-6125-6153-6155-20260827/visual-sweep/issue5700-original-p139/issue5700-original-p139/render_tree/render_tree_121.json
  → /Users/tsjang/rhwp/output/review-planet6897-6125-6153-6155-20260827/visual-sweep/issue5700-original-p139/issue5700-original-p139/render_tree/render_tree_122.json
  → /Users/tsjang/rhwp/output/review-planet6897-6125-6153-6155-20260827/visual-sweep/issue5700-original-p139/issue5700-original-p139/render_tree/render_tree_123.json
  → /Users/tsjang/rhwp/output/review-planet6897-6125-6153-6155-20260827/visual-sweep/issue5700-original-p139/issue5700-original-p139/render_tree/render_tree_124.json
  → /Users/tsjang/rhwp/output/review-planet6897-6125-6153-6155-20260827/visual-sweep/issue5700-original-p139/issue5700-original-p139/render_tree/render_tree_125.json
  → /Users/tsjang/rhwp/output/review-planet6897-6125-6153-6155-20260827/visual-sweep/issue5700-original-p139/issue5700-original-p139/render_tree/render_tree_126.json
  → /Users/tsjang/rhwp/output/review-planet6897-6125-6153-6155-20260827/visual-sweep/issue5700-original-p139/issue5700-original-p139/render_tree/render_tree_127.json
  → /Users/tsjang/rhwp/output/review-planet6897-6125-6153-6155-20260827/visual-sweep/issue5700-original-p139/issue5700-original-p139/render_tree/render_tree_128.json
  → /Users/tsjang/rhwp/output/review-planet6897-6125-6153-6155-20260827/visual-sweep/issue5700-original-p139/issue5700-original-p139/render_tree/render_tree_129.json
  → /Users/tsjang/rhwp/output/review-planet6897-6125-6153-6155-20260827/visual-sweep/issue5700-original-p139/issue5700-original-p139/render_tree/render_tree_130.json
  → /Users/tsjang/rhwp/output/review-planet6897-6125-6153-6155-20260827/visual-sweep/issue5700-original-p139/issue5700-original-p139/render_tree/render_tree_131.json
  → /Users/tsjang/rhwp/output/review-planet6897-6125-6153-6155-20260827/visual-sweep/issue5700-original-p139/issue5700-original-p139/render_tree/render_tree_132.json
  → /Users/tsjang/rhwp/output/review-planet6897-6125-6153-6155-20260827/visual-sweep/issue5700-original-p139/issue5700-original-p139/render_tree/render_tree_133.json
  → /Users/tsjang/rhwp/output/review-planet6897-6125-6153-6155-20260827/visual-sweep/issue5700-original-p139/issue5700-original-p139/render_tree/render_tree_134.json
  → /Users/tsjang/rhwp/output/review-planet6897-6125-6153-6155-20260827/visual-sweep/issue5700-original-p139/issue5700-original-p139/render_tree/render_tree_135.json
  → /Users/tsjang/rhwp/output/review-planet6897-6125-6153-6155-20260827/visual-sweep/issue5700-original-p139/issue5700-original-p139/render_tree/render_tree_136.json
  → /Users/tsjang/rhwp/output/review-planet6897-6125-6153-6155-20260827/visual-sweep/issue5700-original-p139/issue5700-original-p139/render_tree/render_tree_137.json
  → /Users/tsjang/rhwp/output/review-planet6897-6125-6153-6155-20260827/visual-sweep/issue5700-original-p139/issue5700-original-p139/render_tree/render_tree_138.json
  → /Users/tsjang/rhwp/output/review-planet6897-6125-6153-6155-20260827/visual-sweep/issue5700-original-p139/issue5700-original-p139/render_tree/render_tree_139.json
  → /Users/tsjang/rhwp/output/review-planet6897-6125-6153-6155-20260827/visual-sweep/issue5700-original-p139/issue5700-original-p139/render_tree/render_tree_140.json
  → /Users/tsjang/rhwp/output/review-planet6897-6125-6153-6155-20260827/visual-sweep/issue5700-original-p139/issue5700-original-p139/render_tree/render_tree_141.json
  → /Users/tsjang/rhwp/output/review-planet6897-6125-6153-6155-20260827/visual-sweep/issue5700-original-p139/issue5700-original-p139/render_tree/render_tree_142.json
  → /Users/tsjang/rhwp/output/review-planet6897-6125-6153-6155-20260827/visual-sweep/issue5700-original-p139/issue5700-original-p139/render_tree/render_tree_143.json
  → /Users/tsjang/rhwp/output/review-planet6897-6125-6153-6155-20260827/visual-sweep/issue5700-original-p139/issue5700-original-p139/render_tree/render_tree_144.json
  → /Users/tsjang/rhwp/output/review-planet6897-6125-6153-6155-20260827/visual-sweep/issue5700-original-p139/issue5700-original-p139/render_tree/render_tree_145.json
  → /Users/tsjang/rhwp/output/review-planet6897-6125-6153-6155-20260827/visual-sweep/issue5700-original-p139/issue5700-original-p139/render_tree/render_tree_146.json
  → /Users/tsjang/rhwp/output/review-planet6897-6125-6153-6155-20260827/visual-sweep/issue5700-original-p139/issue5700-original-p139/render_tree/render_tree_147.json
  → /Users/tsjang/rhwp/output/review-planet6897-6125-6153-6155-20260827/visual-sweep/issue5700-original-p139/issue5700-original-p139/render_tree/render_tree_148.json
  → /Users/tsjang/rhwp/output/review-planet6897-6125-6153-6155-20260827/visual-sweep/issue5700-original-p139/issue5700-original-p139/render_tree/render_tree_149.json
  → /Users/tsjang/rhwp/output/review-planet6897-6125-6153-6155-20260827/visual-sweep/issue5700-original-p139/issue5700-original-p139/render_tree/render_tree_150.json
  → /Users/tsjang/rhwp/output/review-planet6897-6125-6153-6155-20260827/visual-sweep/issue5700-original-p139/issue5700-original-p139/render_tree/render_tree_151.json
  → /Users/tsjang/rhwp/output/review-planet6897-6125-6153-6155-20260827/visual-sweep/issue5700-original-p139/issue5700-original-p139/render_tree/render_tree_152.json
  → /Users/tsjang/rhwp/output/review-planet6897-6125-6153-6155-20260827/visual-sweep/issue5700-original-p139/issue5700-original-p139/render_tree/render_tree_153.json
  → /Users/tsjang/rhwp/output/review-planet6897-6125-6153-6155-20260827/visual-sweep/issue5700-original-p139/issue5700-original-p139/render_tree/render_tree_154.json
  → /Users/tsjang/rhwp/output/review-planet6897-6125-6153-6155-20260827/visual-sweep/issue5700-original-p139/issue5700-original-p139/render_tree/render_tree_155.json
  → /Users/tsjang/rhwp/output/review-planet6897-6125-6153-6155-20260827/visual-sweep/issue5700-original-p139/issue5700-original-p139/render_tree/render_tree_156.json
내보내기 완료: 156개 render tree JSON 파일 → /Users/tsjang/rhwp/output/review-planet6897-6125-6153-6155-20260827/visual-sweep/issue5700-original-p139/issue5700-original-p139/render_tree/
LAYOUT_OVERFLOW: page=2, sec=0, col=0, para=25, type=FullParagraph, first=false, y=1021.6, bottom=1009.1, overflow=12.5px
LAYOUT_OVERFLOW_DRAW: section=0 pi=37 line=2 y=1015.0 col_bottom=1009.1 overflow=5.9px
LAYOUT_OVERFLOW: page=4, sec=0, col=0, para=37, type=FullParagraph, first=false, y=1015.0, bottom=1009.1, overflow=5.9px
LAYOUT_OVERFLOW_DRAW: section=0 pi=73 line=2 y=1025.8 col_bottom=1009.1 overflow=16.7px
LAYOUT_OVERFLOW: page=8, sec=0, col=0, para=73, type=FullParagraph, first=false, y=1025.8, bottom=1009.1, overflow=16.7px
LAYOUT_OVERFLOW_DRAW: section=0 pi=429 line=1 y=1031.0 col_bottom=1009.1 overflow=21.9px
LAYOUT_OVERFLOW: page=46, sec=0, col=0, para=429, type=FullParagraph, first=false, y=1031.0, bottom=1009.1, overflow=21.9px
LAYOUT_OVERFLOW_DRAW: section=0 pi=496 line=2 y=1012.7 col_bottom=1009.1 overflow=3.6px
LAYOUT_OVERFLOW_DRAW: section=0 pi=496 line=3 y=1034.7 col_bottom=1009.1 overflow=25.6px
LAYOUT_OVERFLOW: page=51, sec=0, col=0, para=496, type=FullParagraph, first=false, y=1034.7, bottom=1009.1, overflow=25.6px
LAYOUT_OVERFLOW: page=3, sec=2, col=0, para=69, type=FullParagraph, first=false, y=1012.2, bottom=1009.1, overflow=3.1px
LAYOUT_OVERFLOW_DRAW: section=2 pi=220 line=0 y=1026.8 col_bottom=1009.1 overflow=17.7px
LAYOUT_OVERFLOW: page=16, sec=2, col=0, para=220, type=PartialParagraph, first=false, y=1026.8, bottom=1009.1, overflow=17.7px
LAYOUT_OVERFLOW_DRAW: section=2 pi=381 line=1 y=1014.2 col_bottom=1009.1 overflow=5.1px
LAYOUT_OVERFLOW_DRAW: section=2 pi=381 line=2 y=1036.2 col_bottom=1009.1 overflow=27.1px
LAYOUT_OVERFLOW: page=34, sec=2, col=0, para=381, type=PartialParagraph, first=false, y=1036.2, bottom=1009.1, overflow=27.1px
LAYOUT_OVERFLOW_DRAW: section=2 pi=394 line=2 y=1020.3 col_bottom=1009.1 overflow=11.2px
LAYOUT_OVERFLOW: page=35, sec=2, col=0, para=394, type=PartialParagraph, first=false, y=1020.3, bottom=1009.1, overflow=11.2px
LAYOUT_OVERFLOW_DRAW: section=2 pi=404 line=1 y=1020.4 col_bottom=1009.1 overflow=11.3px
LAYOUT_OVERFLOW_DRAW: section=2 pi=404 line=2 y=1042.4 col_bottom=1009.1 overflow=33.3px
LAYOUT_OVERFLOW: page=36, sec=2, col=0, para=404, type=PartialParagraph, first=false, y=1042.4, bottom=1009.1, overflow=33.3px
LAYOUT_OVERFLOW_DRAW: section=2 pi=759 line=1 y=1019.5 col_bottom=1009.1 overflow=10.4px
LAYOUT_OVERFLOW: page=79, sec=2, col=0, para=759, type=PartialParagraph, first=false, y=1019.5, bottom=1009.1, overflow=10.4px
