status=0
input=/home/tsjang/rhwp/samples/issue6031/3249937_asset_management_rules.hwpx
source_input=/home/tsjang/rhwp/samples/issue6031/3249937_asset_management_rules.hwpx
preprocess=none
target=pdf
run_cwd=/home/tsjang/hwp-convert
timeout=300s
open_method=action
save_method=action
save_action=PrintToPDFEx
pdf_export_mode=print
print_method=0
page_setup=none
patch_table_last_row_count=0
pdf_page_match=ok
pdf_page_match_log=/home/tsjang/hwp-convert/out/3249937_asset_management_rules-to-pdf-2020.log
pdf_editor_pages=60
pdf_pages=60
pdf_content_check=ok_min_size
pdf_output_bytes=1317631
pdf_min_bytes=4096
output=/home/tsjang/rhwp/pdf/pr_6088_6144/local_hancom2020/pr_6088_issue6031_asset_management_rules_action-local2020.pdf
log=/home/tsjang/hwp-convert/out/3249937_asset_management_rules-to-pdf-2020.log
4:stage119_deleting_dtor_290f50 patch applied at 0x749744690f50 size=1
5:stage119_null_out_store_2865c9 patch applied at 0x7497446865c9 size=3
6:stage119_lifetime_guards enabled
7:stage119_open_attach_3f4740 hook applied target=0x7497439f4740 hook=0x619b0b26212f trampoline=0x74974974f000 patch_size=16
8:stage119_view_create_379510 hook applied target=0x749743979510 hook=0x619b0b2626cb trampoline=0x74974974e000 patch_size=13
9:stage119_runtime_hooks enabled core_base=0x749743600000 open_thunk=0x7497439f4740 open_inner=0x7497439f02d0 view_create=0x749743979510
312:stage119_view_create_hook self=0x619b43cfb2d0 hwnd=0x619b43da1860 rect=0x7ffe04732940 marker=0 ctrl=0
313:  stage119_view_candidate=0x619b43cfb2d0 vtable=0x7497441f2810 entry0=0x749743997fd0 /opt/hnc/hoffice11/Bin/libCoreEngine.so+0x397fd0
314:  stage119_view_candidate_slots=0x619b43cfb2d0 [+0]=0x7497441f2810 [+8]=0x749700000001 [+10]=0x7497441f2d70 [+18]=0 [+20]=0 [+28]=0 [+30]=0x74973f567b80 [+38]=0x1 [+40]=0 [+48]=0 [+50]=0x7497441f2da8 [+58]=0x7497441f2e28 [+60]=0x7497441f2e50 [+68]=0 [+70]=0 [+78]=0
315:stage119_view_create_hook_after result=0x1 view_candidate=0x619b43cfb2d0
959:stage119_view_create_hook self=0x619b44404870 hwnd=0x619b470d77e0 rect=0x7ffe04731630 marker=0 ctrl=0x619b43cdbcd0
960:  stage119_view_candidate=0x619b44404870 vtable=0x7497441f2810 entry0=0x749743997fd0 /opt/hnc/hoffice11/Bin/libCoreEngine.so+0x397fd0
961:  stage119_view_candidate_slots=0x619b44404870 [+0]=0x7497441f2810 [+8]=0x619b00000001 [+10]=0x7497441f2d70 [+18]=0 [+20]=0x619b4453ed00 [+28]=0 [+30]=0x74973f567b80 [+38]=0x1 [+40]=0 [+48]=0x749700000000 [+50]=0x7497441f2da8 [+58]=0x7497441f2e28 [+60]=0x7497441f2e50 [+68]=0 [+70]=0x619b44405030 [+78]=0x619b00000000
968:stage119_view_create_hook_after result=0x1 view_candidate=0x619b44404870
1011:stage119_open_attach_hook self=0x619b4714bab8 owner_candidate=0x619b4714bab0 inner=0x619b47142460 mode=0 out=0x619b470ec888 path_prefix=/home/tsjang/rhwp/samples/issue6031/3249937_asset_management_rules.hwpx
1012:  stage119_open_owner_candidate=0x619b4714bab0 vtable=0x7497441d3770 entry0=0x7497439f3a70 /opt/hnc/hoffice11/Bin/libCoreEngine.so+0x3f3a70
1013:  stage119_open_owner_candidate_slots=0x619b4714bab0 [+0]=0x7497441d3770 [+8]=0x7497441d3bd8 [+10]=0x619b47142460 [+18]=0x5e41 [+20]=0x20080000005e38 [+28]=0 [+30]=0 [+38]=0 [+40]=0 [+48]=0 [+50]=0 [+58]=0
1023:stage119_open_attach_hook_after result=1 doc_candidate=0x619b4714bab0
1059:stage113_bind_doc_candidate begin ctrl=0x619b43cdbcd0 global_ctrl=0x619b43cdbcd0 old_doc=0x619b43ceb350 candidate=0x619b4714bab0
1060:stage113_bind_doc_candidate_object=0x619b4714bab0 vtable=0x7497441d3770 entry0=0x7497439f3a70 /opt/hnc/hoffice11/Bin/libCoreEngine.so+0x3f3a70
1061:stage113_bind_doc_candidate_slots=0x619b4714bab0 [+0]=0x7497441d3770 [+8]=0x7497441d3bd8 [+10]=0x619b47142460 [+18]=0x5e41 [+20]=0x20080000005e38 [+28]=0 [+30]=0 [+38]=0 [+40]=0 [+48]=0 [+50]=0 [+58]=0
1062:stage113_bind_doc_candidate applied slot=ctrl+0x50 old_doc=0x619b43ceb350 new_doc=0x619b4714bab0
1084:stage118_bind_view_candidate begin ctrl=0x619b43cdbcd0 old_view=0x619b43cfb2d0 candidate=0x619b44404870
1085:stage118_view_candidate object=0x619b44404870 vtable=0x7497441f2810
1102:stage118_view_candidate_slots=0x619b44404870 [+0]=0x7497441f2810 [+8]=0x619b00000001 [+10]=0x7497441f2d70 [+18]=0x619b444c95c0 [+20]=0x619b4453ed00 [+28]=0 [+30]=0x74973f567b80 [+38]=0x1 [+40]=0 [+48]=0x749700000000 [+50]=0x7497441f2da8 [+58]=0x7497441f2e28 [+60]=0x7497441f2e50 [+68]=0 [+70]=0x619b44405030 [+78]=0x619b00000000
1103:stage118_bind_view_candidate applied slot=ctrl+0x40 old_view=0x619b43cfb2d0 new_view=0x619b44404870
1543:action_save_result=1 output_size=1317631
1545:exiting via _Exit status=0
-rw-rw-r-- 1 tsjang tsjang 1317631 Aug 26 20:00 /home/tsjang/rhwp/pdf/pr_6088_6144/local_hancom2020/pr_6088_issue6031_asset_management_rules_action-local2020.pdf
/home/tsjang/rhwp/pdf/pr_6088_6144/local_hancom2020/pr_6088_issue6031_asset_management_rules_action-local2020.pdf: PDF document, version 1.7
