status=0
input=/home/tsjang/rhwp/samples/issue6095/3090867_icepack_levy_criteria.hwpx
source_input=/home/tsjang/rhwp/samples/issue6095/3090867_icepack_levy_criteria.hwpx
preprocess=none
target=pdf
run_cwd=/home/tsjang/hwp-convert
timeout=300s
open_method=action
save_method=action
save_action=PrintToPDFEx
pdf_export_mode=print
print_method=0
page_setup=none
patch_table_last_row_count=0
transient_retry_count=1
transient_retry_1_status=139->0
transient_retry_1_log=/home/tsjang/hwp-convert/out/3090867_icepack_levy_criteria-to-pdf-2020.log.retry-1
pdf_page_match=ok
pdf_page_match_log=/home/tsjang/hwp-convert/out/3090867_icepack_levy_criteria-to-pdf-2020.log.retry-1
pdf_editor_pages=2
pdf_pages=2
pdf_content_check=ok_min_size
pdf_output_bytes=127284
pdf_min_bytes=4096
output=/home/tsjang/rhwp/pdf/pr_6088_6144/local_hancom2020/pr_6100_issue6095_icepack_levy_criteria-local2020.pdf
log=/home/tsjang/hwp-convert/out/3090867_icepack_levy_criteria-to-pdf-2020.log
/home/tsjang/hwp-convert/out/3090867_icepack_levy_criteria-to-pdf-2020.log.retry-1:4:stage119_deleting_dtor_290f50 patch applied at 0x7e8a1d090f50 size=1
/home/tsjang/hwp-convert/out/3090867_icepack_levy_criteria-to-pdf-2020.log.retry-1:5:stage119_null_out_store_2865c9 patch applied at 0x7e8a1d0865c9 size=3
/home/tsjang/hwp-convert/out/3090867_icepack_levy_criteria-to-pdf-2020.log.retry-1:6:stage119_lifetime_guards enabled
/home/tsjang/hwp-convert/out/3090867_icepack_levy_criteria-to-pdf-2020.log.retry-1:7:stage119_open_attach_3f4740 hook applied target=0x7e8a1c3f4740 hook=0x6303572d312f trampoline=0x7e8a222a1000 patch_size=16
/home/tsjang/hwp-convert/out/3090867_icepack_levy_criteria-to-pdf-2020.log.retry-1:8:stage119_view_create_379510 hook applied target=0x7e8a1c379510 hook=0x6303572d36cb trampoline=0x7e8a222a0000 patch_size=13
/home/tsjang/hwp-convert/out/3090867_icepack_levy_criteria-to-pdf-2020.log.retry-1:9:stage119_runtime_hooks enabled core_base=0x7e8a1c000000 open_thunk=0x7e8a1c3f4740 open_inner=0x7e8a1c3f02d0 view_create=0x7e8a1c379510
/home/tsjang/hwp-convert/out/3090867_icepack_levy_criteria-to-pdf-2020.log.retry-1:312:stage119_view_create_hook self=0x630372aab2d0 hwnd=0x630372a82d50 rect=0x7ffcb2dc2b30 marker=0 ctrl=0
/home/tsjang/hwp-convert/out/3090867_icepack_levy_criteria-to-pdf-2020.log.retry-1:313:  stage119_view_candidate=0x630372aab2d0 vtable=0x7e8a1cbf2810 entry0=0x7e8a1c397fd0 /opt/hnc/hoffice11/Bin/libCoreEngine.so+0x397fd0
/home/tsjang/hwp-convert/out/3090867_icepack_levy_criteria-to-pdf-2020.log.retry-1:314:  stage119_view_candidate_slots=0x630372aab2d0 [+0]=0x7e8a1cbf2810 [+8]=0x7e8a00000001 [+10]=0x7e8a1cbf2d70 [+18]=0 [+20]=0 [+28]=0 [+30]=0x7e8a17f67b80 [+38]=0x1 [+40]=0 [+48]=0 [+50]=0x7e8a1cbf2da8 [+58]=0x7e8a1cbf2e28 [+60]=0x7e8a1cbf2e50 [+68]=0 [+70]=0 [+78]=0
/home/tsjang/hwp-convert/out/3090867_icepack_levy_criteria-to-pdf-2020.log.retry-1:315:stage119_view_create_hook_after result=0x1 view_candidate=0x630372aab2d0
/home/tsjang/hwp-convert/out/3090867_icepack_levy_criteria-to-pdf-2020.log.retry-1:959:stage119_view_create_hook self=0x630373203e90 hwnd=0x630375ea7e90 rect=0x7ffcb2dc1820 marker=0 ctrl=0x630372a8bcd0
/home/tsjang/hwp-convert/out/3090867_icepack_levy_criteria-to-pdf-2020.log.retry-1:960:  stage119_view_candidate=0x630373203e90 vtable=0x7e8a1cbf2810 entry0=0x7e8a1c397fd0 /opt/hnc/hoffice11/Bin/libCoreEngine.so+0x397fd0
/home/tsjang/hwp-convert/out/3090867_icepack_levy_criteria-to-pdf-2020.log.retry-1:961:  stage119_view_candidate_slots=0x630373203e90 [+0]=0x7e8a1cbf2810 [+8]=0x7e8a00000001 [+10]=0x7e8a1cbf2d70 [+18]=0 [+20]=0x6303731d7600 [+28]=0 [+30]=0x7e8a17f67b80 [+38]=0x1 [+40]=0 [+48]=0x7e8a00000000 [+50]=0x7e8a1cbf2da8 [+58]=0x7e8a1cbf2e28 [+60]=0x7e8a1cbf2e50 [+68]=0 [+70]=0x6305432a44e3 [+78]=0x7e8a00000000
/home/tsjang/hwp-convert/out/3090867_icepack_levy_criteria-to-pdf-2020.log.retry-1:968:stage119_view_create_hook_after result=0x1 view_candidate=0x630373203e90
/home/tsjang/hwp-convert/out/3090867_icepack_levy_criteria-to-pdf-2020.log.retry-1:1011:stage119_open_attach_hook self=0x630375f1c198 owner_candidate=0x630375f1c190 inner=0x630375f12b40 mode=0 out=0x630375ebcf38 path_prefix=/home/tsjang/rhwp/samples/issue6095/3090867_icepack_levy_criteria.hwpx
/home/tsjang/hwp-convert/out/3090867_icepack_levy_criteria-to-pdf-2020.log.retry-1:1012:  stage119_open_owner_candidate=0x630375f1c190 vtable=0x7e8a1cbd3770 entry0=0x7e8a1c3f3a70 /opt/hnc/hoffice11/Bin/libCoreEngine.so+0x3f3a70
/home/tsjang/hwp-convert/out/3090867_icepack_levy_criteria-to-pdf-2020.log.retry-1:1013:  stage119_open_owner_candidate_slots=0x630375f1c190 [+0]=0x7e8a1cbd3770 [+8]=0x7e8a1cbd3bd8 [+10]=0x630375f12b40 [+18]=0x6041 [+20]=0 [+28]=0 [+30]=0 [+38]=0 [+40]=0 [+48]=0 [+50]=0 [+58]=0
/home/tsjang/hwp-convert/out/3090867_icepack_levy_criteria-to-pdf-2020.log.retry-1:1023:stage119_open_attach_hook_after result=1 doc_candidate=0x630375f1c190
/home/tsjang/hwp-convert/out/3090867_icepack_levy_criteria-to-pdf-2020.log.retry-1:1059:stage113_bind_doc_candidate begin ctrl=0x630372a8bcd0 global_ctrl=0x630372a8bcd0 old_doc=0x630372a9b350 candidate=0x630375f1c190
/home/tsjang/hwp-convert/out/3090867_icepack_levy_criteria-to-pdf-2020.log.retry-1:1060:stage113_bind_doc_candidate_object=0x630375f1c190 vtable=0x7e8a1cbd3770 entry0=0x7e8a1c3f3a70 /opt/hnc/hoffice11/Bin/libCoreEngine.so+0x3f3a70
/home/tsjang/hwp-convert/out/3090867_icepack_levy_criteria-to-pdf-2020.log.retry-1:1061:stage113_bind_doc_candidate_slots=0x630375f1c190 [+0]=0x7e8a1cbd3770 [+8]=0x7e8a1cbd3bd8 [+10]=0x630375f12b40 [+18]=0x6041 [+20]=0 [+28]=0 [+30]=0 [+38]=0 [+40]=0 [+48]=0 [+50]=0 [+58]=0
/home/tsjang/hwp-convert/out/3090867_icepack_levy_criteria-to-pdf-2020.log.retry-1:1062:stage113_bind_doc_candidate applied slot=ctrl+0x50 old_doc=0x630372a9b350 new_doc=0x630375f1c190
/home/tsjang/hwp-convert/out/3090867_icepack_levy_criteria-to-pdf-2020.log.retry-1:1084:stage118_bind_view_candidate begin ctrl=0x630372a8bcd0 old_view=0x630372aab2d0 candidate=0x630373203e90
/home/tsjang/hwp-convert/out/3090867_icepack_levy_criteria-to-pdf-2020.log.retry-1:1085:stage118_view_candidate object=0x630373203e90 vtable=0x7e8a1cbf2810
/home/tsjang/hwp-convert/out/3090867_icepack_levy_criteria-to-pdf-2020.log.retry-1:1102:stage118_view_candidate_slots=0x630373203e90 [+0]=0x7e8a1cbf2810 [+8]=0x7e8a00000001 [+10]=0x7e8a1cbf2d70 [+18]=0x630372c9f490 [+20]=0x6303731d7600 [+28]=0 [+30]=0x7e8a17f67b80 [+38]=0x1 [+40]=0 [+48]=0x7e8a00000000 [+50]=0x7e8a1cbf2da8 [+58]=0x7e8a1cbf2e28 [+60]=0x7e8a1cbf2e50 [+68]=0 [+70]=0x6305432a44e3 [+78]=0x7e8a00000000
/home/tsjang/hwp-convert/out/3090867_icepack_levy_criteria-to-pdf-2020.log.retry-1:1103:stage118_bind_view_candidate applied slot=ctrl+0x40 old_view=0x630372aab2d0 new_view=0x630373203e90
/home/tsjang/hwp-convert/out/3090867_icepack_levy_criteria-to-pdf-2020.log.retry-1:1543:action_save_result=1 output_size=127284
/home/tsjang/hwp-convert/out/3090867_icepack_levy_criteria-to-pdf-2020.log.retry-1:1545:exiting via _Exit status=0
/home/tsjang/hwp-convert/out/3090867_icepack_levy_criteria-to-pdf-2020.log:4:stage119_deleting_dtor_290f50 patch applied at 0x7a7319a90f50 size=1
/home/tsjang/hwp-convert/out/3090867_icepack_levy_criteria-to-pdf-2020.log:5:stage119_null_out_store_2865c9 patch applied at 0x7a7319a865c9 size=3
/home/tsjang/hwp-convert/out/3090867_icepack_levy_criteria-to-pdf-2020.log:6:stage119_lifetime_guards enabled
/home/tsjang/hwp-convert/out/3090867_icepack_levy_criteria-to-pdf-2020.log:7:stage119_open_attach_3f4740 hook applied target=0x7a7318df4740 hook=0x60cb6522f12f trampoline=0x7a731eb93000 patch_size=16
/home/tsjang/hwp-convert/out/3090867_icepack_levy_criteria-to-pdf-2020.log:8:stage119_view_create_379510 hook applied target=0x7a7318d79510 hook=0x60cb6522f6cb trampoline=0x7a731eb92000 patch_size=13
/home/tsjang/hwp-convert/out/3090867_icepack_levy_criteria-to-pdf-2020.log:9:stage119_runtime_hooks enabled core_base=0x7a7318a00000 open_thunk=0x7a7318df4740 open_inner=0x7a7318df02d0 view_create=0x7a7318d79510
/home/tsjang/hwp-convert/out/3090867_icepack_levy_criteria-to-pdf-2020.log:312:stage119_view_create_hook self=0x60cb7ff0e2d0 hwnd=0x60cb7ffb43a0 rect=0x7ffd06c40d70 marker=0 ctrl=0
/home/tsjang/hwp-convert/out/3090867_icepack_levy_criteria-to-pdf-2020.log:313:  stage119_view_candidate=0x60cb7ff0e2d0 vtable=0x7a73195f2810 entry0=0x7a7318d97fd0 /opt/hnc/hoffice11/Bin/libCoreEngine.so+0x397fd0
/home/tsjang/hwp-convert/out/3090867_icepack_levy_criteria-to-pdf-2020.log:314:  stage119_view_candidate_slots=0x60cb7ff0e2d0 [+0]=0x7a73195f2810 [+8]=0x7a7300000001 [+10]=0x7a73195f2d70 [+18]=0 [+20]=0 [+28]=0 [+30]=0x7a7314967b80 [+38]=0x1 [+40]=0 [+48]=0 [+50]=0x7a73195f2da8 [+58]=0x7a73195f2e28 [+60]=0x7a73195f2e50 [+68]=0 [+70]=0 [+78]=0
/home/tsjang/hwp-convert/out/3090867_icepack_levy_criteria-to-pdf-2020.log:315:stage119_view_create_hook_after result=0x1 view_candidate=0x60cb7ff0e2d0
/home/tsjang/hwp-convert/out/3090867_icepack_levy_criteria-to-pdf-2020.log:943:stage119_view_create_hook self=0x60cb80590eb0 hwnd=0x60cb832e94f0 rect=0x7ffd06c3fa60 marker=0 ctrl=0x60cb7feeecd0
/home/tsjang/hwp-convert/out/3090867_icepack_levy_criteria-to-pdf-2020.log:944:  stage119_view_candidate=0x60cb80590eb0 vtable=0x7a73195f2810 entry0=0x7a7318d97fd0 /opt/hnc/hoffice11/Bin/libCoreEngine.so+0x397fd0
/home/tsjang/hwp-convert/out/3090867_icepack_levy_criteria-to-pdf-2020.log:945:  stage119_view_candidate_slots=0x60cb80590eb0 [+0]=0x7a73195f2810 [+8]=0x60cb00000001 [+10]=0x7a73195f2d70 [+18]=0 [+20]=0x60cb80590b00 [+28]=0 [+30]=0x7a7314967b80 [+38]=0x1 [+40]=0 [+48]=0x7a7300000000 [+50]=0x7a73195f2da8 [+58]=0x7a73195f2e28 [+60]=0x7a73195f2e50 [+68]=0 [+70]=0x60cb80691e60 [+78]=0x60cb00000000
/home/tsjang/hwp-convert/out/3090867_icepack_levy_criteria-to-pdf-2020.log:946:stage119_view_create_hook_after result=0x1 view_candidate=0x60cb80590eb0
/home/tsjang/hwp-convert/out/3090867_icepack_levy_criteria-to-pdf-2020.log:986:stage119_open_attach_hook self=0x60cb8335d508 owner_candidate=0x60cb8335d500 inner=0x60cb83353eb0 mode=0 out=0x60cb832fe598 path_prefix=/home/tsjang/rhwp/samples/issue6095/3090867_icepack_levy_criteria.hwpx
/home/tsjang/hwp-convert/out/3090867_icepack_levy_criteria-to-pdf-2020.log:987:  stage119_open_owner_candidate=0x60cb8335d500 vtable=0x7a73195d3770 entry0=0x7a7318df3a70 /opt/hnc/hoffice11/Bin/libCoreEngine.so+0x3f3a70
/home/tsjang/hwp-convert/out/3090867_icepack_levy_criteria-to-pdf-2020.log:988:  stage119_open_owner_candidate_slots=0x60cb8335d500 [+0]=0x7a73195d3770 [+8]=0x7a73195d3bd8 [+10]=0x60cb83353eb0 [+18]=0x5e41 [+20]=0x20080000005e38 [+28]=0 [+30]=0 [+38]=0 [+40]=0 [+48]=0 [+50]=0 [+58]=0
-rw-rw-r-- 1 tsjang tsjang 127284 Aug 26 19:53 /home/tsjang/rhwp/pdf/pr_6088_6144/local_hancom2020/pr_6100_issue6095_icepack_levy_criteria-local2020.pdf
/home/tsjang/rhwp/pdf/pr_6088_6144/local_hancom2020/pr_6100_issue6095_icepack_levy_criteria-local2020.pdf: PDF document, version 1.7

--- STDERR ---
/home/tsjang/hwp-convert/tools/hwp2020_convert.sh: line 335: 1928885 Segmentation fault      env LD_LIBRARY_PATH="${repo_dir}:/opt/hnc/hoffice11/Bin:/opt/hnc/hoffice11/Bin/qt/lib" QT_PLUGIN_PATH=/opt/hnc/hoffice11/Bin/qt/plugins QT_QPA_PLATFORM_PLUGIN_PATH=/opt/hnc/hoffice11/Bin/qt/plugins/platforms QT_QPA_PLATFORM=offscreen DISPLAY="${DISPLAY:-:10.0}" XAUTHORITY="${XAUTHORITY:-${runtime_home}/.Xauthority}" DBUS_SESSION_BUS_ADDRESS="${DBUS_SESSION_BUS_ADDRESS:-unix:path=/run/user/1000/bus}" LD_PRELOAD="${run_preload}" HWP_CURSOR_SHIM_LOG_LIMIT=20 HWP_DATETIME_SHIM_UNIT_BYTES=2 HWP_DATETIME_SHIM_RETURN_WITH_NUL=0 HWP_VFS_URI_TRACE_LIMIT=90 HWP_PROBE_PATCH_OFFICE_REGISTER_CALL=1 HWP_PROBE_PATCH_IMAGE_INIT_CALL=1 HWP_PROBE_PATCH_OPEN_DLG_SOURCE_VALUE_CONTEXT_FLAG=0 HWP_PROBE_GUARD_TRANSLATE_BAD_TARGET=1 HWP_PROBE_TRANSLATE_GUARD_LOG_LIMIT=4 HWP_PROBE_GUARD_CURSOR_QSTRING20_COPY=1 HWP_PROBE_CURSOR_QSTRING20_GUARD_LOG_LIMIT=4 HWP_PROBE_PATCH_STAGE119_LIFETIME_GUARDS=1 HWP_PROBE_INSTALL_STAGE119_RUNTIME_HOOKS=1 HWP_PROBE_PATCH_HSP_SET_FOCUS_NOOP=1 HWP_PROBE_INIT_OFFICE_CONTEXT=1 HWP_PROBE_INIT_ACTION_REGISTRY=1 HWP_PROBE_MANUAL_REGISTRY_NODE=OpenDlg HWP_PROBE_FORCE_FRAME_UI=1 HWP_PROBE_SET_OFFICE_SITE=office_context_site HWP_PROBE_DUMP_STATE=1 HWP_PROBE_DUMP_TEXT=1 HWP_PROBE_DUMP_MARKER=1 HWP_PROBE_DUMP_ACTIVE_BINDING_SLOTS=1 HWP_PROBE_DUMP_OFFICE_FRAMEWORK=1 HWP_PROBE_DUMP_EXECUTE_DELEGATE_STEPS=1 "${open_env[@]}" "${save_env[@]}" "${page_setup_env[@]}" "${patch_env[@]}" timeout "${convert_timeout}" "${repo_dir}/hwpctrl_probe" "${input_path}" "${output_path}" "${save_format}" > "${run_log_path}" 2>&1
