status=0
input=/home/tsjang/rhwp/samples/issue6102/36310257_overtime_report.hwpx
source_input=/home/tsjang/rhwp/samples/issue6102/36310257_overtime_report.hwpx
preprocess=none
target=pdf
run_cwd=/home/tsjang/hwp-convert
timeout=300s
open_method=action
save_method=action
save_action=PrintToPDFEx
pdf_export_mode=print
print_method=0
page_setup=none
patch_table_last_row_count=0
pdf_page_match=ok
pdf_page_match_log=/home/tsjang/hwp-convert/out/36310257_overtime_report-to-pdf-2020.log
pdf_editor_pages=1
pdf_pages=1
pdf_content_check=ok_min_size
pdf_output_bytes=52455
pdf_min_bytes=4096
output=/home/tsjang/rhwp/pdf/pr_6088_6144/local_hancom2020/pr_6113_issue6102_overtime_report-local2020.pdf
log=/home/tsjang/hwp-convert/out/36310257_overtime_report-to-pdf-2020.log
4:stage119_deleting_dtor_290f50 patch applied at 0x7fb33ea90f50 size=1
5:stage119_null_out_store_2865c9 patch applied at 0x7fb33ea865c9 size=3
6:stage119_lifetime_guards enabled
7:stage119_open_attach_3f4740 hook applied target=0x7fb33ddf4740 hook=0x57c34254312f trampoline=0x7fb343cc5000 patch_size=16
8:stage119_view_create_379510 hook applied target=0x7fb33dd79510 hook=0x57c3425436cb trampoline=0x7fb343cc4000 patch_size=13
9:stage119_runtime_hooks enabled core_base=0x7fb33da00000 open_thunk=0x7fb33ddf4740 open_inner=0x7fb33ddf02d0 view_create=0x7fb33dd79510
312:stage119_view_create_hook self=0x57c34b4122d0 hwnd=0x57c34b3e1140 rect=0x7ffd07a5a5a0 marker=0 ctrl=0
313:  stage119_view_candidate=0x57c34b4122d0 vtable=0x7fb33e5f2810 entry0=0x7fb33dd97fd0 /opt/hnc/hoffice11/Bin/libCoreEngine.so+0x397fd0
314:  stage119_view_candidate_slots=0x57c34b4122d0 [+0]=0x7fb33e5f2810 [+8]=0x7fb300000001 [+10]=0x7fb33e5f2d70 [+18]=0 [+20]=0 [+28]=0 [+30]=0x7fb339967b80 [+38]=0x1 [+40]=0 [+48]=0 [+50]=0x7fb33e5f2da8 [+58]=0x7fb33e5f2e28 [+60]=0x7fb33e5f2e50 [+68]=0 [+70]=0 [+78]=0
315:stage119_view_create_hook_after result=0x1 view_candidate=0x57c34b4122d0
959:stage119_view_create_hook self=0x57c34bbd2780 hwnd=0x57c34e80b0b0 rect=0x7ffd07a59290 marker=0 ctrl=0x57c34b3f2cd0
960:  stage119_view_candidate=0x57c34bbd2780 vtable=0x7fb33e5f2810 entry0=0x7fb33dd97fd0 /opt/hnc/hoffice11/Bin/libCoreEngine.so+0x397fd0
961:  stage119_view_candidate_slots=0x57c34bbd2780 [+0]=0x7fb33e5f2810 [+8]=0x57c300000001 [+10]=0x7fb33e5f2d70 [+18]=0 [+20]=0x57c34bc30500 [+28]=0 [+30]=0x7fb339967b80 [+38]=0x1 [+40]=0 [+48]=0x7fb300000000 [+50]=0x7fb33e5f2da8 [+58]=0x7fb33e5f2e28 [+60]=0x7fb33e5f2e50 [+68]=0 [+70]=0x57c34bbd0f50 [+78]=0x57c300000000
968:stage119_view_create_hook_after result=0x1 view_candidate=0x57c34bbd2780
1011:stage119_open_attach_hook self=0x57c34e8828a8 owner_candidate=0x57c34e8828a0 inner=0x57c34e879250 mode=0 out=0x57c34e823868 path_prefix=/home/tsjang/rhwp/samples/issue6102/36310257_overtime_report.hwpx
1012:  stage119_open_owner_candidate=0x57c34e8828a0 vtable=0x7fb33e5d3770 entry0=0x7fb33ddf3a70 /opt/hnc/hoffice11/Bin/libCoreEngine.so+0x3f3a70
1013:  stage119_open_owner_candidate_slots=0x57c34e8828a0 [+0]=0x7fb33e5d3770 [+8]=0x7fb33e5d3bd8 [+10]=0x57c34e879250 [+18]=0x5e41 [+20]=0x20080000005e38 [+28]=0 [+30]=0 [+38]=0 [+40]=0 [+48]=0 [+50]=0 [+58]=0
1023:stage119_open_attach_hook_after result=1 doc_candidate=0x57c34e8828a0
1059:stage113_bind_doc_candidate begin ctrl=0x57c34b3f2cd0 global_ctrl=0x57c34b3f2cd0 old_doc=0x57c34b402350 candidate=0x57c34e8828a0
1060:stage113_bind_doc_candidate_object=0x57c34e8828a0 vtable=0x7fb33e5d3770 entry0=0x7fb33ddf3a70 /opt/hnc/hoffice11/Bin/libCoreEngine.so+0x3f3a70
1061:stage113_bind_doc_candidate_slots=0x57c34e8828a0 [+0]=0x7fb33e5d3770 [+8]=0x7fb33e5d3bd8 [+10]=0x57c34e879250 [+18]=0x5e41 [+20]=0x20080000005e38 [+28]=0 [+30]=0 [+38]=0 [+40]=0 [+48]=0 [+50]=0 [+58]=0
1062:stage113_bind_doc_candidate applied slot=ctrl+0x50 old_doc=0x57c34b402350 new_doc=0x57c34e8828a0
1084:stage118_bind_view_candidate begin ctrl=0x57c34b3f2cd0 old_view=0x57c34b4122d0 candidate=0x57c34bbd2780
1085:stage118_view_candidate object=0x57c34bbd2780 vtable=0x7fb33e5f2810
1102:stage118_view_candidate_slots=0x57c34bbd2780 [+0]=0x7fb33e5f2810 [+8]=0x57c300000001 [+10]=0x7fb33e5f2d70 [+18]=0x57c34d2fd050 [+20]=0x57c34bc30500 [+28]=0 [+30]=0x7fb339967b80 [+38]=0x1 [+40]=0 [+48]=0x7fb300000000 [+50]=0x7fb33e5f2da8 [+58]=0x7fb33e5f2e28 [+60]=0x7fb33e5f2e50 [+68]=0 [+70]=0x57c34bbd0f50 [+78]=0x57c300000000
1103:stage118_bind_view_candidate applied slot=ctrl+0x40 old_view=0x57c34b4122d0 new_view=0x57c34bbd2780
1543:action_save_result=1 output_size=52455
1545:exiting via _Exit status=0
-rw-rw-r-- 1 tsjang tsjang 52455 Aug 26 19:53 /home/tsjang/rhwp/pdf/pr_6088_6144/local_hancom2020/pr_6113_issue6102_overtime_report-local2020.pdf
/home/tsjang/rhwp/pdf/pr_6088_6144/local_hancom2020/pr_6113_issue6102_overtime_report-local2020.pdf: PDF document, version 1.7
