status=0
input=/home/tsjang/rhwp/samples/issue6060/30307_local_service_reform.hwp
source_input=/home/tsjang/rhwp/samples/issue6060/30307_local_service_reform.hwp
preprocess=none
target=pdf
run_cwd=/home/tsjang/hwp-convert
timeout=300s
open_method=action
save_method=action
save_action=PrintToPDFEx
pdf_export_mode=print
print_method=0
page_setup=none
patch_table_last_row_count=0
pdf_page_match=ok
pdf_page_match_log=/home/tsjang/hwp-convert/out/30307_local_service_reform-to-pdf-2020.log
pdf_editor_pages=13
pdf_pages=13
pdf_content_check=ok_min_size
pdf_output_bytes=1461553
pdf_min_bytes=4096
output=/home/tsjang/rhwp/pdf/pr_6088_6144/local_hancom2020/pr_6093_6094_issue6060_local_service_reform-local2020.pdf
log=/home/tsjang/hwp-convert/out/30307_local_service_reform-to-pdf-2020.log
4:stage119_deleting_dtor_290f50 patch applied at 0x738595090f50 size=1
5:stage119_null_out_store_2865c9 patch applied at 0x7385950865c9 size=3
6:stage119_lifetime_guards enabled
7:stage119_open_attach_3f4740 hook applied target=0x7385943f4740 hook=0x572dd796e12f trampoline=0x73859a167000 patch_size=16
8:stage119_view_create_379510 hook applied target=0x738594379510 hook=0x572dd796e6cb trampoline=0x73859a166000 patch_size=13
9:stage119_runtime_hooks enabled core_base=0x738594000000 open_thunk=0x7385943f4740 open_inner=0x7385943f02d0 view_create=0x738594379510
312:stage119_view_create_hook self=0x572de70da2d0 hwnd=0x572de718fae0 rect=0x7ffdb49ed710 marker=0 ctrl=0
313:  stage119_view_candidate=0x572de70da2d0 vtable=0x738594bf2810 entry0=0x738594397fd0 /opt/hnc/hoffice11/Bin/libCoreEngine.so+0x397fd0
314:  stage119_view_candidate_slots=0x572de70da2d0 [+0]=0x738594bf2810 [+8]=0x738500000001 [+10]=0x738594bf2d70 [+18]=0 [+20]=0 [+28]=0 [+30]=0x73858ff67b80 [+38]=0x1 [+40]=0 [+48]=0 [+50]=0x738594bf2da8 [+58]=0x738594bf2e28 [+60]=0x738594bf2e50 [+68]=0 [+70]=0 [+78]=0
315:stage119_view_create_hook_after result=0x1 view_candidate=0x572de70da2d0
959:stage119_view_create_hook self=0x572de7811d50 hwnd=0x572de8f7c260 rect=0x7ffdb49ec400 marker=0 ctrl=0x572de70bacd0
960:  stage119_view_candidate=0x572de7811d50 vtable=0x738594bf2810 entry0=0x738594397fd0 /opt/hnc/hoffice11/Bin/libCoreEngine.so+0x397fd0
961:  stage119_view_candidate_slots=0x572de7811d50 [+0]=0x738594bf2810 [+8]=0x572d00000001 [+10]=0x738594bf2d70 [+18]=0 [+20]=0x572de77e5600 [+28]=0 [+30]=0x73858ff67b80 [+38]=0x1 [+40]=0 [+48]=0x738500000000 [+50]=0x738594bf2da8 [+58]=0x738594bf2e28 [+60]=0x738594bf2e50 [+68]=0 [+70]=0x572895a02ea1 [+78]=0x738500000000
968:stage119_view_create_hook_after result=0x1 view_candidate=0x572de7811d50
1011:stage119_open_attach_hook self=0x572dea52c218 owner_candidate=0x572dea52c210 inner=0x572dea522bc0 mode=0 out=0x572dea4cd0d8 path_prefix=/home/tsjang/rhwp/samples/issue6060/30307_local_service_reform.hwp
1012:  stage119_open_owner_candidate=0x572dea52c210 vtable=0x738594bd3770 entry0=0x7385943f3a70 /opt/hnc/hoffice11/Bin/libCoreEngine.so+0x3f3a70
1013:  stage119_open_owner_candidate_slots=0x572dea52c210 [+0]=0x738594bd3770 [+8]=0x738594bd3bd8 [+10]=0x572dea522bc0 [+18]=0x5e41 [+20]=0x20080000005e38 [+28]=0 [+30]=0 [+38]=0 [+40]=0 [+48]=0 [+50]=0 [+58]=0
1023:stage119_open_attach_hook_after result=1 doc_candidate=0x572dea52c210
1059:stage113_bind_doc_candidate begin ctrl=0x572de70bacd0 global_ctrl=0x572de70bacd0 old_doc=0x572de70ca350 candidate=0x572dea52c210
1060:stage113_bind_doc_candidate_object=0x572dea52c210 vtable=0x738594bd3770 entry0=0x7385943f3a70 /opt/hnc/hoffice11/Bin/libCoreEngine.so+0x3f3a70
1061:stage113_bind_doc_candidate_slots=0x572dea52c210 [+0]=0x738594bd3770 [+8]=0x738594bd3bd8 [+10]=0x572dea522bc0 [+18]=0x5e41 [+20]=0x20080000005e38 [+28]=0 [+30]=0 [+38]=0 [+40]=0 [+48]=0 [+50]=0 [+58]=0
1062:stage113_bind_doc_candidate applied slot=ctrl+0x50 old_doc=0x572de70ca350 new_doc=0x572dea52c210
1084:stage118_bind_view_candidate begin ctrl=0x572de70bacd0 old_view=0x572de70da2d0 candidate=0x572de7811d50
1085:stage118_view_candidate object=0x572de7811d50 vtable=0x738594bf2810
1102:stage118_view_candidate_slots=0x572de7811d50 [+0]=0x738594bf2810 [+8]=0x572d00000001 [+10]=0x738594bf2d70 [+18]=0x572de77703c0 [+20]=0x572de77e5600 [+28]=0 [+30]=0x73858ff67b80 [+38]=0x1 [+40]=0 [+48]=0x738500000000 [+50]=0x738594bf2da8 [+58]=0x738594bf2e28 [+60]=0x738594bf2e50 [+68]=0 [+70]=0x572895a02ea1 [+78]=0x738500000000
1103:stage118_bind_view_candidate applied slot=ctrl+0x40 old_view=0x572de70da2d0 new_view=0x572de7811d50
1543:action_save_result=1 output_size=1461553
1545:exiting via _Exit status=0
-rw-rw-r-- 1 tsjang tsjang 1461553 Aug 26 19:53 /home/tsjang/rhwp/pdf/pr_6088_6144/local_hancom2020/pr_6093_6094_issue6060_local_service_reform-local2020.pdf
/home/tsjang/rhwp/pdf/pr_6088_6144/local_hancom2020/pr_6093_6094_issue6060_local_service_reform-local2020.pdf: PDF document, version 1.7
