status=0
input=/home/tsjang/rhwp/samples/issue6101/36501883_approval_doc_body.hwpx
source_input=/home/tsjang/rhwp/samples/issue6101/36501883_approval_doc_body.hwpx
preprocess=none
target=pdf
run_cwd=/home/tsjang/hwp-convert
timeout=300s
open_method=action
save_method=action
save_action=PrintToPDFEx
pdf_export_mode=print
print_method=0
page_setup=none
patch_table_last_row_count=0
pdf_page_match=ok
pdf_page_match_log=/home/tsjang/hwp-convert/out/36501883_approval_doc_body-to-pdf-2020.log
pdf_editor_pages=2
pdf_pages=2
pdf_content_check=ok_min_size
pdf_output_bytes=62647
pdf_min_bytes=4096
output=/home/tsjang/rhwp/pdf/pr_6088_6144/local_hancom2020/pr_6105_issue6101_approval_doc_body-local2020.pdf
log=/home/tsjang/hwp-convert/out/36501883_approval_doc_body-to-pdf-2020.log
4:stage119_deleting_dtor_290f50 patch applied at 0x74492bc90f50 size=1
5:stage119_null_out_store_2865c9 patch applied at 0x74492bc865c9 size=3
6:stage119_lifetime_guards enabled
7:stage119_open_attach_3f4740 hook applied target=0x74492aff4740 hook=0x62890fe2c12f trampoline=0x744930d39000 patch_size=16
8:stage119_view_create_379510 hook applied target=0x74492af79510 hook=0x62890fe2c6cb trampoline=0x744930d38000 patch_size=13
9:stage119_runtime_hooks enabled core_base=0x74492ac00000 open_thunk=0x74492aff4740 open_inner=0x74492aff02d0 view_create=0x74492af79510
312:stage119_view_create_hook self=0x6289296222d0 hwnd=0x6289296d6d50 rect=0x7ffd1d47e280 marker=0 ctrl=0
313:  stage119_view_candidate=0x6289296222d0 vtable=0x74492b7f2810 entry0=0x74492af97fd0 /opt/hnc/hoffice11/Bin/libCoreEngine.so+0x397fd0
314:  stage119_view_candidate_slots=0x6289296222d0 [+0]=0x74492b7f2810 [+8]=0x744900000001 [+10]=0x74492b7f2d70 [+18]=0 [+20]=0 [+28]=0 [+30]=0x744926b67b80 [+38]=0x1 [+40]=0 [+48]=0 [+50]=0x74492b7f2da8 [+58]=0x74492b7f2e28 [+60]=0x74492b7f2e50 [+68]=0 [+70]=0 [+78]=0
315:stage119_view_create_hook_after result=0x1 view_candidate=0x6289296222d0
959:stage119_view_create_hook self=0x628929ded830 hwnd=0x62892ca1ee40 rect=0x7ffd1d47cf70 marker=0 ctrl=0x628929602cd0
960:  stage119_view_candidate=0x628929ded830 vtable=0x74492b7f2810 entry0=0x74492af97fd0 /opt/hnc/hoffice11/Bin/libCoreEngine.so+0x397fd0
961:  stage119_view_candidate_slots=0x628929ded830 [+0]=0x74492b7f2810 [+8]=0x628900000001 [+10]=0x74492b7f2d70 [+18]=0 [+20]=0xa34302e34323d00 [+28]=0 [+30]=0x744926b67b80 [+38]=0x1 [+40]=0 [+48]=0x4954504900000000 [+50]=0x74492b7f2da8 [+58]=0x74492b7f2e28 [+60]=0x74492b7f2e50 [+68]=0x6d006d00000000 [+70]=0x64006e0061 [+78]=0x20226f6200000000
968:stage119_view_create_hook_after result=0x1 view_candidate=0x628929ded830
1011:stage119_open_attach_hook self=0x62892ca93258 owner_candidate=0x62892ca93250 inner=0x62892ca89c00 mode=0 out=0x62892ca33ee8 path_prefix=/home/tsjang/rhwp/samples/issue6101/36501883_approval_doc_body.hwpx
1012:  stage119_open_owner_candidate=0x62892ca93250 vtable=0x74492b7d3770 entry0=0x74492aff3a70 /opt/hnc/hoffice11/Bin/libCoreEngine.so+0x3f3a70
1013:  stage119_open_owner_candidate_slots=0x62892ca93250 [+0]=0x74492b7d3770 [+8]=0x74492b7d3bd8 [+10]=0x62892ca89c00 [+18]=0x5e41 [+20]=0x20080000005e38 [+28]=0 [+30]=0 [+38]=0 [+40]=0 [+48]=0 [+50]=0 [+58]=0
1023:stage119_open_attach_hook_after result=1 doc_candidate=0x62892ca93250
1059:stage113_bind_doc_candidate begin ctrl=0x628929602cd0 global_ctrl=0x628929602cd0 old_doc=0x628929612350 candidate=0x62892ca93250
1060:stage113_bind_doc_candidate_object=0x62892ca93250 vtable=0x74492b7d3770 entry0=0x74492aff3a70 /opt/hnc/hoffice11/Bin/libCoreEngine.so+0x3f3a70
1061:stage113_bind_doc_candidate_slots=0x62892ca93250 [+0]=0x74492b7d3770 [+8]=0x74492b7d3bd8 [+10]=0x62892ca89c00 [+18]=0x5e41 [+20]=0x20080000005e38 [+28]=0 [+30]=0 [+38]=0 [+40]=0 [+48]=0 [+50]=0 [+58]=0
1062:stage113_bind_doc_candidate applied slot=ctrl+0x50 old_doc=0x628929612350 new_doc=0x62892ca93250
1084:stage118_bind_view_candidate begin ctrl=0x628929602cd0 old_view=0x6289296222d0 candidate=0x628929ded830
1085:stage118_view_candidate object=0x628929ded830 vtable=0x74492b7f2810
1102:stage118_view_candidate_slots=0x628929ded830 [+0]=0x74492b7f2810 [+8]=0x628900000001 [+10]=0x74492b7f2d70 [+18]=0x628929788e70 [+20]=0xa34302e34323d00 [+28]=0 [+30]=0x744926b67b80 [+38]=0x1 [+40]=0 [+48]=0x4954504900000000 [+50]=0x74492b7f2da8 [+58]=0x74492b7f2e28 [+60]=0x74492b7f2e50 [+68]=0x6d006d00000000 [+70]=0x64006e0061 [+78]=0x20226f6200000000
1103:stage118_bind_view_candidate applied slot=ctrl+0x40 old_view=0x6289296222d0 new_view=0x628929ded830
1543:action_save_result=1 output_size=62647
1545:exiting via _Exit status=0
-rw-rw-r-- 1 tsjang tsjang 62647 Aug 26 19:53 /home/tsjang/rhwp/pdf/pr_6088_6144/local_hancom2020/pr_6105_issue6101_approval_doc_body-local2020.pdf
/home/tsjang/rhwp/pdf/pr_6088_6144/local_hancom2020/pr_6105_issue6101_approval_doc_body-local2020.pdf: PDF document, version 1.7
