status=1
input=/home/tsjang/rhwp/samples/issue6031/3249937_asset_management_rules.hwpx
source_input=/home/tsjang/rhwp/samples/issue6031/3249937_asset_management_rules.hwpx
preprocess=none
target=pdf
run_cwd=/home/tsjang/hwp-convert
timeout=300s
open_method=direct
save_method=action
save_action=PrintToPDFEx
page_setup=none
patch_table_last_row_count=0
output=/home/tsjang/rhwp/pdf/pr_6088_6144/local_hancom2020/pr_6088_issue6031_asset_management_rules_direct-local2020.pdf
log=/home/tsjang/hwp-convert/out/3249937_asset_management_rules-to-pdf-2020.log
4:stage119_deleting_dtor_290f50 patch applied at 0x73d3b5e90f50 size=1
5:stage119_null_out_store_2865c9 patch applied at 0x73d3b5e865c9 size=3
6:stage119_lifetime_guards enabled
7:stage119_open_attach_3f4740 hook applied target=0x73d3b51f4740 hook=0x5fe6004e712f trampoline=0x73d3baf4c000 patch_size=16
8:stage119_view_create_379510 hook applied target=0x73d3b5179510 hook=0x5fe6004e76cb trampoline=0x73d3baf4b000 patch_size=13
9:stage119_runtime_hooks enabled core_base=0x73d3b4e00000 open_thunk=0x73d3b51f4740 open_inner=0x73d3b51f02d0 view_create=0x73d3b5179510
312:stage119_view_create_hook self=0x5fe61ead42d0 hwnd=0x5fe61eaa3140 rect=0x7ffe2f3aad10 marker=0 ctrl=0
313:  stage119_view_candidate=0x5fe61ead42d0 vtable=0x73d3b59f2810 entry0=0x73d3b5197fd0 /opt/hnc/hoffice11/Bin/libCoreEngine.so+0x397fd0
314:  stage119_view_candidate_slots=0x5fe61ead42d0 [+0]=0x73d3b59f2810 [+8]=0x73d300000001 [+10]=0x73d3b59f2d70 [+18]=0 [+20]=0 [+28]=0 [+30]=0x73d3b0d67b80 [+38]=0x1 [+40]=0 [+48]=0 [+50]=0x73d3b59f2da8 [+58]=0x73d3b59f2e28 [+60]=0x73d3b59f2e50 [+68]=0 [+70]=0 [+78]=0
315:stage119_view_create_hook_after result=0x1 view_candidate=0x5fe61ead42d0
497:stage119_open_attach_hook self=0x5fe61eac4358 owner_candidate=0x5fe61eac4350 inner=0x5fe61eabad00 mode=0x5fe61ec5417c out=0x73d3b9fbbed0 path_prefix=/home/tsjang/rhwp/samples/issue6031/3249937_asset_management_rules.hwpx
498:  stage119_open_owner_candidate=0x5fe61eac4350 vtable=0x73d3b59d3770 entry0=0x73d3b51f3a70 /opt/hnc/hoffice11/Bin/libCoreEngine.so+0x3f3a70
499:  stage119_open_owner_candidate_slots=0x5fe61eac4350 [+0]=0x73d3b59d3770 [+8]=0x73d3b59d3bd8 [+10]=0x5fe61eabad00 [+18]=0x1001 [+20]=0x73d3b59f4dc8 [+28]=0 [+30]=0x6464000000000000 [+38]=0x6464646464 [+40]=0x6464646400000000 [+48]=0x646464 [+50]=0xa0a0000 [+58]=0x3e8
525:stage119_open_attach_hook_after result=1 doc_candidate=0x5fe61eac4350
901:action_save_result=1 output_size=-1
903:exiting via _Exit status=1
/home/tsjang/rhwp/pdf/pr_6088_6144/local_hancom2020/pr_6088_issue6031_asset_management_rules_direct-local2020.pdf: cannot open `/home/tsjang/rhwp/pdf/pr_6088_6144/local_hancom2020/pr_6088_issue6031_asset_management_rules_direct-local2020.pdf' (No such file or directory)
