status=0
input=/home/tsjang/rhwp/samples/issue6102/36360328_vehicle_inspection_expense.hwpx
source_input=/home/tsjang/rhwp/samples/issue6102/36360328_vehicle_inspection_expense.hwpx
preprocess=none
target=pdf
run_cwd=/home/tsjang/hwp-convert
timeout=300s
open_method=action
save_method=action
save_action=PrintToPDFEx
pdf_export_mode=print
print_method=0
page_setup=none
patch_table_last_row_count=0
pdf_page_match=ok
pdf_page_match_log=/home/tsjang/hwp-convert/out/36360328_vehicle_inspection_expense-to-pdf-2020.log
pdf_editor_pages=1
pdf_pages=1
pdf_content_check=ok_min_size
pdf_output_bytes=51548
pdf_min_bytes=4096
output=/home/tsjang/rhwp/pdf/pr_6088_6144/local_hancom2020/pr_6113_issue6102_vehicle_inspection_expense-local2020.pdf
log=/home/tsjang/hwp-convert/out/36360328_vehicle_inspection_expense-to-pdf-2020.log
4:stage119_deleting_dtor_290f50 patch applied at 0x752ace090f50 size=1
5:stage119_null_out_store_2865c9 patch applied at 0x752ace0865c9 size=3
6:stage119_lifetime_guards enabled
7:stage119_open_attach_3f4740 hook applied target=0x752acd3f4740 hook=0x55cb06e7912f trampoline=0x752ad3248000 patch_size=16
8:stage119_view_create_379510 hook applied target=0x752acd379510 hook=0x55cb06e796cb trampoline=0x752ad3247000 patch_size=13
9:stage119_runtime_hooks enabled core_base=0x752acd000000 open_thunk=0x752acd3f4740 open_inner=0x752acd3f02d0 view_create=0x752acd379510
312:stage119_view_create_hook self=0x55cb297d92d0 hwnd=0x55cb297a8140 rect=0x7ffc0ea229c0 marker=0 ctrl=0
313:  stage119_view_candidate=0x55cb297d92d0 vtable=0x752acdbf2810 entry0=0x752acd397fd0 /opt/hnc/hoffice11/Bin/libCoreEngine.so+0x397fd0
314:  stage119_view_candidate_slots=0x55cb297d92d0 [+0]=0x752acdbf2810 [+8]=0x752a00000001 [+10]=0x752acdbf2d70 [+18]=0 [+20]=0 [+28]=0 [+30]=0x752ac8f67b80 [+38]=0x1 [+40]=0 [+48]=0 [+50]=0x752acdbf2da8 [+58]=0x752acdbf2e28 [+60]=0x752acdbf2e50 [+68]=0 [+70]=0 [+78]=0
315:stage119_view_create_hook_after result=0x1 view_candidate=0x55cb297d92d0
959:stage119_view_create_hook self=0x55cb29e977d0 hwnd=0x55cb2cbd67d0 rect=0x7ffc0ea216b0 marker=0 ctrl=0x55cb297b9cd0
960:  stage119_view_candidate=0x55cb29e977d0 vtable=0x752acdbf2810 entry0=0x752acd397fd0 /opt/hnc/hoffice11/Bin/libCoreEngine.so+0x397fd0
961:  stage119_view_candidate_slots=0x55cb29e977d0 [+0]=0x752acdbf2810 [+8]=0x752a00000001 [+10]=0x752acdbf2d70 [+18]=0 [+20]=0 [+28]=0 [+30]=0x752ac8f67b80 [+38]=0x1 [+40]=0 [+48]=0 [+50]=0x752acdbf2da8 [+58]=0x752acdbf2e28 [+60]=0x752acdbf2e50 [+68]=0x55cb00000000 [+70]=0x55cb2a02fc60 [+78]=0x752a00000000
968:stage119_view_create_hook_after result=0x1 view_candidate=0x55cb29e977d0
1011:stage119_open_attach_hook self=0x55cb2cc4aaa8 owner_candidate=0x55cb2cc4aaa0 inner=0x55cb2cc41450 mode=0 out=0x55cb2cbeb878 path_prefix=/home/tsjang/rhwp/samples/issue6102/36360328_vehicle_inspection_expense.hwpx
1012:  stage119_open_owner_candidate=0x55cb2cc4aaa0 vtable=0x752acdbd3770 entry0=0x752acd3f3a70 /opt/hnc/hoffice11/Bin/libCoreEngine.so+0x3f3a70
1013:  stage119_open_owner_candidate_slots=0x55cb2cc4aaa0 [+0]=0x752acdbd3770 [+8]=0x752acdbd3bd8 [+10]=0x55cb2cc41450 [+18]=0x5e41 [+20]=0x20080000005e38 [+28]=0 [+30]=0 [+38]=0 [+40]=0 [+48]=0 [+50]=0 [+58]=0
1023:stage119_open_attach_hook_after result=1 doc_candidate=0x55cb2cc4aaa0
1059:stage113_bind_doc_candidate begin ctrl=0x55cb297b9cd0 global_ctrl=0x55cb297b9cd0 old_doc=0x55cb297c9350 candidate=0x55cb2cc4aaa0
1060:stage113_bind_doc_candidate_object=0x55cb2cc4aaa0 vtable=0x752acdbd3770 entry0=0x752acd3f3a70 /opt/hnc/hoffice11/Bin/libCoreEngine.so+0x3f3a70
1061:stage113_bind_doc_candidate_slots=0x55cb2cc4aaa0 [+0]=0x752acdbd3770 [+8]=0x752acdbd3bd8 [+10]=0x55cb2cc41450 [+18]=0x5e41 [+20]=0x20080000005e38 [+28]=0 [+30]=0 [+38]=0 [+40]=0 [+48]=0 [+50]=0 [+58]=0
1062:stage113_bind_doc_candidate applied slot=ctrl+0x50 old_doc=0x55cb297c9350 new_doc=0x55cb2cc4aaa0
1084:stage118_bind_view_candidate begin ctrl=0x55cb297b9cd0 old_view=0x55cb297d92d0 candidate=0x55cb29e977d0
1085:stage118_view_candidate object=0x55cb29e977d0 vtable=0x752acdbf2810
1102:stage118_view_candidate_slots=0x55cb29e977d0 [+0]=0x752acdbf2810 [+8]=0x752a00000001 [+10]=0x752acdbf2d70 [+18]=0x55cb29f7bea0 [+20]=0 [+28]=0 [+30]=0x752ac8f67b80 [+38]=0x1 [+40]=0 [+48]=0 [+50]=0x752acdbf2da8 [+58]=0x752acdbf2e28 [+60]=0x752acdbf2e50 [+68]=0x55cb00000000 [+70]=0x55cb2a02fc60 [+78]=0x752a00000000
1103:stage118_bind_view_candidate applied slot=ctrl+0x40 old_view=0x55cb297d92d0 new_view=0x55cb29e977d0
1543:action_save_result=1 output_size=51548
1545:exiting via _Exit status=0
-rw-rw-r-- 1 tsjang tsjang 51548 Aug 26 19:53 /home/tsjang/rhwp/pdf/pr_6088_6144/local_hancom2020/pr_6113_issue6102_vehicle_inspection_expense-local2020.pdf
/home/tsjang/rhwp/pdf/pr_6088_6144/local_hancom2020/pr_6113_issue6102_vehicle_inspection_expense-local2020.pdf: PDF document, version 1.7
