# M09-g equation golden — current-engine lock (variant/exception/unimplemented honesty)
command: OVER
script: n CHOOSE k
honesty: choose-empty-top

=== ast ===
Row(
    [
        Text(
            "n",
        ),
        Paren {
            left: "(",
            right: ")",
            body: Atop {
                top: Empty,
                bottom: Text(
                    "k",
                ),
            },
        },
    ],
)

=== layout ===
Row x=0.0000 y=0.0000 w=43.1000 h=35.0000 bl=16.0000
  Text("n") x=0.0000 y=0.0000 w=11.5500 h=20.0000 bl=16.0000
  Paren("(",")") x=11.5500 y=7.0000 w=31.5500 h=28.0000 bl=9.0000
    Atop x=6.0000 y=0.0000 w=19.5500 h=28.0000 bl=9.0000
      top:
        Empty x=9.7750 y=4.0000 w=0.0000 h=0.0000 bl=0.0000
      bottom:
        Text("k") x=4.0000 y=4.0000 w=11.5500 h=20.0000 bl=16.0000

=== svg ===
<text x="0.00" y="16.00" font-size="20.00" fill="#000000" font-style="italic" font-family="'Latin Modern Math', 'STIX Two Text', 'STIX Two Math', 'Times New Roman', 'Times', serif">n</text>
<path d="M16.41,7.00 C11.82,12.04 11.82,29.96 16.41,35.00" fill="none" stroke="#000000" stroke-width="0.84" stroke-linecap="round"/>
<text x="21.55" y="27.00" font-size="20.00" fill="#000000" font-style="italic" font-family="'Latin Modern Math', 'STIX Two Text', 'STIX Two Math', 'Times New Roman', 'Times', serif">k</text>
<path d="M38.24,7.00 C42.83,12.04 42.83,29.96 38.24,35.00" fill="none" stroke="#000000" stroke-width="0.84" stroke-linecap="round"/>
