# M09-g equation golden — current-engine lock (variant/exception/unimplemented honesty)
command: EQALIGN
script: EQALIGN{A &= MATRIX{1 & 0 # 0 & 1} # B &= MATRIX{0 & 1 # 1 & 0}}
honesty: implemented-variant

=== ast ===
EqAlign {
    rows: [
        (
            Text(
                "A",
            ),
            Row(
                [
                    Symbol(
                        "=",
                    ),
                    Matrix {
                        rows: [
                            [
                                Number(
                                    "1",
                                ),
                                Number(
                                    "0",
                                ),
                            ],
                            [
                                Number(
                                    "0",
                                ),
                                Number(
                                    "1",
                                ),
                            ],
                        ],
                        style: Plain,
                    },
                ],
            ),
        ),
        (
            Text(
                "B",
            ),
            Row(
                [
                    Symbol(
                        "=",
                    ),
                    Matrix {
                        rows: [
                            [
                                Number(
                                    "0",
                                ),
                                Number(
                                    "1",
                                ),
                            ],
                            [
                                Number(
                                    "1",
                                ),
                                Number(
                                    "0",
                                ),
                            ],
                        ],
                        style: Plain,
                    },
                ],
            ),
        ),
    ],
}

=== layout ===
EqAlign x=0.0000 y=0.0000 w=78.6500 h=98.0000 bl=49.0000
  row0.left:
    Text("A") x=0.0000 y=7.0000 w=13.6500 h=20.0000 bl=16.0000
  row0.right:
    Row x=16.6500 y=0.0000 w=62.0000 h=46.0000 bl=23.0000
      Symbol("=") x=0.0000 y=7.0000 w=16.0000 h=20.0000 bl=16.0000
      Matrix(Plain) x=16.0000 y=0.0000 w=46.0000 h=46.0000 bl=23.0000
        row0:
          Number("1") x=4.0000 y=0.0000 w=11.0000 h=20.0000 bl=16.0000
          Number("0") x=31.0000 y=0.0000 w=11.0000 h=20.0000 bl=16.0000
        row1:
          Number("0") x=4.0000 y=26.0000 w=11.0000 h=20.0000 bl=16.0000
          Number("1") x=31.0000 y=26.0000 w=11.0000 h=20.0000 bl=16.0000
  row1.left:
    Text("B") x=0.0000 y=59.0000 w=13.6500 h=20.0000 bl=16.0000
  row1.right:
    Row x=16.6500 y=52.0000 w=62.0000 h=46.0000 bl=23.0000
      Symbol("=") x=0.0000 y=7.0000 w=16.0000 h=20.0000 bl=16.0000
      Matrix(Plain) x=16.0000 y=0.0000 w=46.0000 h=46.0000 bl=23.0000
        row0:
          Number("0") x=4.0000 y=0.0000 w=11.0000 h=20.0000 bl=16.0000
          Number("1") x=31.0000 y=0.0000 w=11.0000 h=20.0000 bl=16.0000
        row1:
          Number("1") x=4.0000 y=26.0000 w=11.0000 h=20.0000 bl=16.0000
          Number("0") x=31.0000 y=26.0000 w=11.0000 h=20.0000 bl=16.0000

=== svg ===
<text x="0.00" y="23.00" font-size="20.00" fill="#000000" font-style="italic" font-family="'Latin Modern Math', 'STIX Two Text', 'STIX Two Math', 'Times New Roman', 'Times', serif">A</text>
<text x="24.65" y="23.00" font-size="20.00" fill="#000000" text-anchor="middle" font-family="'Latin Modern Math', 'STIX Two Text', 'STIX Two Math', 'Times New Roman', 'Times', serif">=</text>
<text x="36.65" y="16.00" font-size="20.00" fill="#000000" font-family="'Latin Modern Math', 'STIX Two Text', 'STIX Two Math', 'Times New Roman', 'Times', serif">1</text>
<text x="63.65" y="16.00" font-size="20.00" fill="#000000" font-family="'Latin Modern Math', 'STIX Two Text', 'STIX Two Math', 'Times New Roman', 'Times', serif">0</text>
<text x="36.65" y="42.00" font-size="20.00" fill="#000000" font-family="'Latin Modern Math', 'STIX Two Text', 'STIX Two Math', 'Times New Roman', 'Times', serif">0</text>
<text x="63.65" y="42.00" font-size="20.00" fill="#000000" font-family="'Latin Modern Math', 'STIX Two Text', 'STIX Two Math', 'Times New Roman', 'Times', serif">1</text>
<text x="0.00" y="75.00" font-size="20.00" fill="#000000" font-style="italic" font-family="'Latin Modern Math', 'STIX Two Text', 'STIX Two Math', 'Times New Roman', 'Times', serif">B</text>
<text x="24.65" y="75.00" font-size="20.00" fill="#000000" text-anchor="middle" font-family="'Latin Modern Math', 'STIX Two Text', 'STIX Two Math', 'Times New Roman', 'Times', serif">=</text>
<text x="36.65" y="68.00" font-size="20.00" fill="#000000" font-family="'Latin Modern Math', 'STIX Two Text', 'STIX Two Math', 'Times New Roman', 'Times', serif">0</text>
<text x="63.65" y="68.00" font-size="20.00" fill="#000000" font-family="'Latin Modern Math', 'STIX Two Text', 'STIX Two Math', 'Times New Roman', 'Times', serif">1</text>
<text x="36.65" y="94.00" font-size="20.00" fill="#000000" font-family="'Latin Modern Math', 'STIX Two Text', 'STIX Two Math', 'Times New Roman', 'Times', serif">1</text>
<text x="63.65" y="94.00" font-size="20.00" fill="#000000" font-family="'Latin Modern Math', 'STIX Two Text', 'STIX Two Math', 'Times New Roman', 'Times', serif">0</text>
