# M09-g equation golden — current-engine lock (variant/exception/unimplemented honesty)
command: MATRIX
script: MATRIX{a & b # # c & d}
honesty: implemented-variant

=== ast ===
Matrix {
    rows: [
        [
            Text(
                "a",
            ),
            Text(
                "b",
            ),
        ],
        [
            Empty,
        ],
        [
            Text(
                "c",
            ),
            Text(
                "d",
            ),
        ],
    ],
    style: Plain,
}

=== layout ===
Matrix(Plain) x=0.0000 y=0.0000 w=47.1000 h=72.0000 bl=36.0000
  row0:
    Text("a") x=4.0000 y=0.0000 w=11.5500 h=20.0000 bl=16.0000
    Text("b") x=31.5500 y=0.0000 w=11.5500 h=20.0000 bl=16.0000
  row1:
    Empty x=9.7750 y=36.0000 w=0.0000 h=0.0000 bl=0.0000
  row2:
    Text("c") x=4.0000 y=52.0000 w=11.5500 h=20.0000 bl=16.0000
    Text("d") x=31.5500 y=52.0000 w=11.5500 h=20.0000 bl=16.0000

=== svg ===
<text x="4.00" y="16.00" font-size="20.00" fill="#000000" font-style="italic" font-family="'Latin Modern Math', 'STIX Two Text', 'STIX Two Math', 'Times New Roman', 'Times', serif">a</text>
<text x="31.55" y="16.00" font-size="20.00" fill="#000000" font-style="italic" font-family="'Latin Modern Math', 'STIX Two Text', 'STIX Two Math', 'Times New Roman', 'Times', serif">b</text>
<text x="4.00" y="68.00" font-size="20.00" fill="#000000" font-style="italic" font-family="'Latin Modern Math', 'STIX Two Text', 'STIX Two Math', 'Times New Roman', 'Times', serif">c</text>
<text x="31.55" y="68.00" font-size="20.00" fill="#000000" font-style="italic" font-family="'Latin Modern Math', 'STIX Two Text', 'STIX Two Math', 'Times New Roman', 'Times', serif">d</text>
