# M09-g equation golden — current-engine lock (variant/exception/unimplemented honesty)
command: PILE
script: PILE{a}
honesty: pile-layout-as-row

=== ast ===
Pile {
    rows: [
        Text(
            "a",
        ),
    ],
    align: Center,
}

=== layout ===
Row x=0.0000 y=0.0000 w=11.5500 h=20.0000 bl=10.0000
  Text("a") x=0.0000 y=0.0000 w=11.5500 h=20.0000 bl=16.0000

=== svg ===
<text x="0.00" y="16.00" font-size="20.00" fill="#000000" font-style="italic" font-family="'Latin Modern Math', 'STIX Two Text', 'STIX Two Math', 'Times New Roman', 'Times', serif">a</text>
