# M09-g equation golden — current-engine lock (variant/exception/unimplemented honesty)
command: ROOT
script: ROOT {a OVER b}
honesty: root-aliases-sqrt

=== ast ===
Sqrt {
    index: None,
    body: Fraction {
        numer: Text(
            "a",
        ),
        denom: Text(
            "b",
        ),
    },
}

=== layout ===
Sqrt x=0.0000 y=0.0000 w=33.5500 h=52.8000 bl=31.4000
  body:
    Fraction x=13.0000 y=2.0000 w=19.5500 h=48.8000 bl=29.4000
      numer:
        Text("a") x=4.0000 y=4.0000 w=11.5500 h=20.0000 bl=16.0000
      denom:
        Text("b") x=4.0000 y=24.8000 w=11.5500 h=20.0000 bl=16.0000

=== svg ===
<path d="M-0.00,30.68 L2.00,31.68 L8.00,52.80 L11.00,0.00 L33.55,0.00" fill="none" stroke="#000000" stroke-width="0.80"/>
<text x="17.00" y="22.00" font-size="20.00" fill="#000000" font-style="italic" font-family="'Latin Modern Math', 'STIX Two Text', 'STIX Two Math', 'Times New Roman', 'Times', serif">a</text>
<line x1="14.00" y1="26.40" x2="31.55" y2="26.40" stroke="#000000" stroke-width="0.80"/>
<text x="17.00" y="42.80" font-size="20.00" fill="#000000" font-style="italic" font-family="'Latin Modern Math', 'STIX Two Text', 'STIX Two Math', 'Times New Roman', 'Times', serif">b</text>
