# M09-g equation golden — current-engine lock (variant/exception/unimplemented honesty)
command: SQRT
script: EQALIGN{SQRT x &= y}
honesty: implemented-variant

=== ast ===
EqAlign {
    rows: [
        (
            Sqrt {
                index: None,
                body: Text(
                    "x",
                ),
            },
            Row(
                [
                    Symbol(
                        "=",
                    ),
                    Text(
                        "y",
                    ),
                ],
            ),
        ),
    ],
}

=== layout ===
EqAlign x=0.0000 y=0.0000 w=56.1000 h=24.0000 bl=12.0000
  row0.left:
    Sqrt x=0.0000 y=0.0000 w=25.5500 h=24.0000 bl=18.0000
      body:
        Text("x") x=13.0000 y=2.0000 w=11.5500 h=20.0000 bl=16.0000
  row0.right:
    Row x=28.5500 y=2.0000 w=27.5500 h=20.0000 bl=16.0000
      Symbol("=") x=0.0000 y=0.0000 w=16.0000 h=20.0000 bl=16.0000
      Text("y") x=16.0000 y=0.0000 w=11.5500 h=20.0000 bl=16.0000

=== svg ===
<path d="M0.00,13.40 L2.00,14.40 L8.00,24.00 L11.00,0.00 L25.55,0.00" fill="none" stroke="#000000" stroke-width="0.80"/>
<text x="13.00" y="18.00" font-size="20.00" fill="#000000" font-style="italic" font-family="'Latin Modern Math', 'STIX Two Text', 'STIX Two Math', 'Times New Roman', 'Times', serif">x</text>
<text x="36.55" y="18.00" font-size="20.00" fill="#000000" text-anchor="middle" font-family="'Latin Modern Math', 'STIX Two Text', 'STIX Two Math', 'Times New Roman', 'Times', serif">=</text>
<text x="44.55" y="18.00" font-size="20.00" fill="#000000" font-style="italic" font-family="'Latin Modern Math', 'STIX Two Text', 'STIX Two Math', 'Times New Roman', 'Times', serif">y</text>
