# M09-g equation golden — current-engine lock (variant/exception/unimplemented honesty)
command: SQRT
script: SQRT {a+b+c+d+e+f}
honesty: implemented-variant

=== ast ===
Sqrt {
    index: None,
    body: Row(
        [
            Text(
                "a",
            ),
            Symbol(
                "+",
            ),
            Text(
                "b",
            ),
            Symbol(
                "+",
            ),
            Text(
                "c",
            ),
            Symbol(
                "+",
            ),
            Text(
                "d",
            ),
            Symbol(
                "+",
            ),
            Text(
                "e",
            ),
            Symbol(
                "+",
            ),
            Text(
                "f",
            ),
        ],
    ),
}

=== layout ===
Sqrt x=0.0000 y=0.0000 w=163.3000 h=24.0000 bl=18.0000
  body:
    Row x=13.0000 y=2.0000 w=149.3000 h=20.0000 bl=16.0000
      Text("a") x=0.0000 y=0.0000 w=11.5500 h=20.0000 bl=16.0000
      Symbol("+") x=11.5500 y=0.0000 w=16.0000 h=20.0000 bl=16.0000
      Text("b") x=27.5500 y=0.0000 w=11.5500 h=20.0000 bl=16.0000
      Symbol("+") x=39.1000 y=0.0000 w=16.0000 h=20.0000 bl=16.0000
      Text("c") x=55.1000 y=0.0000 w=11.5500 h=20.0000 bl=16.0000
      Symbol("+") x=66.6500 y=0.0000 w=16.0000 h=20.0000 bl=16.0000
      Text("d") x=82.6500 y=0.0000 w=11.5500 h=20.0000 bl=16.0000
      Symbol("+") x=94.2000 y=0.0000 w=16.0000 h=20.0000 bl=16.0000
      Text("e") x=110.2000 y=0.0000 w=11.5500 h=20.0000 bl=16.0000
      Symbol("+") x=121.7500 y=0.0000 w=16.0000 h=20.0000 bl=16.0000
      Text("f") x=137.7500 y=0.0000 w=11.5500 h=20.0000 bl=16.0000

=== svg ===
<path d="M0.00,13.40 L2.00,14.40 L8.00,24.00 L11.00,0.00 L163.30,0.00" fill="none" stroke="#000000" stroke-width="0.80"/>
<text x="13.00" y="18.00" font-size="20.00" fill="#000000" font-style="italic" font-family="'Latin Modern Math', 'STIX Two Text', 'STIX Two Math', 'Times New Roman', 'Times', serif">a</text>
<text x="32.55" y="18.00" font-size="20.00" fill="#000000" text-anchor="middle" font-family="'Latin Modern Math', 'STIX Two Text', 'STIX Two Math', 'Times New Roman', 'Times', serif">+</text>
<text x="40.55" y="18.00" font-size="20.00" fill="#000000" font-style="italic" font-family="'Latin Modern Math', 'STIX Two Text', 'STIX Two Math', 'Times New Roman', 'Times', serif">b</text>
<text x="60.10" y="18.00" font-size="20.00" fill="#000000" text-anchor="middle" font-family="'Latin Modern Math', 'STIX Two Text', 'STIX Two Math', 'Times New Roman', 'Times', serif">+</text>
<text x="68.10" y="18.00" font-size="20.00" fill="#000000" font-style="italic" font-family="'Latin Modern Math', 'STIX Two Text', 'STIX Two Math', 'Times New Roman', 'Times', serif">c</text>
<text x="87.65" y="18.00" font-size="20.00" fill="#000000" text-anchor="middle" font-family="'Latin Modern Math', 'STIX Two Text', 'STIX Two Math', 'Times New Roman', 'Times', serif">+</text>
<text x="95.65" y="18.00" font-size="20.00" fill="#000000" font-style="italic" font-family="'Latin Modern Math', 'STIX Two Text', 'STIX Two Math', 'Times New Roman', 'Times', serif">d</text>
<text x="115.20" y="18.00" font-size="20.00" fill="#000000" text-anchor="middle" font-family="'Latin Modern Math', 'STIX Two Text', 'STIX Two Math', 'Times New Roman', 'Times', serif">+</text>
<text x="123.20" y="18.00" font-size="20.00" fill="#000000" font-style="italic" font-family="'Latin Modern Math', 'STIX Two Text', 'STIX Two Math', 'Times New Roman', 'Times', serif">e</text>
<text x="142.75" y="18.00" font-size="20.00" fill="#000000" text-anchor="middle" font-family="'Latin Modern Math', 'STIX Two Text', 'STIX Two Math', 'Times New Roman', 'Times', serif">+</text>
<text x="150.75" y="18.00" font-size="20.00" fill="#000000" font-style="italic" font-family="'Latin Modern Math', 'STIX Two Text', 'STIX Two Math', 'Times New Roman', 'Times', serif">f</text>
