# M09-g equation golden — current-engine lock (variant/exception/unimplemented honesty)
command: MATRIX
script: XYZ{1}
honesty: unknown-command-text

=== ast ===
Row(
    [
        Text(
            "XYZ",
        ),
        Number(
            "1",
        ),
    ],
)

=== layout ===
Row x=0.0000 y=0.0000 w=51.9500 h=20.0000 bl=16.0000
  Text("XYZ") x=0.0000 y=0.0000 w=40.9500 h=20.0000 bl=16.0000
  Number("1") x=40.9500 y=0.0000 w=11.0000 h=20.0000 bl=16.0000

=== svg ===
<text x="0.00" y="16.00" font-size="20.00" fill="#000000" font-style="italic" font-family="'Latin Modern Math', 'STIX Two Text', 'STIX Two Math', 'Times New Roman', 'Times', serif">XYZ</text>
<text x="40.95" y="16.00" font-size="20.00" fill="#000000" font-family="'Latin Modern Math', 'STIX Two Text', 'STIX Two Math', 'Times New Roman', 'Times', serif">1</text>
