# M09x wmf golden — current-engine lock
kind: wmf
bytes: 66

=== header ===
placeable bounds=(0,0,100,100) inch=1440 type=MEMORYMETAFILE version=METAVERSION300 objects=0

=== svg ===
<svg viewBox="0 0 100 100" xmlns="http://www.w3.org/2000/svg"><path d="M 10 10 L 90 80" fill="none" id="elem2" stroke="#000000" stroke-dasharray="none" stroke-linecap="butt" stroke-linejoin="miter" stroke-opacity="1.00" stroke-width="1"></path></svg>
