# M09-1 equation golden — current-engine lock
command: PMATRIX
script: PMATRIX{x}

=== ast ===
Matrix {
    rows: [
        [
            Text(
                "x",
            ),
        ],
    ],
    style: Paren,
}

=== layout ===
Matrix(Paren) x=0.0000 y=0.0000 w=31.5500 h=20.0000 bl=10.0000
  row0:
    Text("x") x=10.0000 y=0.0000 w=11.5500 h=20.0000 bl=16.0000

=== svg ===
<path d="M5.40,0.00 C0.30,3.60 0.30,16.40 5.40,20.00" fill="none" stroke="#000000" stroke-width="0.84" stroke-linecap="round"/>
<path d="M26.15,0.00 C31.25,3.60 31.25,16.40 26.15,20.00" fill="none" stroke="#000000" stroke-width="0.84" stroke-linecap="round"/>
<text x="10.00" y="16.00" font-size="20.00" fill="#000000" font-style="italic" font-family="'Latin Modern Math', 'STIX Two Text', 'STIX Two Math', 'Times New Roman', 'Times', serif">x</text>
