# M09-1 equation golden — current-engine lock
command: SQRT
script: SQRT(3) of x

=== ast ===
Sqrt {
    index: Some(
        Number(
            "3",
        ),
    ),
    body: Text(
        "x",
    ),
}

=== layout ===
Sqrt x=0.0000 y=0.0000 w=27.2500 h=24.0000 bl=18.0000
  index:
    Number("3") x=0.0000 y=0.0000 w=7.7000 h=14.0000 bl=11.2000
  body:
    Text("x") x=14.7000 y=2.0000 w=11.5500 h=20.0000 bl=16.0000

=== svg ===
<path d="M1.70,13.40 L3.70,14.40 L9.70,24.00 L12.70,0.00 L27.25,0.00" fill="none" stroke="#000000" stroke-width="0.80"/>
<text x="0.00" y="11.20" font-size="14.00" fill="#000000" font-family="'Latin Modern Math', 'STIX Two Text', 'STIX Two Math', 'Times New Roman', 'Times', serif">3</text>
<text x="14.70" y="18.00" font-size="20.00" fill="#000000" font-style="italic" font-family="'Latin Modern Math', 'STIX Two Text', 'STIX Two Math', 'Times New Roman', 'Times', serif">x</text>
