문서 로드 완료: /Users/tsjang/rhwp/output/review-planet6897-6125-6153-6155-20260827/source/issue5701-original.hwp (206페이지)
  → /Users/tsjang/rhwp/output/review-planet6897-6125-6153-6155-20260827/visual-sweep/issue5701-original-p76/issue5701-original-p76/svg/issue5701-original_001.svg
  → /Users/tsjang/rhwp/output/review-planet6897-6125-6153-6155-20260827/visual-sweep/issue5701-original-p76/issue5701-original-p76/svg/issue5701-original_002.svg
  → /Users/tsjang/rhwp/output/review-planet6897-6125-6153-6155-20260827/visual-sweep/issue5701-original-p76/issue5701-original-p76/svg/issue5701-original_003.svg
  → /Users/tsjang/rhwp/output/review-planet6897-6125-6153-6155-20260827/visual-sweep/issue5701-original-p76/issue5701-original-p76/svg/issue5701-original_004.svg
  → /Users/tsjang/rhwp/output/review-planet6897-6125-6153-6155-20260827/visual-sweep/issue5701-original-p76/issue5701-original-p76/svg/issue5701-original_005.svg
  → /Users/tsjang/rhwp/output/review-planet6897-6125-6153-6155-20260827/visual-sweep/issue5701-original-p76/issue5701-original-p76/svg/issue5701-original_006.svg
  → /Users/tsjang/rhwp/output/review-planet6897-6125-6153-6155-20260827/visual-sweep/issue5701-original-p76/issue5701-original-p76/svg/issue5701-original_007.svg
  → /Users/tsjang/rhwp/output/review-planet6897-6125-6153-6155-20260827/visual-sweep/issue5701-original-p76/issue5701-original-p76/svg/issue5701-original_008.svg
  → /Users/tsjang/rhwp/output/review-planet6897-6125-6153-6155-20260827/visual-sweep/issue5701-original-p76/issue5701-original-p76/svg/issue5701-original_009.svg
  → /Users/tsjang/rhwp/output/review-planet6897-6125-6153-6155-20260827/visual-sweep/issue5701-original-p76/issue5701-original-p76/svg/issue5701-original_010.svg
  → /Users/tsjang/rhwp/output/review-planet6897-6125-6153-6155-20260827/visual-sweep/issue5701-original-p76/issue5701-original-p76/svg/issue5701-original_011.svg
  → /Users/tsjang/rhwp/output/review-planet6897-6125-6153-6155-20260827/visual-sweep/issue5701-original-p76/issue5701-original-p76/svg/issue5701-original_012.svg
  → /Users/tsjang/rhwp/output/review-planet6897-6125-6153-6155-20260827/visual-sweep/issue5701-original-p76/issue5701-original-p76/svg/issue5701-original_013.svg
  → /Users/tsjang/rhwp/output/review-planet6897-6125-6153-6155-20260827/visual-sweep/issue5701-original-p76/issue5701-original-p76/svg/issue5701-original_014.svg
  → /Users/tsjang/rhwp/output/review-planet6897-6125-6153-6155-20260827/visual-sweep/issue5701-original-p76/issue5701-original-p76/svg/issue5701-original_015.svg
  → /Users/tsjang/rhwp/output/review-planet6897-6125-6153-6155-20260827/visual-sweep/issue5701-original-p76/issue5701-original-p76/svg/issue5701-original_016.svg
  → /Users/tsjang/rhwp/output/review-planet6897-6125-6153-6155-20260827/visual-sweep/issue5701-original-p76/issue5701-original-p76/svg/issue5701-original_017.svg
  → /Users/tsjang/rhwp/output/review-planet6897-6125-6153-6155-20260827/visual-sweep/issue5701-original-p76/issue5701-original-p76/svg/issue5701-original_018.svg
  → /Users/tsjang/rhwp/output/review-planet6897-6125-6153-6155-20260827/visual-sweep/issue5701-original-p76/issue5701-original-p76/svg/issue5701-original_019.svg
  → /Users/tsjang/rhwp/output/review-planet6897-6125-6153-6155-20260827/visual-sweep/issue5701-original-p76/issue5701-original-p76/svg/issue5701-original_020.svg
  → /Users/tsjang/rhwp/output/review-planet6897-6125-6153-6155-20260827/visual-sweep/issue5701-original-p76/issue5701-original-p76/svg/issue5701-original_021.svg
  → /Users/tsjang/rhwp/output/review-planet6897-6125-6153-6155-20260827/visual-sweep/issue5701-original-p76/issue5701-original-p76/svg/issue5701-original_022.svg
  → /Users/tsjang/rhwp/output/review-planet6897-6125-6153-6155-20260827/visual-sweep/issue5701-original-p76/issue5701-original-p76/svg/issue5701-original_023.svg
  → /Users/tsjang/rhwp/output/review-planet6897-6125-6153-6155-20260827/visual-sweep/issue5701-original-p76/issue5701-original-p76/svg/issue5701-original_024.svg
  → /Users/tsjang/rhwp/output/review-planet6897-6125-6153-6155-20260827/visual-sweep/issue5701-original-p76/issue5701-original-p76/svg/issue5701-original_025.svg
  → /Users/tsjang/rhwp/output/review-planet6897-6125-6153-6155-20260827/visual-sweep/issue5701-original-p76/issue5701-original-p76/svg/issue5701-original_026.svg
  → /Users/tsjang/rhwp/output/review-planet6897-6125-6153-6155-20260827/visual-sweep/issue5701-original-p76/issue5701-original-p76/svg/issue5701-original_027.svg
  → /Users/tsjang/rhwp/output/review-planet6897-6125-6153-6155-20260827/visual-sweep/issue5701-original-p76/issue5701-original-p76/svg/issue5701-original_028.svg
  → /Users/tsjang/rhwp/output/review-planet6897-6125-6153-6155-20260827/visual-sweep/issue5701-original-p76/issue5701-original-p76/svg/issue5701-original_029.svg
  → /Users/tsjang/rhwp/output/review-planet6897-6125-6153-6155-20260827/visual-sweep/issue5701-original-p76/issue5701-original-p76/svg/issue5701-original_030.svg
  → /Users/tsjang/rhwp/output/review-planet6897-6125-6153-6155-20260827/visual-sweep/issue5701-original-p76/issue5701-original-p76/svg/issue5701-original_031.svg
  → /Users/tsjang/rhwp/output/review-planet6897-6125-6153-6155-20260827/visual-sweep/issue5701-original-p76/issue5701-original-p76/svg/issue5701-original_032.svg
  → /Users/tsjang/rhwp/output/review-planet6897-6125-6153-6155-20260827/visual-sweep/issue5701-original-p76/issue5701-original-p76/svg/issue5701-original_033.svg
  → /Users/tsjang/rhwp/output/review-planet6897-6125-6153-6155-20260827/visual-sweep/issue5701-original-p76/issue5701-original-p76/svg/issue5701-original_034.svg
  → /Users/tsjang/rhwp/output/review-planet6897-6125-6153-6155-20260827/visual-sweep/issue5701-original-p76/issue5701-original-p76/svg/issue5701-original_035.svg
  → /Users/tsjang/rhwp/output/review-planet6897-6125-6153-6155-20260827/visual-sweep/issue5701-original-p76/issue5701-original-p76/svg/issue5701-original_036.svg
  → /Users/tsjang/rhwp/output/review-planet6897-6125-6153-6155-20260827/visual-sweep/issue5701-original-p76/issue5701-original-p76/svg/issue5701-original_037.svg
  → /Users/tsjang/rhwp/output/review-planet6897-6125-6153-6155-20260827/visual-sweep/issue5701-original-p76/issue5701-original-p76/svg/issue5701-original_038.svg
  → /Users/tsjang/rhwp/output/review-planet6897-6125-6153-6155-20260827/visual-sweep/issue5701-original-p76/issue5701-original-p76/svg/issue5701-original_039.svg
  → /Users/tsjang/rhwp/output/review-planet6897-6125-6153-6155-20260827/visual-sweep/issue5701-original-p76/issue5701-original-p76/svg/issue5701-original_040.svg
  → /Users/tsjang/rhwp/output/review-planet6897-6125-6153-6155-20260827/visual-sweep/issue5701-original-p76/issue5701-original-p76/svg/issue5701-original_041.svg
  → /Users/tsjang/rhwp/output/review-planet6897-6125-6153-6155-20260827/visual-sweep/issue5701-original-p76/issue5701-original-p76/svg/issue5701-original_042.svg
  → /Users/tsjang/rhwp/output/review-planet6897-6125-6153-6155-20260827/visual-sweep/issue5701-original-p76/issue5701-original-p76/svg/issue5701-original_043.svg
  → /Users/tsjang/rhwp/output/review-planet6897-6125-6153-6155-20260827/visual-sweep/issue5701-original-p76/issue5701-original-p76/svg/issue5701-original_044.svg
  → /Users/tsjang/rhwp/output/review-planet6897-6125-6153-6155-20260827/visual-sweep/issue5701-original-p76/issue5701-original-p76/svg/issue5701-original_045.svg
  → /Users/tsjang/rhwp/output/review-planet6897-6125-6153-6155-20260827/visual-sweep/issue5701-original-p76/issue5701-original-p76/svg/issue5701-original_046.svg
  → /Users/tsjang/rhwp/output/review-planet6897-6125-6153-6155-20260827/visual-sweep/issue5701-original-p76/issue5701-original-p76/svg/issue5701-original_047.svg
  → /Users/tsjang/rhwp/output/review-planet6897-6125-6153-6155-20260827/visual-sweep/issue5701-original-p76/issue5701-original-p76/svg/issue5701-original_048.svg
  → /Users/tsjang/rhwp/output/review-planet6897-6125-6153-6155-20260827/visual-sweep/issue5701-original-p76/issue5701-original-p76/svg/issue5701-original_049.svg
  → /Users/tsjang/rhwp/output/review-planet6897-6125-6153-6155-20260827/visual-sweep/issue5701-original-p76/issue5701-original-p76/svg/issue5701-original_050.svg
  → /Users/tsjang/rhwp/output/review-planet6897-6125-6153-6155-20260827/visual-sweep/issue5701-original-p76/issue5701-original-p76/svg/issue5701-original_051.svg
  → /Users/tsjang/rhwp/output/review-planet6897-6125-6153-6155-20260827/visual-sweep/issue5701-original-p76/issue5701-original-p76/svg/issue5701-original_052.svg
  → /Users/tsjang/rhwp/output/review-planet6897-6125-6153-6155-20260827/visual-sweep/issue5701-original-p76/issue5701-original-p76/svg/issue5701-original_053.svg
  → /Users/tsjang/rhwp/output/review-planet6897-6125-6153-6155-20260827/visual-sweep/issue5701-original-p76/issue5701-original-p76/svg/issue5701-original_054.svg
  → /Users/tsjang/rhwp/output/review-planet6897-6125-6153-6155-20260827/visual-sweep/issue5701-original-p76/issue5701-original-p76/svg/issue5701-original_055.svg
  → /Users/tsjang/rhwp/output/review-planet6897-6125-6153-6155-20260827/visual-sweep/issue5701-original-p76/issue5701-original-p76/svg/issue5701-original_056.svg
  → /Users/tsjang/rhwp/output/review-planet6897-6125-6153-6155-20260827/visual-sweep/issue5701-original-p76/issue5701-original-p76/svg/issue5701-original_057.svg
  → /Users/tsjang/rhwp/output/review-planet6897-6125-6153-6155-20260827/visual-sweep/issue5701-original-p76/issue5701-original-p76/svg/issue5701-original_058.svg
  → /Users/tsjang/rhwp/output/review-planet6897-6125-6153-6155-20260827/visual-sweep/issue5701-original-p76/issue5701-original-p76/svg/issue5701-original_059.svg
  → /Users/tsjang/rhwp/output/review-planet6897-6125-6153-6155-20260827/visual-sweep/issue5701-original-p76/issue5701-original-p76/svg/issue5701-original_060.svg
  → /Users/tsjang/rhwp/output/review-planet6897-6125-6153-6155-20260827/visual-sweep/issue5701-original-p76/issue5701-original-p76/svg/issue5701-original_061.svg
  → /Users/tsjang/rhwp/output/review-planet6897-6125-6153-6155-20260827/visual-sweep/issue5701-original-p76/issue5701-original-p76/svg/issue5701-original_062.svg
  → /Users/tsjang/rhwp/output/review-planet6897-6125-6153-6155-20260827/visual-sweep/issue5701-original-p76/issue5701-original-p76/svg/issue5701-original_063.svg
  → /Users/tsjang/rhwp/output/review-planet6897-6125-6153-6155-20260827/visual-sweep/issue5701-original-p76/issue5701-original-p76/svg/issue5701-original_064.svg
  → /Users/tsjang/rhwp/output/review-planet6897-6125-6153-6155-20260827/visual-sweep/issue5701-original-p76/issue5701-original-p76/svg/issue5701-original_065.svg
  → /Users/tsjang/rhwp/output/review-planet6897-6125-6153-6155-20260827/visual-sweep/issue5701-original-p76/issue5701-original-p76/svg/issue5701-original_066.svg
  → /Users/tsjang/rhwp/output/review-planet6897-6125-6153-6155-20260827/visual-sweep/issue5701-original-p76/issue5701-original-p76/svg/issue5701-original_067.svg
  → /Users/tsjang/rhwp/output/review-planet6897-6125-6153-6155-20260827/visual-sweep/issue5701-original-p76/issue5701-original-p76/svg/issue5701-original_068.svg
  → /Users/tsjang/rhwp/output/review-planet6897-6125-6153-6155-20260827/visual-sweep/issue5701-original-p76/issue5701-original-p76/svg/issue5701-original_069.svg
  → /Users/tsjang/rhwp/output/review-planet6897-6125-6153-6155-20260827/visual-sweep/issue5701-original-p76/issue5701-original-p76/svg/issue5701-original_070.svg
  → /Users/tsjang/rhwp/output/review-planet6897-6125-6153-6155-20260827/visual-sweep/issue5701-original-p76/issue5701-original-p76/svg/issue5701-original_071.svg
  → /Users/tsjang/rhwp/output/review-planet6897-6125-6153-6155-20260827/visual-sweep/issue5701-original-p76/issue5701-original-p76/svg/issue5701-original_072.svg
  → /Users/tsjang/rhwp/output/review-planet6897-6125-6153-6155-20260827/visual-sweep/issue5701-original-p76/issue5701-original-p76/svg/issue5701-original_073.svg
  → /Users/tsjang/rhwp/output/review-planet6897-6125-6153-6155-20260827/visual-sweep/issue5701-original-p76/issue5701-original-p76/svg/issue5701-original_074.svg
  → /Users/tsjang/rhwp/output/review-planet6897-6125-6153-6155-20260827/visual-sweep/issue5701-original-p76/issue5701-original-p76/svg/issue5701-original_075.svg
  → /Users/tsjang/rhwp/output/review-planet6897-6125-6153-6155-20260827/visual-sweep/issue5701-original-p76/issue5701-original-p76/svg/issue5701-original_076.svg
  → /Users/tsjang/rhwp/output/review-planet6897-6125-6153-6155-20260827/visual-sweep/issue5701-original-p76/issue5701-original-p76/svg/issue5701-original_077.svg
  → /Users/tsjang/rhwp/output/review-planet6897-6125-6153-6155-20260827/visual-sweep/issue5701-original-p76/issue5701-original-p76/svg/issue5701-original_078.svg
  → /Users/tsjang/rhwp/output/review-planet6897-6125-6153-6155-20260827/visual-sweep/issue5701-original-p76/issue5701-original-p76/svg/issue5701-original_079.svg
  → /Users/tsjang/rhwp/output/review-planet6897-6125-6153-6155-20260827/visual-sweep/issue5701-original-p76/issue5701-original-p76/svg/issue5701-original_080.svg
  → /Users/tsjang/rhwp/output/review-planet6897-6125-6153-6155-20260827/visual-sweep/issue5701-original-p76/issue5701-original-p76/svg/issue5701-original_081.svg
  → /Users/tsjang/rhwp/output/review-planet6897-6125-6153-6155-20260827/visual-sweep/issue5701-original-p76/issue5701-original-p76/svg/issue5701-original_082.svg
  → /Users/tsjang/rhwp/output/review-planet6897-6125-6153-6155-20260827/visual-sweep/issue5701-original-p76/issue5701-original-p76/svg/issue5701-original_083.svg
  → /Users/tsjang/rhwp/output/review-planet6897-6125-6153-6155-20260827/visual-sweep/issue5701-original-p76/issue5701-original-p76/svg/issue5701-original_084.svg
  → /Users/tsjang/rhwp/output/review-planet6897-6125-6153-6155-20260827/visual-sweep/issue5701-original-p76/issue5701-original-p76/svg/issue5701-original_085.svg
  → /Users/tsjang/rhwp/output/review-planet6897-6125-6153-6155-20260827/visual-sweep/issue5701-original-p76/issue5701-original-p76/svg/issue5701-original_086.svg
  → /Users/tsjang/rhwp/output/review-planet6897-6125-6153-6155-20260827/visual-sweep/issue5701-original-p76/issue5701-original-p76/svg/issue5701-original_087.svg
  → /Users/tsjang/rhwp/output/review-planet6897-6125-6153-6155-20260827/visual-sweep/issue5701-original-p76/issue5701-original-p76/svg/issue5701-original_088.svg
  → /Users/tsjang/rhwp/output/review-planet6897-6125-6153-6155-20260827/visual-sweep/issue5701-original-p76/issue5701-original-p76/svg/issue5701-original_089.svg
  → /Users/tsjang/rhwp/output/review-planet6897-6125-6153-6155-20260827/visual-sweep/issue5701-original-p76/issue5701-original-p76/svg/issue5701-original_090.svg
  → /Users/tsjang/rhwp/output/review-planet6897-6125-6153-6155-20260827/visual-sweep/issue5701-original-p76/issue5701-original-p76/svg/issue5701-original_091.svg
  → /Users/tsjang/rhwp/output/review-planet6897-6125-6153-6155-20260827/visual-sweep/issue5701-original-p76/issue5701-original-p76/svg/issue5701-original_092.svg
  → /Users/tsjang/rhwp/output/review-planet6897-6125-6153-6155-20260827/visual-sweep/issue5701-original-p76/issue5701-original-p76/svg/issue5701-original_093.svg
  → /Users/tsjang/rhwp/output/review-planet6897-6125-6153-6155-20260827/visual-sweep/issue5701-original-p76/issue5701-original-p76/svg/issue5701-original_094.svg
  → /Users/tsjang/rhwp/output/review-planet6897-6125-6153-6155-20260827/visual-sweep/issue5701-original-p76/issue5701-original-p76/svg/issue5701-original_095.svg
  → /Users/tsjang/rhwp/output/review-planet6897-6125-6153-6155-20260827/visual-sweep/issue5701-original-p76/issue5701-original-p76/svg/issue5701-original_096.svg
  → /Users/tsjang/rhwp/output/review-planet6897-6125-6153-6155-20260827/visual-sweep/issue5701-original-p76/issue5701-original-p76/svg/issue5701-original_097.svg
  → /Users/tsjang/rhwp/output/review-planet6897-6125-6153-6155-20260827/visual-sweep/issue5701-original-p76/issue5701-original-p76/svg/issue5701-original_098.svg
  → /Users/tsjang/rhwp/output/review-planet6897-6125-6153-6155-20260827/visual-sweep/issue5701-original-p76/issue5701-original-p76/svg/issue5701-original_099.svg
  → /Users/tsjang/rhwp/output/review-planet6897-6125-6153-6155-20260827/visual-sweep/issue5701-original-p76/issue5701-original-p76/svg/issue5701-original_100.svg
  → /Users/tsjang/rhwp/output/review-planet6897-6125-6153-6155-20260827/visual-sweep/issue5701-original-p76/issue5701-original-p76/svg/issue5701-original_101.svg
  → /Users/tsjang/rhwp/output/review-planet6897-6125-6153-6155-20260827/visual-sweep/issue5701-original-p76/issue5701-original-p76/svg/issue5701-original_102.svg
  → /Users/tsjang/rhwp/output/review-planet6897-6125-6153-6155-20260827/visual-sweep/issue5701-original-p76/issue5701-original-p76/svg/issue5701-original_103.svg
  → /Users/tsjang/rhwp/output/review-planet6897-6125-6153-6155-20260827/visual-sweep/issue5701-original-p76/issue5701-original-p76/svg/issue5701-original_104.svg
  → /Users/tsjang/rhwp/output/review-planet6897-6125-6153-6155-20260827/visual-sweep/issue5701-original-p76/issue5701-original-p76/svg/issue5701-original_105.svg
  → /Users/tsjang/rhwp/output/review-planet6897-6125-6153-6155-20260827/visual-sweep/issue5701-original-p76/issue5701-original-p76/svg/issue5701-original_106.svg
  → /Users/tsjang/rhwp/output/review-planet6897-6125-6153-6155-20260827/visual-sweep/issue5701-original-p76/issue5701-original-p76/svg/issue5701-original_107.svg
  → /Users/tsjang/rhwp/output/review-planet6897-6125-6153-6155-20260827/visual-sweep/issue5701-original-p76/issue5701-original-p76/svg/issue5701-original_108.svg
  → /Users/tsjang/rhwp/output/review-planet6897-6125-6153-6155-20260827/visual-sweep/issue5701-original-p76/issue5701-original-p76/svg/issue5701-original_109.svg
  → /Users/tsjang/rhwp/output/review-planet6897-6125-6153-6155-20260827/visual-sweep/issue5701-original-p76/issue5701-original-p76/svg/issue5701-original_110.svg
  → /Users/tsjang/rhwp/output/review-planet6897-6125-6153-6155-20260827/visual-sweep/issue5701-original-p76/issue5701-original-p76/svg/issue5701-original_111.svg
  → /Users/tsjang/rhwp/output/review-planet6897-6125-6153-6155-20260827/visual-sweep/issue5701-original-p76/issue5701-original-p76/svg/issue5701-original_112.svg
  → /Users/tsjang/rhwp/output/review-planet6897-6125-6153-6155-20260827/visual-sweep/issue5701-original-p76/issue5701-original-p76/svg/issue5701-original_113.svg
  → /Users/tsjang/rhwp/output/review-planet6897-6125-6153-6155-20260827/visual-sweep/issue5701-original-p76/issue5701-original-p76/svg/issue5701-original_114.svg
  → /Users/tsjang/rhwp/output/review-planet6897-6125-6153-6155-20260827/visual-sweep/issue5701-original-p76/issue5701-original-p76/svg/issue5701-original_115.svg
  → /Users/tsjang/rhwp/output/review-planet6897-6125-6153-6155-20260827/visual-sweep/issue5701-original-p76/issue5701-original-p76/svg/issue5701-original_116.svg
  → /Users/tsjang/rhwp/output/review-planet6897-6125-6153-6155-20260827/visual-sweep/issue5701-original-p76/issue5701-original-p76/svg/issue5701-original_117.svg
  → /Users/tsjang/rhwp/output/review-planet6897-6125-6153-6155-20260827/visual-sweep/issue5701-original-p76/issue5701-original-p76/svg/issue5701-original_118.svg
  → /Users/tsjang/rhwp/output/review-planet6897-6125-6153-6155-20260827/visual-sweep/issue5701-original-p76/issue5701-original-p76/svg/issue5701-original_119.svg
  → /Users/tsjang/rhwp/output/review-planet6897-6125-6153-6155-20260827/visual-sweep/issue5701-original-p76/issue5701-original-p76/svg/issue5701-original_120.svg
  → /Users/tsjang/rhwp/output/review-planet6897-6125-6153-6155-20260827/visual-sweep/issue5701-original-p76/issue5701-original-p76/svg/issue5701-original_121.svg
  → /Users/tsjang/rhwp/output/review-planet6897-6125-6153-6155-20260827/visual-sweep/issue5701-original-p76/issue5701-original-p76/svg/issue5701-original_122.svg
  → /Users/tsjang/rhwp/output/review-planet6897-6125-6153-6155-20260827/visual-sweep/issue5701-original-p76/issue5701-original-p76/svg/issue5701-original_123.svg
  → /Users/tsjang/rhwp/output/review-planet6897-6125-6153-6155-20260827/visual-sweep/issue5701-original-p76/issue5701-original-p76/svg/issue5701-original_124.svg
  → /Users/tsjang/rhwp/output/review-planet6897-6125-6153-6155-20260827/visual-sweep/issue5701-original-p76/issue5701-original-p76/svg/issue5701-original_125.svg
  → /Users/tsjang/rhwp/output/review-planet6897-6125-6153-6155-20260827/visual-sweep/issue5701-original-p76/issue5701-original-p76/svg/issue5701-original_126.svg
  → /Users/tsjang/rhwp/output/review-planet6897-6125-6153-6155-20260827/visual-sweep/issue5701-original-p76/issue5701-original-p76/svg/issue5701-original_127.svg
  → /Users/tsjang/rhwp/output/review-planet6897-6125-6153-6155-20260827/visual-sweep/issue5701-original-p76/issue5701-original-p76/svg/issue5701-original_128.svg
  → /Users/tsjang/rhwp/output/review-planet6897-6125-6153-6155-20260827/visual-sweep/issue5701-original-p76/issue5701-original-p76/svg/issue5701-original_129.svg
  → /Users/tsjang/rhwp/output/review-planet6897-6125-6153-6155-20260827/visual-sweep/issue5701-original-p76/issue5701-original-p76/svg/issue5701-original_130.svg
  → /Users/tsjang/rhwp/output/review-planet6897-6125-6153-6155-20260827/visual-sweep/issue5701-original-p76/issue5701-original-p76/svg/issue5701-original_131.svg
  → /Users/tsjang/rhwp/output/review-planet6897-6125-6153-6155-20260827/visual-sweep/issue5701-original-p76/issue5701-original-p76/svg/issue5701-original_132.svg
  → /Users/tsjang/rhwp/output/review-planet6897-6125-6153-6155-20260827/visual-sweep/issue5701-original-p76/issue5701-original-p76/svg/issue5701-original_133.svg
  → /Users/tsjang/rhwp/output/review-planet6897-6125-6153-6155-20260827/visual-sweep/issue5701-original-p76/issue5701-original-p76/svg/issue5701-original_134.svg
  → /Users/tsjang/rhwp/output/review-planet6897-6125-6153-6155-20260827/visual-sweep/issue5701-original-p76/issue5701-original-p76/svg/issue5701-original_135.svg
  → /Users/tsjang/rhwp/output/review-planet6897-6125-6153-6155-20260827/visual-sweep/issue5701-original-p76/issue5701-original-p76/svg/issue5701-original_136.svg
  → /Users/tsjang/rhwp/output/review-planet6897-6125-6153-6155-20260827/visual-sweep/issue5701-original-p76/issue5701-original-p76/svg/issue5701-original_137.svg
  → /Users/tsjang/rhwp/output/review-planet6897-6125-6153-6155-20260827/visual-sweep/issue5701-original-p76/issue5701-original-p76/svg/issue5701-original_138.svg
  → /Users/tsjang/rhwp/output/review-planet6897-6125-6153-6155-20260827/visual-sweep/issue5701-original-p76/issue5701-original-p76/svg/issue5701-original_139.svg
  → /Users/tsjang/rhwp/output/review-planet6897-6125-6153-6155-20260827/visual-sweep/issue5701-original-p76/issue5701-original-p76/svg/issue5701-original_140.svg
  → /Users/tsjang/rhwp/output/review-planet6897-6125-6153-6155-20260827/visual-sweep/issue5701-original-p76/issue5701-original-p76/svg/issue5701-original_141.svg
  → /Users/tsjang/rhwp/output/review-planet6897-6125-6153-6155-20260827/visual-sweep/issue5701-original-p76/issue5701-original-p76/svg/issue5701-original_142.svg
  → /Users/tsjang/rhwp/output/review-planet6897-6125-6153-6155-20260827/visual-sweep/issue5701-original-p76/issue5701-original-p76/svg/issue5701-original_143.svg
  → /Users/tsjang/rhwp/output/review-planet6897-6125-6153-6155-20260827/visual-sweep/issue5701-original-p76/issue5701-original-p76/svg/issue5701-original_144.svg
  → /Users/tsjang/rhwp/output/review-planet6897-6125-6153-6155-20260827/visual-sweep/issue5701-original-p76/issue5701-original-p76/svg/issue5701-original_145.svg
  → /Users/tsjang/rhwp/output/review-planet6897-6125-6153-6155-20260827/visual-sweep/issue5701-original-p76/issue5701-original-p76/svg/issue5701-original_146.svg
  → /Users/tsjang/rhwp/output/review-planet6897-6125-6153-6155-20260827/visual-sweep/issue5701-original-p76/issue5701-original-p76/svg/issue5701-original_147.svg
  → /Users/tsjang/rhwp/output/review-planet6897-6125-6153-6155-20260827/visual-sweep/issue5701-original-p76/issue5701-original-p76/svg/issue5701-original_148.svg
  → /Users/tsjang/rhwp/output/review-planet6897-6125-6153-6155-20260827/visual-sweep/issue5701-original-p76/issue5701-original-p76/svg/issue5701-original_149.svg
  → /Users/tsjang/rhwp/output/review-planet6897-6125-6153-6155-20260827/visual-sweep/issue5701-original-p76/issue5701-original-p76/svg/issue5701-original_150.svg
  → /Users/tsjang/rhwp/output/review-planet6897-6125-6153-6155-20260827/visual-sweep/issue5701-original-p76/issue5701-original-p76/svg/issue5701-original_151.svg
  → /Users/tsjang/rhwp/output/review-planet6897-6125-6153-6155-20260827/visual-sweep/issue5701-original-p76/issue5701-original-p76/svg/issue5701-original_152.svg
  → /Users/tsjang/rhwp/output/review-planet6897-6125-6153-6155-20260827/visual-sweep/issue5701-original-p76/issue5701-original-p76/svg/issue5701-original_153.svg
  → /Users/tsjang/rhwp/output/review-planet6897-6125-6153-6155-20260827/visual-sweep/issue5701-original-p76/issue5701-original-p76/svg/issue5701-original_154.svg
  → /Users/tsjang/rhwp/output/review-planet6897-6125-6153-6155-20260827/visual-sweep/issue5701-original-p76/issue5701-original-p76/svg/issue5701-original_155.svg
  → /Users/tsjang/rhwp/output/review-planet6897-6125-6153-6155-20260827/visual-sweep/issue5701-original-p76/issue5701-original-p76/svg/issue5701-original_156.svg
  → /Users/tsjang/rhwp/output/review-planet6897-6125-6153-6155-20260827/visual-sweep/issue5701-original-p76/issue5701-original-p76/svg/issue5701-original_157.svg
  → /Users/tsjang/rhwp/output/review-planet6897-6125-6153-6155-20260827/visual-sweep/issue5701-original-p76/issue5701-original-p76/svg/issue5701-original_158.svg
  → /Users/tsjang/rhwp/output/review-planet6897-6125-6153-6155-20260827/visual-sweep/issue5701-original-p76/issue5701-original-p76/svg/issue5701-original_159.svg
  → /Users/tsjang/rhwp/output/review-planet6897-6125-6153-6155-20260827/visual-sweep/issue5701-original-p76/issue5701-original-p76/svg/issue5701-original_160.svg
  → /Users/tsjang/rhwp/output/review-planet6897-6125-6153-6155-20260827/visual-sweep/issue5701-original-p76/issue5701-original-p76/svg/issue5701-original_161.svg
  → /Users/tsjang/rhwp/output/review-planet6897-6125-6153-6155-20260827/visual-sweep/issue5701-original-p76/issue5701-original-p76/svg/issue5701-original_162.svg
  → /Users/tsjang/rhwp/output/review-planet6897-6125-6153-6155-20260827/visual-sweep/issue5701-original-p76/issue5701-original-p76/svg/issue5701-original_163.svg
  → /Users/tsjang/rhwp/output/review-planet6897-6125-6153-6155-20260827/visual-sweep/issue5701-original-p76/issue5701-original-p76/svg/issue5701-original_164.svg
  → /Users/tsjang/rhwp/output/review-planet6897-6125-6153-6155-20260827/visual-sweep/issue5701-original-p76/issue5701-original-p76/svg/issue5701-original_165.svg
  → /Users/tsjang/rhwp/output/review-planet6897-6125-6153-6155-20260827/visual-sweep/issue5701-original-p76/issue5701-original-p76/svg/issue5701-original_166.svg
  → /Users/tsjang/rhwp/output/review-planet6897-6125-6153-6155-20260827/visual-sweep/issue5701-original-p76/issue5701-original-p76/svg/issue5701-original_167.svg
  → /Users/tsjang/rhwp/output/review-planet6897-6125-6153-6155-20260827/visual-sweep/issue5701-original-p76/issue5701-original-p76/svg/issue5701-original_168.svg
  → /Users/tsjang/rhwp/output/review-planet6897-6125-6153-6155-20260827/visual-sweep/issue5701-original-p76/issue5701-original-p76/svg/issue5701-original_169.svg
  → /Users/tsjang/rhwp/output/review-planet6897-6125-6153-6155-20260827/visual-sweep/issue5701-original-p76/issue5701-original-p76/svg/issue5701-original_170.svg
  → /Users/tsjang/rhwp/output/review-planet6897-6125-6153-6155-20260827/visual-sweep/issue5701-original-p76/issue5701-original-p76/svg/issue5701-original_171.svg
  → /Users/tsjang/rhwp/output/review-planet6897-6125-6153-6155-20260827/visual-sweep/issue5701-original-p76/issue5701-original-p76/svg/issue5701-original_172.svg
  → /Users/tsjang/rhwp/output/review-planet6897-6125-6153-6155-20260827/visual-sweep/issue5701-original-p76/issue5701-original-p76/svg/issue5701-original_173.svg
  → /Users/tsjang/rhwp/output/review-planet6897-6125-6153-6155-20260827/visual-sweep/issue5701-original-p76/issue5701-original-p76/svg/issue5701-original_174.svg
  → /Users/tsjang/rhwp/output/review-planet6897-6125-6153-6155-20260827/visual-sweep/issue5701-original-p76/issue5701-original-p76/svg/issue5701-original_175.svg
  → /Users/tsjang/rhwp/output/review-planet6897-6125-6153-6155-20260827/visual-sweep/issue5701-original-p76/issue5701-original-p76/svg/issue5701-original_176.svg
  → /Users/tsjang/rhwp/output/review-planet6897-6125-6153-6155-20260827/visual-sweep/issue5701-original-p76/issue5701-original-p76/svg/issue5701-original_177.svg
  → /Users/tsjang/rhwp/output/review-planet6897-6125-6153-6155-20260827/visual-sweep/issue5701-original-p76/issue5701-original-p76/svg/issue5701-original_178.svg
  → /Users/tsjang/rhwp/output/review-planet6897-6125-6153-6155-20260827/visual-sweep/issue5701-original-p76/issue5701-original-p76/svg/issue5701-original_179.svg
  → /Users/tsjang/rhwp/output/review-planet6897-6125-6153-6155-20260827/visual-sweep/issue5701-original-p76/issue5701-original-p76/svg/issue5701-original_180.svg
  → /Users/tsjang/rhwp/output/review-planet6897-6125-6153-6155-20260827/visual-sweep/issue5701-original-p76/issue5701-original-p76/svg/issue5701-original_181.svg
  → /Users/tsjang/rhwp/output/review-planet6897-6125-6153-6155-20260827/visual-sweep/issue5701-original-p76/issue5701-original-p76/svg/issue5701-original_182.svg
  → /Users/tsjang/rhwp/output/review-planet6897-6125-6153-6155-20260827/visual-sweep/issue5701-original-p76/issue5701-original-p76/svg/issue5701-original_183.svg
  → /Users/tsjang/rhwp/output/review-planet6897-6125-6153-6155-20260827/visual-sweep/issue5701-original-p76/issue5701-original-p76/svg/issue5701-original_184.svg
  → /Users/tsjang/rhwp/output/review-planet6897-6125-6153-6155-20260827/visual-sweep/issue5701-original-p76/issue5701-original-p76/svg/issue5701-original_185.svg
  → /Users/tsjang/rhwp/output/review-planet6897-6125-6153-6155-20260827/visual-sweep/issue5701-original-p76/issue5701-original-p76/svg/issue5701-original_186.svg
  → /Users/tsjang/rhwp/output/review-planet6897-6125-6153-6155-20260827/visual-sweep/issue5701-original-p76/issue5701-original-p76/svg/issue5701-original_187.svg
  → /Users/tsjang/rhwp/output/review-planet6897-6125-6153-6155-20260827/visual-sweep/issue5701-original-p76/issue5701-original-p76/svg/issue5701-original_188.svg
  → /Users/tsjang/rhwp/output/review-planet6897-6125-6153-6155-20260827/visual-sweep/issue5701-original-p76/issue5701-original-p76/svg/issue5701-original_189.svg
  → /Users/tsjang/rhwp/output/review-planet6897-6125-6153-6155-20260827/visual-sweep/issue5701-original-p76/issue5701-original-p76/svg/issue5701-original_190.svg
  → /Users/tsjang/rhwp/output/review-planet6897-6125-6153-6155-20260827/visual-sweep/issue5701-original-p76/issue5701-original-p76/svg/issue5701-original_191.svg
  → /Users/tsjang/rhwp/output/review-planet6897-6125-6153-6155-20260827/visual-sweep/issue5701-original-p76/issue5701-original-p76/svg/issue5701-original_192.svg
  → /Users/tsjang/rhwp/output/review-planet6897-6125-6153-6155-20260827/visual-sweep/issue5701-original-p76/issue5701-original-p76/svg/issue5701-original_193.svg
  → /Users/tsjang/rhwp/output/review-planet6897-6125-6153-6155-20260827/visual-sweep/issue5701-original-p76/issue5701-original-p76/svg/issue5701-original_194.svg
  → /Users/tsjang/rhwp/output/review-planet6897-6125-6153-6155-20260827/visual-sweep/issue5701-original-p76/issue5701-original-p76/svg/issue5701-original_195.svg
  → /Users/tsjang/rhwp/output/review-planet6897-6125-6153-6155-20260827/visual-sweep/issue5701-original-p76/issue5701-original-p76/svg/issue5701-original_196.svg
  → /Users/tsjang/rhwp/output/review-planet6897-6125-6153-6155-20260827/visual-sweep/issue5701-original-p76/issue5701-original-p76/svg/issue5701-original_197.svg
  → /Users/tsjang/rhwp/output/review-planet6897-6125-6153-6155-20260827/visual-sweep/issue5701-original-p76/issue5701-original-p76/svg/issue5701-original_198.svg
  → /Users/tsjang/rhwp/output/review-planet6897-6125-6153-6155-20260827/visual-sweep/issue5701-original-p76/issue5701-original-p76/svg/issue5701-original_199.svg
  → /Users/tsjang/rhwp/output/review-planet6897-6125-6153-6155-20260827/visual-sweep/issue5701-original-p76/issue5701-original-p76/svg/issue5701-original_200.svg
  → /Users/tsjang/rhwp/output/review-planet6897-6125-6153-6155-20260827/visual-sweep/issue5701-original-p76/issue5701-original-p76/svg/issue5701-original_201.svg
  → /Users/tsjang/rhwp/output/review-planet6897-6125-6153-6155-20260827/visual-sweep/issue5701-original-p76/issue5701-original-p76/svg/issue5701-original_202.svg
  → /Users/tsjang/rhwp/output/review-planet6897-6125-6153-6155-20260827/visual-sweep/issue5701-original-p76/issue5701-original-p76/svg/issue5701-original_203.svg
  → /Users/tsjang/rhwp/output/review-planet6897-6125-6153-6155-20260827/visual-sweep/issue5701-original-p76/issue5701-original-p76/svg/issue5701-original_204.svg
  → /Users/tsjang/rhwp/output/review-planet6897-6125-6153-6155-20260827/visual-sweep/issue5701-original-p76/issue5701-original-p76/svg/issue5701-original_205.svg
  → /Users/tsjang/rhwp/output/review-planet6897-6125-6153-6155-20260827/visual-sweep/issue5701-original-p76/issue5701-original-p76/svg/issue5701-original_206.svg
내보내기 완료: 206개 SVG 파일 → /Users/tsjang/rhwp/output/review-planet6897-6125-6153-6155-20260827/visual-sweep/issue5701-original-p76/issue5701-original-p76/svg/
LAYOUT_OVERFLOW_DRAW: section=0 pi=150 line=1 y=1017.9 col_bottom=1009.1 overflow=8.7px
LAYOUT_OVERFLOW: page=12, sec=0, col=0, para=150, type=PartialParagraph, first=false, y=1017.9, bottom=1009.1, overflow=8.7px
LAYOUT_OVERFLOW_DRAW: section=1 pi=141 line=2 y=1010.1 col_bottom=1009.1 overflow=1.0px
LAYOUT_OVERFLOW_DRAW: section=1 pi=141 line=3 y=1038.9 col_bottom=1009.1 overflow=29.8px
LAYOUT_OVERFLOW: page=12, sec=1, col=0, para=141, type=PartialParagraph, first=false, y=1038.9, bottom=1009.1, overflow=29.8px
LAYOUT_OVERFLOW_DRAW: section=1 pi=240 line=1 y=1028.9 col_bottom=1009.1 overflow=19.7px
LAYOUT_OVERFLOW: page=27, sec=1, col=0, para=240, type=FullParagraph, first=false, y=1028.9, bottom=1009.1, overflow=19.7px
LAYOUT_OVERFLOW: page=27, sec=1, col=0, para=240, type=Shape, first=false, y=1043.9, bottom=1009.1, overflow=34.8px
LAYOUT_OVERFLOW_DRAW: section=1 pi=241 line=0 y=1060.9 col_bottom=1009.1 overflow=51.7px
LAYOUT_OVERFLOW: page=27, sec=1, col=0, para=241, type=FullParagraph, first=false, y=1060.9, bottom=1009.1, overflow=51.7px
LAYOUT_OVERFLOW_DRAW: section=1 pi=254 line=1 y=1012.3 col_bottom=1009.1 overflow=3.1px
LAYOUT_OVERFLOW: page=28, sec=1, col=0, para=254, type=PartialParagraph, first=false, y=1012.3, bottom=1009.1, overflow=3.1px
LAYOUT_OVERFLOW_DRAW: section=1 pi=491 line=3 y=1037.0 col_bottom=1009.1 overflow=27.9px
LAYOUT_OVERFLOW_DRAW: section=1 pi=491 line=4 y=1069.0 col_bottom=1009.1 overflow=59.9px
LAYOUT_OVERFLOW_DRAW: section=1 pi=491 line=5 y=1101.0 col_bottom=1009.1 overflow=91.9px
LAYOUT_OVERFLOW_DRAW: section=1 pi=491 line=6 y=1133.0 col_bottom=1009.1 overflow=123.9px
LAYOUT_OVERFLOW_DRAW: section=1 pi=491 line=7 y=1165.0 col_bottom=1009.1 overflow=155.9px
LAYOUT_OVERFLOW: page=52, sec=1, col=0, para=491, type=PartialParagraph, first=false, y=1165.0, bottom=1009.1, overflow=155.9px
LAYOUT_OVERFLOW: page=75, sec=1, col=0, para=699, type=Table, first=false, y=1015.4, bottom=1009.1, overflow=6.3px
LAYOUT_OVERFLOW: page=103, sec=1, col=0, para=919, type=PartialTable, first=false, y=1027.3, bottom=1009.1, overflow=18.1px
LAYOUT_OVERFLOW_DRAW: section=1 pi=997 line=2 y=1012.3 col_bottom=1009.1 overflow=3.1px
LAYOUT_OVERFLOW: page=111, sec=1, col=0, para=997, type=FullParagraph, first=false, y=1012.3, bottom=1009.1, overflow=3.1px
LAYOUT_OVERFLOW_DRAW: section=1 pi=1147 line=0 y=1026.4 col_bottom=1009.1 overflow=17.2px
LAYOUT_OVERFLOW: page=124, sec=1, col=0, para=1147, type=PartialParagraph, first=false, y=1026.4, bottom=1009.1, overflow=17.2px
LAYOUT_OVERFLOW_DRAW: section=1 pi=1158 line=1 y=1016.8 col_bottom=1009.1 overflow=7.6px
LAYOUT_OVERFLOW: page=125, sec=1, col=0, para=1158, type=PartialParagraph, first=false, y=1016.8, bottom=1009.1, overflow=7.6px
LAYOUT_OVERFLOW_DRAW: section=1 pi=1174 line=1 y=1011.1 col_bottom=1009.1 overflow=1.9px
LAYOUT_OVERFLOW: page=127, sec=1, col=0, para=1181, type=Shape, first=false, y=1022.1, bottom=1009.1, overflow=13.0px
LAYOUT_OVERFLOW_DRAW: section=1 pi=1207 line=0 y=1014.1 col_bottom=1009.1 overflow=4.9px
LAYOUT_OVERFLOW: page=131, sec=1, col=0, para=1207, type=FullParagraph, first=false, y=1014.1, bottom=1009.1, overflow=4.9px
LAYOUT_OVERFLOW: page=131, sec=1, col=0, para=1207, type=Shape, first=false, y=1014.1, bottom=1009.1, overflow=4.9px
LAYOUT_OVERFLOW: page=131, sec=1, col=0, para=1208, type=FullParagraph, first=false, y=1026.9, bottom=1009.1, overflow=17.7px
