문서 로드 완료: /Users/tsjang/rhwp/output/review-planet6897-6125-6153-6155-20260827/source/issue5701-original.hwp (206페이지)
  → /Users/tsjang/rhwp/output/review-planet6897-6125-6153-6155-20260827/visual-sweep/issue5701-original-p76/issue5701-original-p76/render_tree/render_tree_001.json
  → /Users/tsjang/rhwp/output/review-planet6897-6125-6153-6155-20260827/visual-sweep/issue5701-original-p76/issue5701-original-p76/render_tree/render_tree_002.json
  → /Users/tsjang/rhwp/output/review-planet6897-6125-6153-6155-20260827/visual-sweep/issue5701-original-p76/issue5701-original-p76/render_tree/render_tree_003.json
  → /Users/tsjang/rhwp/output/review-planet6897-6125-6153-6155-20260827/visual-sweep/issue5701-original-p76/issue5701-original-p76/render_tree/render_tree_004.json
  → /Users/tsjang/rhwp/output/review-planet6897-6125-6153-6155-20260827/visual-sweep/issue5701-original-p76/issue5701-original-p76/render_tree/render_tree_005.json
  → /Users/tsjang/rhwp/output/review-planet6897-6125-6153-6155-20260827/visual-sweep/issue5701-original-p76/issue5701-original-p76/render_tree/render_tree_006.json
  → /Users/tsjang/rhwp/output/review-planet6897-6125-6153-6155-20260827/visual-sweep/issue5701-original-p76/issue5701-original-p76/render_tree/render_tree_007.json
  → /Users/tsjang/rhwp/output/review-planet6897-6125-6153-6155-20260827/visual-sweep/issue5701-original-p76/issue5701-original-p76/render_tree/render_tree_008.json
  → /Users/tsjang/rhwp/output/review-planet6897-6125-6153-6155-20260827/visual-sweep/issue5701-original-p76/issue5701-original-p76/render_tree/render_tree_009.json
  → /Users/tsjang/rhwp/output/review-planet6897-6125-6153-6155-20260827/visual-sweep/issue5701-original-p76/issue5701-original-p76/render_tree/render_tree_010.json
  → /Users/tsjang/rhwp/output/review-planet6897-6125-6153-6155-20260827/visual-sweep/issue5701-original-p76/issue5701-original-p76/render_tree/render_tree_011.json
  → /Users/tsjang/rhwp/output/review-planet6897-6125-6153-6155-20260827/visual-sweep/issue5701-original-p76/issue5701-original-p76/render_tree/render_tree_012.json
  → /Users/tsjang/rhwp/output/review-planet6897-6125-6153-6155-20260827/visual-sweep/issue5701-original-p76/issue5701-original-p76/render_tree/render_tree_013.json
  → /Users/tsjang/rhwp/output/review-planet6897-6125-6153-6155-20260827/visual-sweep/issue5701-original-p76/issue5701-original-p76/render_tree/render_tree_014.json
  → /Users/tsjang/rhwp/output/review-planet6897-6125-6153-6155-20260827/visual-sweep/issue5701-original-p76/issue5701-original-p76/render_tree/render_tree_015.json
  → /Users/tsjang/rhwp/output/review-planet6897-6125-6153-6155-20260827/visual-sweep/issue5701-original-p76/issue5701-original-p76/render_tree/render_tree_016.json
  → /Users/tsjang/rhwp/output/review-planet6897-6125-6153-6155-20260827/visual-sweep/issue5701-original-p76/issue5701-original-p76/render_tree/render_tree_017.json
  → /Users/tsjang/rhwp/output/review-planet6897-6125-6153-6155-20260827/visual-sweep/issue5701-original-p76/issue5701-original-p76/render_tree/render_tree_018.json
  → /Users/tsjang/rhwp/output/review-planet6897-6125-6153-6155-20260827/visual-sweep/issue5701-original-p76/issue5701-original-p76/render_tree/render_tree_019.json
  → /Users/tsjang/rhwp/output/review-planet6897-6125-6153-6155-20260827/visual-sweep/issue5701-original-p76/issue5701-original-p76/render_tree/render_tree_020.json
  → /Users/tsjang/rhwp/output/review-planet6897-6125-6153-6155-20260827/visual-sweep/issue5701-original-p76/issue5701-original-p76/render_tree/render_tree_021.json
  → /Users/tsjang/rhwp/output/review-planet6897-6125-6153-6155-20260827/visual-sweep/issue5701-original-p76/issue5701-original-p76/render_tree/render_tree_022.json
  → /Users/tsjang/rhwp/output/review-planet6897-6125-6153-6155-20260827/visual-sweep/issue5701-original-p76/issue5701-original-p76/render_tree/render_tree_023.json
  → /Users/tsjang/rhwp/output/review-planet6897-6125-6153-6155-20260827/visual-sweep/issue5701-original-p76/issue5701-original-p76/render_tree/render_tree_024.json
  → /Users/tsjang/rhwp/output/review-planet6897-6125-6153-6155-20260827/visual-sweep/issue5701-original-p76/issue5701-original-p76/render_tree/render_tree_025.json
  → /Users/tsjang/rhwp/output/review-planet6897-6125-6153-6155-20260827/visual-sweep/issue5701-original-p76/issue5701-original-p76/render_tree/render_tree_026.json
  → /Users/tsjang/rhwp/output/review-planet6897-6125-6153-6155-20260827/visual-sweep/issue5701-original-p76/issue5701-original-p76/render_tree/render_tree_027.json
  → /Users/tsjang/rhwp/output/review-planet6897-6125-6153-6155-20260827/visual-sweep/issue5701-original-p76/issue5701-original-p76/render_tree/render_tree_028.json
  → /Users/tsjang/rhwp/output/review-planet6897-6125-6153-6155-20260827/visual-sweep/issue5701-original-p76/issue5701-original-p76/render_tree/render_tree_029.json
  → /Users/tsjang/rhwp/output/review-planet6897-6125-6153-6155-20260827/visual-sweep/issue5701-original-p76/issue5701-original-p76/render_tree/render_tree_030.json
  → /Users/tsjang/rhwp/output/review-planet6897-6125-6153-6155-20260827/visual-sweep/issue5701-original-p76/issue5701-original-p76/render_tree/render_tree_031.json
  → /Users/tsjang/rhwp/output/review-planet6897-6125-6153-6155-20260827/visual-sweep/issue5701-original-p76/issue5701-original-p76/render_tree/render_tree_032.json
  → /Users/tsjang/rhwp/output/review-planet6897-6125-6153-6155-20260827/visual-sweep/issue5701-original-p76/issue5701-original-p76/render_tree/render_tree_033.json
  → /Users/tsjang/rhwp/output/review-planet6897-6125-6153-6155-20260827/visual-sweep/issue5701-original-p76/issue5701-original-p76/render_tree/render_tree_034.json
  → /Users/tsjang/rhwp/output/review-planet6897-6125-6153-6155-20260827/visual-sweep/issue5701-original-p76/issue5701-original-p76/render_tree/render_tree_035.json
  → /Users/tsjang/rhwp/output/review-planet6897-6125-6153-6155-20260827/visual-sweep/issue5701-original-p76/issue5701-original-p76/render_tree/render_tree_036.json
  → /Users/tsjang/rhwp/output/review-planet6897-6125-6153-6155-20260827/visual-sweep/issue5701-original-p76/issue5701-original-p76/render_tree/render_tree_037.json
  → /Users/tsjang/rhwp/output/review-planet6897-6125-6153-6155-20260827/visual-sweep/issue5701-original-p76/issue5701-original-p76/render_tree/render_tree_038.json
  → /Users/tsjang/rhwp/output/review-planet6897-6125-6153-6155-20260827/visual-sweep/issue5701-original-p76/issue5701-original-p76/render_tree/render_tree_039.json
  → /Users/tsjang/rhwp/output/review-planet6897-6125-6153-6155-20260827/visual-sweep/issue5701-original-p76/issue5701-original-p76/render_tree/render_tree_040.json
  → /Users/tsjang/rhwp/output/review-planet6897-6125-6153-6155-20260827/visual-sweep/issue5701-original-p76/issue5701-original-p76/render_tree/render_tree_041.json
  → /Users/tsjang/rhwp/output/review-planet6897-6125-6153-6155-20260827/visual-sweep/issue5701-original-p76/issue5701-original-p76/render_tree/render_tree_042.json
  → /Users/tsjang/rhwp/output/review-planet6897-6125-6153-6155-20260827/visual-sweep/issue5701-original-p76/issue5701-original-p76/render_tree/render_tree_043.json
  → /Users/tsjang/rhwp/output/review-planet6897-6125-6153-6155-20260827/visual-sweep/issue5701-original-p76/issue5701-original-p76/render_tree/render_tree_044.json
  → /Users/tsjang/rhwp/output/review-planet6897-6125-6153-6155-20260827/visual-sweep/issue5701-original-p76/issue5701-original-p76/render_tree/render_tree_045.json
  → /Users/tsjang/rhwp/output/review-planet6897-6125-6153-6155-20260827/visual-sweep/issue5701-original-p76/issue5701-original-p76/render_tree/render_tree_046.json
  → /Users/tsjang/rhwp/output/review-planet6897-6125-6153-6155-20260827/visual-sweep/issue5701-original-p76/issue5701-original-p76/render_tree/render_tree_047.json
  → /Users/tsjang/rhwp/output/review-planet6897-6125-6153-6155-20260827/visual-sweep/issue5701-original-p76/issue5701-original-p76/render_tree/render_tree_048.json
  → /Users/tsjang/rhwp/output/review-planet6897-6125-6153-6155-20260827/visual-sweep/issue5701-original-p76/issue5701-original-p76/render_tree/render_tree_049.json
  → /Users/tsjang/rhwp/output/review-planet6897-6125-6153-6155-20260827/visual-sweep/issue5701-original-p76/issue5701-original-p76/render_tree/render_tree_050.json
  → /Users/tsjang/rhwp/output/review-planet6897-6125-6153-6155-20260827/visual-sweep/issue5701-original-p76/issue5701-original-p76/render_tree/render_tree_051.json
  → /Users/tsjang/rhwp/output/review-planet6897-6125-6153-6155-20260827/visual-sweep/issue5701-original-p76/issue5701-original-p76/render_tree/render_tree_052.json
  → /Users/tsjang/rhwp/output/review-planet6897-6125-6153-6155-20260827/visual-sweep/issue5701-original-p76/issue5701-original-p76/render_tree/render_tree_053.json
  → /Users/tsjang/rhwp/output/review-planet6897-6125-6153-6155-20260827/visual-sweep/issue5701-original-p76/issue5701-original-p76/render_tree/render_tree_054.json
  → /Users/tsjang/rhwp/output/review-planet6897-6125-6153-6155-20260827/visual-sweep/issue5701-original-p76/issue5701-original-p76/render_tree/render_tree_055.json
  → /Users/tsjang/rhwp/output/review-planet6897-6125-6153-6155-20260827/visual-sweep/issue5701-original-p76/issue5701-original-p76/render_tree/render_tree_056.json
  → /Users/tsjang/rhwp/output/review-planet6897-6125-6153-6155-20260827/visual-sweep/issue5701-original-p76/issue5701-original-p76/render_tree/render_tree_057.json
  → /Users/tsjang/rhwp/output/review-planet6897-6125-6153-6155-20260827/visual-sweep/issue5701-original-p76/issue5701-original-p76/render_tree/render_tree_058.json
  → /Users/tsjang/rhwp/output/review-planet6897-6125-6153-6155-20260827/visual-sweep/issue5701-original-p76/issue5701-original-p76/render_tree/render_tree_059.json
  → /Users/tsjang/rhwp/output/review-planet6897-6125-6153-6155-20260827/visual-sweep/issue5701-original-p76/issue5701-original-p76/render_tree/render_tree_060.json
  → /Users/tsjang/rhwp/output/review-planet6897-6125-6153-6155-20260827/visual-sweep/issue5701-original-p76/issue5701-original-p76/render_tree/render_tree_061.json
  → /Users/tsjang/rhwp/output/review-planet6897-6125-6153-6155-20260827/visual-sweep/issue5701-original-p76/issue5701-original-p76/render_tree/render_tree_062.json
  → /Users/tsjang/rhwp/output/review-planet6897-6125-6153-6155-20260827/visual-sweep/issue5701-original-p76/issue5701-original-p76/render_tree/render_tree_063.json
  → /Users/tsjang/rhwp/output/review-planet6897-6125-6153-6155-20260827/visual-sweep/issue5701-original-p76/issue5701-original-p76/render_tree/render_tree_064.json
  → /Users/tsjang/rhwp/output/review-planet6897-6125-6153-6155-20260827/visual-sweep/issue5701-original-p76/issue5701-original-p76/render_tree/render_tree_065.json
  → /Users/tsjang/rhwp/output/review-planet6897-6125-6153-6155-20260827/visual-sweep/issue5701-original-p76/issue5701-original-p76/render_tree/render_tree_066.json
  → /Users/tsjang/rhwp/output/review-planet6897-6125-6153-6155-20260827/visual-sweep/issue5701-original-p76/issue5701-original-p76/render_tree/render_tree_067.json
  → /Users/tsjang/rhwp/output/review-planet6897-6125-6153-6155-20260827/visual-sweep/issue5701-original-p76/issue5701-original-p76/render_tree/render_tree_068.json
  → /Users/tsjang/rhwp/output/review-planet6897-6125-6153-6155-20260827/visual-sweep/issue5701-original-p76/issue5701-original-p76/render_tree/render_tree_069.json
  → /Users/tsjang/rhwp/output/review-planet6897-6125-6153-6155-20260827/visual-sweep/issue5701-original-p76/issue5701-original-p76/render_tree/render_tree_070.json
  → /Users/tsjang/rhwp/output/review-planet6897-6125-6153-6155-20260827/visual-sweep/issue5701-original-p76/issue5701-original-p76/render_tree/render_tree_071.json
  → /Users/tsjang/rhwp/output/review-planet6897-6125-6153-6155-20260827/visual-sweep/issue5701-original-p76/issue5701-original-p76/render_tree/render_tree_072.json
  → /Users/tsjang/rhwp/output/review-planet6897-6125-6153-6155-20260827/visual-sweep/issue5701-original-p76/issue5701-original-p76/render_tree/render_tree_073.json
  → /Users/tsjang/rhwp/output/review-planet6897-6125-6153-6155-20260827/visual-sweep/issue5701-original-p76/issue5701-original-p76/render_tree/render_tree_074.json
  → /Users/tsjang/rhwp/output/review-planet6897-6125-6153-6155-20260827/visual-sweep/issue5701-original-p76/issue5701-original-p76/render_tree/render_tree_075.json
  → /Users/tsjang/rhwp/output/review-planet6897-6125-6153-6155-20260827/visual-sweep/issue5701-original-p76/issue5701-original-p76/render_tree/render_tree_076.json
  → /Users/tsjang/rhwp/output/review-planet6897-6125-6153-6155-20260827/visual-sweep/issue5701-original-p76/issue5701-original-p76/render_tree/render_tree_077.json
  → /Users/tsjang/rhwp/output/review-planet6897-6125-6153-6155-20260827/visual-sweep/issue5701-original-p76/issue5701-original-p76/render_tree/render_tree_078.json
  → /Users/tsjang/rhwp/output/review-planet6897-6125-6153-6155-20260827/visual-sweep/issue5701-original-p76/issue5701-original-p76/render_tree/render_tree_079.json
  → /Users/tsjang/rhwp/output/review-planet6897-6125-6153-6155-20260827/visual-sweep/issue5701-original-p76/issue5701-original-p76/render_tree/render_tree_080.json
  → /Users/tsjang/rhwp/output/review-planet6897-6125-6153-6155-20260827/visual-sweep/issue5701-original-p76/issue5701-original-p76/render_tree/render_tree_081.json
  → /Users/tsjang/rhwp/output/review-planet6897-6125-6153-6155-20260827/visual-sweep/issue5701-original-p76/issue5701-original-p76/render_tree/render_tree_082.json
  → /Users/tsjang/rhwp/output/review-planet6897-6125-6153-6155-20260827/visual-sweep/issue5701-original-p76/issue5701-original-p76/render_tree/render_tree_083.json
  → /Users/tsjang/rhwp/output/review-planet6897-6125-6153-6155-20260827/visual-sweep/issue5701-original-p76/issue5701-original-p76/render_tree/render_tree_084.json
  → /Users/tsjang/rhwp/output/review-planet6897-6125-6153-6155-20260827/visual-sweep/issue5701-original-p76/issue5701-original-p76/render_tree/render_tree_085.json
  → /Users/tsjang/rhwp/output/review-planet6897-6125-6153-6155-20260827/visual-sweep/issue5701-original-p76/issue5701-original-p76/render_tree/render_tree_086.json
  → /Users/tsjang/rhwp/output/review-planet6897-6125-6153-6155-20260827/visual-sweep/issue5701-original-p76/issue5701-original-p76/render_tree/render_tree_087.json
  → /Users/tsjang/rhwp/output/review-planet6897-6125-6153-6155-20260827/visual-sweep/issue5701-original-p76/issue5701-original-p76/render_tree/render_tree_088.json
  → /Users/tsjang/rhwp/output/review-planet6897-6125-6153-6155-20260827/visual-sweep/issue5701-original-p76/issue5701-original-p76/render_tree/render_tree_089.json
  → /Users/tsjang/rhwp/output/review-planet6897-6125-6153-6155-20260827/visual-sweep/issue5701-original-p76/issue5701-original-p76/render_tree/render_tree_090.json
  → /Users/tsjang/rhwp/output/review-planet6897-6125-6153-6155-20260827/visual-sweep/issue5701-original-p76/issue5701-original-p76/render_tree/render_tree_091.json
  → /Users/tsjang/rhwp/output/review-planet6897-6125-6153-6155-20260827/visual-sweep/issue5701-original-p76/issue5701-original-p76/render_tree/render_tree_092.json
  → /Users/tsjang/rhwp/output/review-planet6897-6125-6153-6155-20260827/visual-sweep/issue5701-original-p76/issue5701-original-p76/render_tree/render_tree_093.json
  → /Users/tsjang/rhwp/output/review-planet6897-6125-6153-6155-20260827/visual-sweep/issue5701-original-p76/issue5701-original-p76/render_tree/render_tree_094.json
  → /Users/tsjang/rhwp/output/review-planet6897-6125-6153-6155-20260827/visual-sweep/issue5701-original-p76/issue5701-original-p76/render_tree/render_tree_095.json
  → /Users/tsjang/rhwp/output/review-planet6897-6125-6153-6155-20260827/visual-sweep/issue5701-original-p76/issue5701-original-p76/render_tree/render_tree_096.json
  → /Users/tsjang/rhwp/output/review-planet6897-6125-6153-6155-20260827/visual-sweep/issue5701-original-p76/issue5701-original-p76/render_tree/render_tree_097.json
  → /Users/tsjang/rhwp/output/review-planet6897-6125-6153-6155-20260827/visual-sweep/issue5701-original-p76/issue5701-original-p76/render_tree/render_tree_098.json
  → /Users/tsjang/rhwp/output/review-planet6897-6125-6153-6155-20260827/visual-sweep/issue5701-original-p76/issue5701-original-p76/render_tree/render_tree_099.json
  → /Users/tsjang/rhwp/output/review-planet6897-6125-6153-6155-20260827/visual-sweep/issue5701-original-p76/issue5701-original-p76/render_tree/render_tree_100.json
  → /Users/tsjang/rhwp/output/review-planet6897-6125-6153-6155-20260827/visual-sweep/issue5701-original-p76/issue5701-original-p76/render_tree/render_tree_101.json
  → /Users/tsjang/rhwp/output/review-planet6897-6125-6153-6155-20260827/visual-sweep/issue5701-original-p76/issue5701-original-p76/render_tree/render_tree_102.json
  → /Users/tsjang/rhwp/output/review-planet6897-6125-6153-6155-20260827/visual-sweep/issue5701-original-p76/issue5701-original-p76/render_tree/render_tree_103.json
  → /Users/tsjang/rhwp/output/review-planet6897-6125-6153-6155-20260827/visual-sweep/issue5701-original-p76/issue5701-original-p76/render_tree/render_tree_104.json
  → /Users/tsjang/rhwp/output/review-planet6897-6125-6153-6155-20260827/visual-sweep/issue5701-original-p76/issue5701-original-p76/render_tree/render_tree_105.json
  → /Users/tsjang/rhwp/output/review-planet6897-6125-6153-6155-20260827/visual-sweep/issue5701-original-p76/issue5701-original-p76/render_tree/render_tree_106.json
  → /Users/tsjang/rhwp/output/review-planet6897-6125-6153-6155-20260827/visual-sweep/issue5701-original-p76/issue5701-original-p76/render_tree/render_tree_107.json
  → /Users/tsjang/rhwp/output/review-planet6897-6125-6153-6155-20260827/visual-sweep/issue5701-original-p76/issue5701-original-p76/render_tree/render_tree_108.json
  → /Users/tsjang/rhwp/output/review-planet6897-6125-6153-6155-20260827/visual-sweep/issue5701-original-p76/issue5701-original-p76/render_tree/render_tree_109.json
  → /Users/tsjang/rhwp/output/review-planet6897-6125-6153-6155-20260827/visual-sweep/issue5701-original-p76/issue5701-original-p76/render_tree/render_tree_110.json
  → /Users/tsjang/rhwp/output/review-planet6897-6125-6153-6155-20260827/visual-sweep/issue5701-original-p76/issue5701-original-p76/render_tree/render_tree_111.json
  → /Users/tsjang/rhwp/output/review-planet6897-6125-6153-6155-20260827/visual-sweep/issue5701-original-p76/issue5701-original-p76/render_tree/render_tree_112.json
  → /Users/tsjang/rhwp/output/review-planet6897-6125-6153-6155-20260827/visual-sweep/issue5701-original-p76/issue5701-original-p76/render_tree/render_tree_113.json
  → /Users/tsjang/rhwp/output/review-planet6897-6125-6153-6155-20260827/visual-sweep/issue5701-original-p76/issue5701-original-p76/render_tree/render_tree_114.json
  → /Users/tsjang/rhwp/output/review-planet6897-6125-6153-6155-20260827/visual-sweep/issue5701-original-p76/issue5701-original-p76/render_tree/render_tree_115.json
  → /Users/tsjang/rhwp/output/review-planet6897-6125-6153-6155-20260827/visual-sweep/issue5701-original-p76/issue5701-original-p76/render_tree/render_tree_116.json
  → /Users/tsjang/rhwp/output/review-planet6897-6125-6153-6155-20260827/visual-sweep/issue5701-original-p76/issue5701-original-p76/render_tree/render_tree_117.json
  → /Users/tsjang/rhwp/output/review-planet6897-6125-6153-6155-20260827/visual-sweep/issue5701-original-p76/issue5701-original-p76/render_tree/render_tree_118.json
  → /Users/tsjang/rhwp/output/review-planet6897-6125-6153-6155-20260827/visual-sweep/issue5701-original-p76/issue5701-original-p76/render_tree/render_tree_119.json
  → /Users/tsjang/rhwp/output/review-planet6897-6125-6153-6155-20260827/visual-sweep/issue5701-original-p76/issue5701-original-p76/render_tree/render_tree_120.json
  → /Users/tsjang/rhwp/output/review-planet6897-6125-6153-6155-20260827/visual-sweep/issue5701-original-p76/issue5701-original-p76/render_tree/render_tree_121.json
  → /Users/tsjang/rhwp/output/review-planet6897-6125-6153-6155-20260827/visual-sweep/issue5701-original-p76/issue5701-original-p76/render_tree/render_tree_122.json
  → /Users/tsjang/rhwp/output/review-planet6897-6125-6153-6155-20260827/visual-sweep/issue5701-original-p76/issue5701-original-p76/render_tree/render_tree_123.json
  → /Users/tsjang/rhwp/output/review-planet6897-6125-6153-6155-20260827/visual-sweep/issue5701-original-p76/issue5701-original-p76/render_tree/render_tree_124.json
  → /Users/tsjang/rhwp/output/review-planet6897-6125-6153-6155-20260827/visual-sweep/issue5701-original-p76/issue5701-original-p76/render_tree/render_tree_125.json
  → /Users/tsjang/rhwp/output/review-planet6897-6125-6153-6155-20260827/visual-sweep/issue5701-original-p76/issue5701-original-p76/render_tree/render_tree_126.json
  → /Users/tsjang/rhwp/output/review-planet6897-6125-6153-6155-20260827/visual-sweep/issue5701-original-p76/issue5701-original-p76/render_tree/render_tree_127.json
  → /Users/tsjang/rhwp/output/review-planet6897-6125-6153-6155-20260827/visual-sweep/issue5701-original-p76/issue5701-original-p76/render_tree/render_tree_128.json
  → /Users/tsjang/rhwp/output/review-planet6897-6125-6153-6155-20260827/visual-sweep/issue5701-original-p76/issue5701-original-p76/render_tree/render_tree_129.json
  → /Users/tsjang/rhwp/output/review-planet6897-6125-6153-6155-20260827/visual-sweep/issue5701-original-p76/issue5701-original-p76/render_tree/render_tree_130.json
  → /Users/tsjang/rhwp/output/review-planet6897-6125-6153-6155-20260827/visual-sweep/issue5701-original-p76/issue5701-original-p76/render_tree/render_tree_131.json
  → /Users/tsjang/rhwp/output/review-planet6897-6125-6153-6155-20260827/visual-sweep/issue5701-original-p76/issue5701-original-p76/render_tree/render_tree_132.json
  → /Users/tsjang/rhwp/output/review-planet6897-6125-6153-6155-20260827/visual-sweep/issue5701-original-p76/issue5701-original-p76/render_tree/render_tree_133.json
  → /Users/tsjang/rhwp/output/review-planet6897-6125-6153-6155-20260827/visual-sweep/issue5701-original-p76/issue5701-original-p76/render_tree/render_tree_134.json
  → /Users/tsjang/rhwp/output/review-planet6897-6125-6153-6155-20260827/visual-sweep/issue5701-original-p76/issue5701-original-p76/render_tree/render_tree_135.json
  → /Users/tsjang/rhwp/output/review-planet6897-6125-6153-6155-20260827/visual-sweep/issue5701-original-p76/issue5701-original-p76/render_tree/render_tree_136.json
  → /Users/tsjang/rhwp/output/review-planet6897-6125-6153-6155-20260827/visual-sweep/issue5701-original-p76/issue5701-original-p76/render_tree/render_tree_137.json
  → /Users/tsjang/rhwp/output/review-planet6897-6125-6153-6155-20260827/visual-sweep/issue5701-original-p76/issue5701-original-p76/render_tree/render_tree_138.json
  → /Users/tsjang/rhwp/output/review-planet6897-6125-6153-6155-20260827/visual-sweep/issue5701-original-p76/issue5701-original-p76/render_tree/render_tree_139.json
  → /Users/tsjang/rhwp/output/review-planet6897-6125-6153-6155-20260827/visual-sweep/issue5701-original-p76/issue5701-original-p76/render_tree/render_tree_140.json
  → /Users/tsjang/rhwp/output/review-planet6897-6125-6153-6155-20260827/visual-sweep/issue5701-original-p76/issue5701-original-p76/render_tree/render_tree_141.json
  → /Users/tsjang/rhwp/output/review-planet6897-6125-6153-6155-20260827/visual-sweep/issue5701-original-p76/issue5701-original-p76/render_tree/render_tree_142.json
  → /Users/tsjang/rhwp/output/review-planet6897-6125-6153-6155-20260827/visual-sweep/issue5701-original-p76/issue5701-original-p76/render_tree/render_tree_143.json
  → /Users/tsjang/rhwp/output/review-planet6897-6125-6153-6155-20260827/visual-sweep/issue5701-original-p76/issue5701-original-p76/render_tree/render_tree_144.json
  → /Users/tsjang/rhwp/output/review-planet6897-6125-6153-6155-20260827/visual-sweep/issue5701-original-p76/issue5701-original-p76/render_tree/render_tree_145.json
  → /Users/tsjang/rhwp/output/review-planet6897-6125-6153-6155-20260827/visual-sweep/issue5701-original-p76/issue5701-original-p76/render_tree/render_tree_146.json
  → /Users/tsjang/rhwp/output/review-planet6897-6125-6153-6155-20260827/visual-sweep/issue5701-original-p76/issue5701-original-p76/render_tree/render_tree_147.json
  → /Users/tsjang/rhwp/output/review-planet6897-6125-6153-6155-20260827/visual-sweep/issue5701-original-p76/issue5701-original-p76/render_tree/render_tree_148.json
  → /Users/tsjang/rhwp/output/review-planet6897-6125-6153-6155-20260827/visual-sweep/issue5701-original-p76/issue5701-original-p76/render_tree/render_tree_149.json
  → /Users/tsjang/rhwp/output/review-planet6897-6125-6153-6155-20260827/visual-sweep/issue5701-original-p76/issue5701-original-p76/render_tree/render_tree_150.json
  → /Users/tsjang/rhwp/output/review-planet6897-6125-6153-6155-20260827/visual-sweep/issue5701-original-p76/issue5701-original-p76/render_tree/render_tree_151.json
  → /Users/tsjang/rhwp/output/review-planet6897-6125-6153-6155-20260827/visual-sweep/issue5701-original-p76/issue5701-original-p76/render_tree/render_tree_152.json
  → /Users/tsjang/rhwp/output/review-planet6897-6125-6153-6155-20260827/visual-sweep/issue5701-original-p76/issue5701-original-p76/render_tree/render_tree_153.json
  → /Users/tsjang/rhwp/output/review-planet6897-6125-6153-6155-20260827/visual-sweep/issue5701-original-p76/issue5701-original-p76/render_tree/render_tree_154.json
  → /Users/tsjang/rhwp/output/review-planet6897-6125-6153-6155-20260827/visual-sweep/issue5701-original-p76/issue5701-original-p76/render_tree/render_tree_155.json
  → /Users/tsjang/rhwp/output/review-planet6897-6125-6153-6155-20260827/visual-sweep/issue5701-original-p76/issue5701-original-p76/render_tree/render_tree_156.json
  → /Users/tsjang/rhwp/output/review-planet6897-6125-6153-6155-20260827/visual-sweep/issue5701-original-p76/issue5701-original-p76/render_tree/render_tree_157.json
  → /Users/tsjang/rhwp/output/review-planet6897-6125-6153-6155-20260827/visual-sweep/issue5701-original-p76/issue5701-original-p76/render_tree/render_tree_158.json
  → /Users/tsjang/rhwp/output/review-planet6897-6125-6153-6155-20260827/visual-sweep/issue5701-original-p76/issue5701-original-p76/render_tree/render_tree_159.json
  → /Users/tsjang/rhwp/output/review-planet6897-6125-6153-6155-20260827/visual-sweep/issue5701-original-p76/issue5701-original-p76/render_tree/render_tree_160.json
  → /Users/tsjang/rhwp/output/review-planet6897-6125-6153-6155-20260827/visual-sweep/issue5701-original-p76/issue5701-original-p76/render_tree/render_tree_161.json
  → /Users/tsjang/rhwp/output/review-planet6897-6125-6153-6155-20260827/visual-sweep/issue5701-original-p76/issue5701-original-p76/render_tree/render_tree_162.json
  → /Users/tsjang/rhwp/output/review-planet6897-6125-6153-6155-20260827/visual-sweep/issue5701-original-p76/issue5701-original-p76/render_tree/render_tree_163.json
  → /Users/tsjang/rhwp/output/review-planet6897-6125-6153-6155-20260827/visual-sweep/issue5701-original-p76/issue5701-original-p76/render_tree/render_tree_164.json
  → /Users/tsjang/rhwp/output/review-planet6897-6125-6153-6155-20260827/visual-sweep/issue5701-original-p76/issue5701-original-p76/render_tree/render_tree_165.json
  → /Users/tsjang/rhwp/output/review-planet6897-6125-6153-6155-20260827/visual-sweep/issue5701-original-p76/issue5701-original-p76/render_tree/render_tree_166.json
  → /Users/tsjang/rhwp/output/review-planet6897-6125-6153-6155-20260827/visual-sweep/issue5701-original-p76/issue5701-original-p76/render_tree/render_tree_167.json
  → /Users/tsjang/rhwp/output/review-planet6897-6125-6153-6155-20260827/visual-sweep/issue5701-original-p76/issue5701-original-p76/render_tree/render_tree_168.json
  → /Users/tsjang/rhwp/output/review-planet6897-6125-6153-6155-20260827/visual-sweep/issue5701-original-p76/issue5701-original-p76/render_tree/render_tree_169.json
  → /Users/tsjang/rhwp/output/review-planet6897-6125-6153-6155-20260827/visual-sweep/issue5701-original-p76/issue5701-original-p76/render_tree/render_tree_170.json
  → /Users/tsjang/rhwp/output/review-planet6897-6125-6153-6155-20260827/visual-sweep/issue5701-original-p76/issue5701-original-p76/render_tree/render_tree_171.json
  → /Users/tsjang/rhwp/output/review-planet6897-6125-6153-6155-20260827/visual-sweep/issue5701-original-p76/issue5701-original-p76/render_tree/render_tree_172.json
  → /Users/tsjang/rhwp/output/review-planet6897-6125-6153-6155-20260827/visual-sweep/issue5701-original-p76/issue5701-original-p76/render_tree/render_tree_173.json
  → /Users/tsjang/rhwp/output/review-planet6897-6125-6153-6155-20260827/visual-sweep/issue5701-original-p76/issue5701-original-p76/render_tree/render_tree_174.json
  → /Users/tsjang/rhwp/output/review-planet6897-6125-6153-6155-20260827/visual-sweep/issue5701-original-p76/issue5701-original-p76/render_tree/render_tree_175.json
  → /Users/tsjang/rhwp/output/review-planet6897-6125-6153-6155-20260827/visual-sweep/issue5701-original-p76/issue5701-original-p76/render_tree/render_tree_176.json
  → /Users/tsjang/rhwp/output/review-planet6897-6125-6153-6155-20260827/visual-sweep/issue5701-original-p76/issue5701-original-p76/render_tree/render_tree_177.json
  → /Users/tsjang/rhwp/output/review-planet6897-6125-6153-6155-20260827/visual-sweep/issue5701-original-p76/issue5701-original-p76/render_tree/render_tree_178.json
  → /Users/tsjang/rhwp/output/review-planet6897-6125-6153-6155-20260827/visual-sweep/issue5701-original-p76/issue5701-original-p76/render_tree/render_tree_179.json
  → /Users/tsjang/rhwp/output/review-planet6897-6125-6153-6155-20260827/visual-sweep/issue5701-original-p76/issue5701-original-p76/render_tree/render_tree_180.json
  → /Users/tsjang/rhwp/output/review-planet6897-6125-6153-6155-20260827/visual-sweep/issue5701-original-p76/issue5701-original-p76/render_tree/render_tree_181.json
  → /Users/tsjang/rhwp/output/review-planet6897-6125-6153-6155-20260827/visual-sweep/issue5701-original-p76/issue5701-original-p76/render_tree/render_tree_182.json
  → /Users/tsjang/rhwp/output/review-planet6897-6125-6153-6155-20260827/visual-sweep/issue5701-original-p76/issue5701-original-p76/render_tree/render_tree_183.json
  → /Users/tsjang/rhwp/output/review-planet6897-6125-6153-6155-20260827/visual-sweep/issue5701-original-p76/issue5701-original-p76/render_tree/render_tree_184.json
  → /Users/tsjang/rhwp/output/review-planet6897-6125-6153-6155-20260827/visual-sweep/issue5701-original-p76/issue5701-original-p76/render_tree/render_tree_185.json
  → /Users/tsjang/rhwp/output/review-planet6897-6125-6153-6155-20260827/visual-sweep/issue5701-original-p76/issue5701-original-p76/render_tree/render_tree_186.json
  → /Users/tsjang/rhwp/output/review-planet6897-6125-6153-6155-20260827/visual-sweep/issue5701-original-p76/issue5701-original-p76/render_tree/render_tree_187.json
  → /Users/tsjang/rhwp/output/review-planet6897-6125-6153-6155-20260827/visual-sweep/issue5701-original-p76/issue5701-original-p76/render_tree/render_tree_188.json
  → /Users/tsjang/rhwp/output/review-planet6897-6125-6153-6155-20260827/visual-sweep/issue5701-original-p76/issue5701-original-p76/render_tree/render_tree_189.json
  → /Users/tsjang/rhwp/output/review-planet6897-6125-6153-6155-20260827/visual-sweep/issue5701-original-p76/issue5701-original-p76/render_tree/render_tree_190.json
  → /Users/tsjang/rhwp/output/review-planet6897-6125-6153-6155-20260827/visual-sweep/issue5701-original-p76/issue5701-original-p76/render_tree/render_tree_191.json
  → /Users/tsjang/rhwp/output/review-planet6897-6125-6153-6155-20260827/visual-sweep/issue5701-original-p76/issue5701-original-p76/render_tree/render_tree_192.json
  → /Users/tsjang/rhwp/output/review-planet6897-6125-6153-6155-20260827/visual-sweep/issue5701-original-p76/issue5701-original-p76/render_tree/render_tree_193.json
  → /Users/tsjang/rhwp/output/review-planet6897-6125-6153-6155-20260827/visual-sweep/issue5701-original-p76/issue5701-original-p76/render_tree/render_tree_194.json
  → /Users/tsjang/rhwp/output/review-planet6897-6125-6153-6155-20260827/visual-sweep/issue5701-original-p76/issue5701-original-p76/render_tree/render_tree_195.json
  → /Users/tsjang/rhwp/output/review-planet6897-6125-6153-6155-20260827/visual-sweep/issue5701-original-p76/issue5701-original-p76/render_tree/render_tree_196.json
  → /Users/tsjang/rhwp/output/review-planet6897-6125-6153-6155-20260827/visual-sweep/issue5701-original-p76/issue5701-original-p76/render_tree/render_tree_197.json
  → /Users/tsjang/rhwp/output/review-planet6897-6125-6153-6155-20260827/visual-sweep/issue5701-original-p76/issue5701-original-p76/render_tree/render_tree_198.json
  → /Users/tsjang/rhwp/output/review-planet6897-6125-6153-6155-20260827/visual-sweep/issue5701-original-p76/issue5701-original-p76/render_tree/render_tree_199.json
  → /Users/tsjang/rhwp/output/review-planet6897-6125-6153-6155-20260827/visual-sweep/issue5701-original-p76/issue5701-original-p76/render_tree/render_tree_200.json
  → /Users/tsjang/rhwp/output/review-planet6897-6125-6153-6155-20260827/visual-sweep/issue5701-original-p76/issue5701-original-p76/render_tree/render_tree_201.json
  → /Users/tsjang/rhwp/output/review-planet6897-6125-6153-6155-20260827/visual-sweep/issue5701-original-p76/issue5701-original-p76/render_tree/render_tree_202.json
  → /Users/tsjang/rhwp/output/review-planet6897-6125-6153-6155-20260827/visual-sweep/issue5701-original-p76/issue5701-original-p76/render_tree/render_tree_203.json
  → /Users/tsjang/rhwp/output/review-planet6897-6125-6153-6155-20260827/visual-sweep/issue5701-original-p76/issue5701-original-p76/render_tree/render_tree_204.json
  → /Users/tsjang/rhwp/output/review-planet6897-6125-6153-6155-20260827/visual-sweep/issue5701-original-p76/issue5701-original-p76/render_tree/render_tree_205.json
  → /Users/tsjang/rhwp/output/review-planet6897-6125-6153-6155-20260827/visual-sweep/issue5701-original-p76/issue5701-original-p76/render_tree/render_tree_206.json
내보내기 완료: 206개 render tree JSON 파일 → /Users/tsjang/rhwp/output/review-planet6897-6125-6153-6155-20260827/visual-sweep/issue5701-original-p76/issue5701-original-p76/render_tree/
LAYOUT_OVERFLOW_DRAW: section=0 pi=150 line=1 y=1017.9 col_bottom=1009.1 overflow=8.7px
LAYOUT_OVERFLOW: page=12, sec=0, col=0, para=150, type=PartialParagraph, first=false, y=1017.9, bottom=1009.1, overflow=8.7px
LAYOUT_OVERFLOW_DRAW: section=1 pi=141 line=2 y=1010.1 col_bottom=1009.1 overflow=1.0px
LAYOUT_OVERFLOW_DRAW: section=1 pi=141 line=3 y=1038.9 col_bottom=1009.1 overflow=29.8px
LAYOUT_OVERFLOW: page=12, sec=1, col=0, para=141, type=PartialParagraph, first=false, y=1038.9, bottom=1009.1, overflow=29.8px
LAYOUT_OVERFLOW_DRAW: section=1 pi=240 line=1 y=1028.9 col_bottom=1009.1 overflow=19.7px
LAYOUT_OVERFLOW: page=27, sec=1, col=0, para=240, type=FullParagraph, first=false, y=1028.9, bottom=1009.1, overflow=19.7px
LAYOUT_OVERFLOW: page=27, sec=1, col=0, para=240, type=Shape, first=false, y=1043.9, bottom=1009.1, overflow=34.8px
LAYOUT_OVERFLOW_DRAW: section=1 pi=241 line=0 y=1060.9 col_bottom=1009.1 overflow=51.7px
LAYOUT_OVERFLOW: page=27, sec=1, col=0, para=241, type=FullParagraph, first=false, y=1060.9, bottom=1009.1, overflow=51.7px
LAYOUT_OVERFLOW_DRAW: section=1 pi=254 line=1 y=1012.3 col_bottom=1009.1 overflow=3.1px
LAYOUT_OVERFLOW: page=28, sec=1, col=0, para=254, type=PartialParagraph, first=false, y=1012.3, bottom=1009.1, overflow=3.1px
LAYOUT_OVERFLOW_DRAW: section=1 pi=491 line=3 y=1037.0 col_bottom=1009.1 overflow=27.9px
LAYOUT_OVERFLOW_DRAW: section=1 pi=491 line=4 y=1069.0 col_bottom=1009.1 overflow=59.9px
LAYOUT_OVERFLOW_DRAW: section=1 pi=491 line=5 y=1101.0 col_bottom=1009.1 overflow=91.9px
LAYOUT_OVERFLOW_DRAW: section=1 pi=491 line=6 y=1133.0 col_bottom=1009.1 overflow=123.9px
LAYOUT_OVERFLOW_DRAW: section=1 pi=491 line=7 y=1165.0 col_bottom=1009.1 overflow=155.9px
LAYOUT_OVERFLOW: page=52, sec=1, col=0, para=491, type=PartialParagraph, first=false, y=1165.0, bottom=1009.1, overflow=155.9px
LAYOUT_OVERFLOW: page=75, sec=1, col=0, para=699, type=Table, first=false, y=1015.4, bottom=1009.1, overflow=6.3px
LAYOUT_OVERFLOW: page=103, sec=1, col=0, para=919, type=PartialTable, first=false, y=1027.3, bottom=1009.1, overflow=18.1px
LAYOUT_OVERFLOW_DRAW: section=1 pi=997 line=2 y=1012.3 col_bottom=1009.1 overflow=3.1px
LAYOUT_OVERFLOW: page=111, sec=1, col=0, para=997, type=FullParagraph, first=false, y=1012.3, bottom=1009.1, overflow=3.1px
LAYOUT_OVERFLOW_DRAW: section=1 pi=1147 line=0 y=1026.4 col_bottom=1009.1 overflow=17.2px
LAYOUT_OVERFLOW: page=124, sec=1, col=0, para=1147, type=PartialParagraph, first=false, y=1026.4, bottom=1009.1, overflow=17.2px
LAYOUT_OVERFLOW_DRAW: section=1 pi=1158 line=1 y=1016.8 col_bottom=1009.1 overflow=7.6px
LAYOUT_OVERFLOW: page=125, sec=1, col=0, para=1158, type=PartialParagraph, first=false, y=1016.8, bottom=1009.1, overflow=7.6px
LAYOUT_OVERFLOW_DRAW: section=1 pi=1174 line=1 y=1011.1 col_bottom=1009.1 overflow=1.9px
LAYOUT_OVERFLOW: page=127, sec=1, col=0, para=1181, type=Shape, first=false, y=1022.1, bottom=1009.1, overflow=13.0px
LAYOUT_OVERFLOW_DRAW: section=1 pi=1207 line=0 y=1014.1 col_bottom=1009.1 overflow=4.9px
LAYOUT_OVERFLOW: page=131, sec=1, col=0, para=1207, type=FullParagraph, first=false, y=1014.1, bottom=1009.1, overflow=4.9px
LAYOUT_OVERFLOW: page=131, sec=1, col=0, para=1207, type=Shape, first=false, y=1014.1, bottom=1009.1, overflow=4.9px
LAYOUT_OVERFLOW: page=131, sec=1, col=0, para=1208, type=FullParagraph, first=false, y=1026.9, bottom=1009.1, overflow=17.7px
